{"ts":"2026-04-01T19:22:05.086Z","event":"HEARTBEAT","stage":"main_begin","task_id":"260330_032","sample":"cancel_decision_emission_fix_v1","allowed_samples":["cancel_decision_emission_fix_v1"],"heartbeat_log":"rules\\task-reports\\2026-03\\260330_032_truth_audit_cancel_decision_emission_fix_260330_031.heartbeat.log"}
{"ts":"2026-04-01T19:22:05.090Z","event":"HEARTBEAT","stage":"start_server_begin","port":53231}
{"ts":"2026-04-01T19:22:05.099Z","event":"HEARTBEAT","stage":"wait_server_ready","elapsed_ms":0,"timeout_ms":45000}
{"ts":"2026-04-01T19:22:05.414Z","event":"HEARTBEAT","stage":"start_server_ready","port":53231}
{"ts":"2026-04-01T19:22:05.419Z","event":"HEARTBEAT","stage":"down_scenario_begin","inject_restart":true}
{"ts":"2026-04-01T19:22:06.293Z","event":"HEARTBEAT","stage":"down_scenario_wait_band","inject_restart":true,"remaining_sec":173,"window_id":"btc-updown-5m-1775071200"}
{"ts":"2026-04-01T19:23:14.492Z","event":"HEARTBEAT","stage":"down_scenario_wait_band","inject_restart":true,"remaining_sec":105,"window_id":"btc-updown-5m-1775071200"}
{"ts":"2026-04-01T19:23:40.005Z","event":"HEARTBEAT","stage":"down_scenario_running","inject_restart":true,"elapsed_ms":94586,"iteration":12,"remaining_sec":80,"tracked_no_order_id":"paper_62606315","threshold_crossed":false}
{"ts":"2026-04-01T19:24:01.044Z","event":"HEARTBEAT","stage":"down_scenario_early_exit","inject_restart":true,"exit_code":"EARLY_EXIT_PASS_EVIDENCE_READY","tracked_no_order_id":"paper_62606315"}
{"ts":"2026-04-01T19:24:01.050Z","event":"HEARTBEAT","stage":"down_scenario_end","inject_restart":true,"exit_code":"EARLY_EXIT_PASS_EVIDENCE_READY","tracked_no_order_id":"paper_62606315","cancel_open_no_emitted":true,"cancel_execution_seen":true}
{"ts":"2026-04-01T19:24:01.050Z","event":"HEARTBEAT","stage":"down_scenario_begin","inject_restart":false}
{"ts":"2026-04-01T19:24:01.325Z","event":"HEARTBEAT","stage":"down_scenario_wait_band","inject_restart":false,"remaining_sec":58,"window_id":"btc-updown-5m-1775071200"}
{"ts":"2026-04-01T19:24:26.710Z","event":"HEARTBEAT","stage":"down_scenario_wait_band","inject_restart":false,"remaining_sec":33,"window_id":"btc-updown-5m-1775071200"}
{"ts":"2026-04-01T19:24:51.870Z","event":"HEARTBEAT","stage":"down_scenario_wait_band","inject_restart":false,"remaining_sec":8,"window_id":"btc-updown-5m-1775071200"}
{"ts":"2026-04-01T19:25:17.663Z","event":"HEARTBEAT","stage":"down_scenario_wait_band","inject_restart":false,"remaining_sec":282,"window_id":"btc-updown-5m-1775071500"}
{"ts":"2026-04-01T19:25:44.450Z","event":"HEARTBEAT","stage":"down_scenario_wait_band","inject_restart":false,"remaining_sec":255,"window_id":"btc-updown-5m-1775071500"}
{"ts":"2026-04-01T19:26:10.232Z","event":"HEARTBEAT","stage":"down_scenario_wait_band","inject_restart":false,"remaining_sec":229,"window_id":"btc-updown-5m-1775071500"}
{"ts":"2026-04-01T19:26:35.391Z","event":"HEARTBEAT","stage":"down_scenario_wait_band","inject_restart":false,"remaining_sec":204,"window_id":"btc-updown-5m-1775071500"}
{"ts":"2026-04-01T19:27:01.157Z","event":"HEARTBEAT","stage":"down_scenario_wait_band","inject_restart":false,"remaining_sec":178,"window_id":"btc-updown-5m-1775071500"}
{"ts":"2026-04-01T19:27:26.763Z","event":"HEARTBEAT","stage":"down_scenario_wait_band","inject_restart":false,"remaining_sec":153,"window_id":"btc-updown-5m-1775071500"}
{"ts":"2026-04-01T19:27:52.350Z","event":"HEARTBEAT","stage":"down_scenario_wait_band","inject_restart":false,"remaining_sec":127,"window_id":"btc-updown-5m-1775071500"}
{"ts":"2026-04-01T19:28:17.924Z","event":"HEARTBEAT","stage":"down_scenario_wait_band","inject_restart":false,"remaining_sec":102,"window_id":"btc-updown-5m-1775071500"}
{"ts":"2026-04-01T19:28:47.071Z","event":"HEARTBEAT","stage":"down_scenario_running","inject_restart":false,"elapsed_ms":286021,"iteration":3,"remaining_sec":76,"tracked_no_order_id":"paper_75c5613c","threshold_crossed":false}
{"ts":"2026-04-01T19:29:00.441Z","event":"HEARTBEAT","stage":"down_scenario_early_exit","inject_restart":false,"exit_code":"EARLY_EXIT_PASS_EVIDENCE_READY","tracked_no_order_id":"paper_75c5613c"}
{"ts":"2026-04-01T19:29:00.447Z","event":"HEARTBEAT","stage":"down_scenario_end","inject_restart":false,"exit_code":"EARLY_EXIT_PASS_EVIDENCE_READY","tracked_no_order_id":"paper_75c5613c","cancel_open_no_emitted":true,"cancel_execution_seen":true}
