[Gate Light] DEBUG: Checking LATEST.json at E:\OppRadar\rules\LATEST.json
[Gate Light] Target locked via argument: 260307_015
PR_TASK_ID_DETECTED=260307_015
TARGET_TASK_ID=260307_015
LATEST_TASK_ID=260307_015
[Gate Light] LATEST.json consistency verified.
[Gate Light] Verifying task_id: 260307_015
[Gate Light] Running Automation Pack V1 Hard Guards...
[Gate Light] Report Block Check Passed: notify_260307_015.txt
[Gate Light] Report Block Check Passed: trae_report_snippet_260307_015.txt
[Gate Light] Header Check Passed: TraeTask_260307_015
[Gate Light] Checking Workspace Healer Evidence...
[Gate Light] Workspace Healer verified (Clean Environment).
[Gate Light] Skipping Error Digest Validation (Preview Mode).
[Gate Light] Checking doc path standards...
[Gate Light] Doc path standards verified.
[Gate Light] Checking for legacy doc path references...
[CheckDocPathRefs] Scanning for legacy doc path references...
[CheckDocPathRefs] PASS: No legacy doc path references found.
[Gate Light] Checking for banned cmd syntax in PowerShell scripts...
Starting static scan for banned cmd syntax in .ps1 files...
Scanning targets: scripts/run_task.ps1, scripts/test_fail_budget.ps1, scripts/ps/Invoke-Step.ps1
Static scan PASSED.
[Gate Light] Checking for global healthcheck artifacts...
[Gate Light] Global Artifact Guard verified.
[Gate Light] Checking News Pull API Contract...
[Contract Check] Loading schema from: E:\OppRadar\OppRadar\contracts\news_pull_response.schema.json
[Contract Check] Validating Success Sample...
PASS
[Contract Check] Validating Error Sample...
PASS
[Contract Check] All samples validated against schema.
[Gate Light] Checking Rank V2 API Contract...
=== Rank V2 Contract Verification ===
Schema loaded.
Server already running.
Fetching http://localhost:53122/opportunities/rank_v2?provider=mock&limit=5&run_id=verify_rank_v2...
Received 3 items.
Validating against schema...
Schema Validation PASSED.
Response Hash: 12827176
::set-output name=rank_v2_hash::12827176
VERIFICATION_SUCCESS
[Gate Light] Checking Export V1 API Contract...
=== Export V1 Contract Verification ===
Schema loaded.
Server already running.
Generating Run assets via http://localhost:53122/scans/run...
Run assets generated. Run ID: sc_25c4c39d
Fetching Export: http://localhost:53122/opportunities/runs/export_v1?run_id=sc_25c4c39d...
Received Export JSON.
Validating against schema...
Export Schema Validation PASSED.
Export Hash: d443b12d
::set-output name=export_v1_hash::d443b12d
EXPORT_CONTRACT_VERIFICATION_SUCCESS
[Gate Light] Checking Ledger V0 API Contract...
=== Ledger V0 Contract Verification ===
Schema loaded.
Server already running.
Fetching /opportunities/ledger/query_v0?limit=1...
Validating against schema...
Validation PASSED.
[Gate Light] Checking Scanner API Contract...
[Gate Light] Scanner runs contract: PASS
[Gate Light] Checking Universe API Contract...
[Gate Light] Universe runs contract: PASS
[Gate Light] Checking Trading Routes API Contract...
[Gate Light] Trading orders contract: PASS
[Gate Light] Trading orders 404 contract: PASS
[Gate Light] Trading kill contract: PASS
[Gate Light] Checking healthcheck evidence...
[Gate Light] Using evidence directory: E:\OppRadar\rules\task-reports\2026-03
[Gate Light] Healthcheck evidence verified (Path + Content).
[Gate Light] Skipping DoD Evidence Excerpt Check (Preview Mode).
[Gate Light] Checking Deletion Audit (Locks & Runs)...
[Gate Light] Deletion Audit: No lock/index yet (Assuming Pre-Integrate or First Run in progress).
[Gate Light] Checking No Auto-Merge (Git Forbidden Commands)...
[Gate Light] No Auto-Merge verified.
[Gate Light] Checking Workflow Hardening (NoHistoricalEvidenceTouch & SnippetCommitMustMatch)...
[Gate Light] Fetching origin/main history for diff context...
[Gate Light] Allowed legacy task_id (transition): 260307_014
[Gate Light] NoHistoricalEvidenceTouch verified.
[Gate Light] Skipping SnippetCommitMustMatch check (Preview Mode).
[Gate Light] Checking Rank V2 Contract Version Guard...
[Gate Light] Base Commit: f345ca1fe8ca23171eaa6941cc52503f029ec613
[Gate Light] Schema Unchanged (3bd83a08). Version check skipped.
[Gate Light] Rank V2 Contract Version Guard PASS
[Gate Light] Checking Immutable Integrate & SafeCmd Enforcement...
[Gate Light] Immutable Integrate & SafeCmd Enforcement verified.
[Gate Light] Checking Scope Lock...
[Gate Light] Scope Lock verified (27 files, all within scope).
[Gate Light] BTCQDD Healthcheck: PASS
[Gate Light] Skipping Postflight Envelope Validation (Preview Mode).
[Gate Light] PASS
GATE_LIGHT_EXIT=0

