[Gate Light] DEBUG: Checking LATEST.json at E:\OppRadar\rules\LATEST.json
[Gate Light] Attempting to detect task_id from git diff...
[Gate Light] Checking for Evidence WORM Violations...
[Gate Light] WORM Check Passed.
[Gate Light] Target defaulting to LATEST.json: 260307_009
PR_TASK_ID_DETECTED=NONE
TARGET_TASK_ID=260307_009
LATEST_TASK_ID=260307_009
[Gate Light] Verifying task_id: 260307_009
[Gate Light] Running Automation Pack V1 Hard Guards...
[Gate Light] Checking Workspace Healer Evidence...
[Gate Light] Checking Error Digest Evidence (warn-only)...
[Gate Light] Checking doc path standards...
[Gate Light] Doc path standards verified.
[Gate Light] Checking for legacy doc path references...
[CheckDocPathRefs] Scanning for legacy doc path references...
[CheckDocPathRefs] PASS: No legacy doc path references found.
[Gate Light] Checking for banned cmd syntax in PowerShell scripts...
Starting static scan for banned cmd syntax in .ps1 files...
Scanning targets: scripts/run_task.ps1, scripts/test_fail_budget.ps1, scripts/ps/Invoke-Step.ps1
Static scan PASSED.
[Gate Light] Checking for global healthcheck artifacts...
[Gate Light] Global Artifact Guard verified.
[Gate Light] Checking News Pull API Contract...
[Contract Check] Loading schema from: E:\OppRadar\OppRadar\contracts\news_pull_response.schema.json
[Contract Check] Validating Success Sample...
PASS
[Contract Check] Validating Error Sample...
PASS
[Contract Check] All samples validated against schema.
[Gate Light] Checking Rank V2 API Contract...
=== Rank V2 Contract Verification ===
Schema loaded.
Server already running.
Fetching http://localhost:53122/opportunities/rank_v2?provider=mock&limit=5&run_id=verify_rank_v2...
Received 3 items.
Validating against schema...
Schema Validation PASSED.
Response Hash: 12827176
::set-output name=rank_v2_hash::12827176
VERIFICATION_SUCCESS
[Gate Light] Checking Export V1 API Contract...
=== Export V1 Contract Verification ===
Schema loaded.
Server already running.
Generating Run assets via http://localhost:53122/scans/run...
Run assets generated. Run ID: sc_4705ec1b
Fetching Export: http://localhost:53122/opportunities/runs/export_v1?run_id=sc_4705ec1b...
Received Export JSON.
Validating against schema...
Export Schema Validation PASSED.
Export Hash: 044932ab
::set-output name=export_v1_hash::044932ab
EXPORT_CONTRACT_VERIFICATION_SUCCESS
[Gate Light] Checking Ledger V0 API Contract...
=== Ledger V0 Contract Verification ===
Schema loaded.
Server already running.
Fetching /opportunities/ledger/query_v0?limit=1...
Validating against schema...
Validation PASSED.
[Gate Light] Checking Scanner API Contract...
[Gate Light] Scanner runs contract: PASS
[Gate Light] Checking Universe API Contract...
[Gate Light] Universe runs contract: PASS
[Gate Light] Checking Trading Routes API Contract...
[Gate Light] Trading orders contract: PASS
[Gate Light] Trading orders 404 contract: PASS
[Gate Light] Trading kill contract: PASS
[Gate Light] Checking healthcheck evidence...
[Gate Light] Using evidence directory: rules\task-reports\2026-03
[Gate Light] WARNING: Workspace Healer evidence missing (push-to-main, no PR context). Skipping check.
[Gate Light] WARN: Error Digest files missing (non-blocking). JSONL=false, Summary=false
[Gate Light] Healthcheck Verification FAILED: Missing healthcheck file: rules\task-reports\2026-03\260307_009_healthcheck_53122_root.txt
Fix Suggestion: Use `curl.exe -s -i ... --output <path>` to generate readable ASCII text evidence.
FIX_CMD: curl.exe -s -i http://localhost:53122/ --output rules\task-reports\2026-03\260307_009_healthcheck_53122_root.txt && curl.exe -s -i http://localhost:53122/pairs --output rules\task-reports\2026-03\260307_009_healthcheck_53122_pairs.txt
Assertion failed: !(handle->flags & UV_HANDLE_CLOSING), file src\win\async.c, line 76
