**********************
Windows PowerShell 脚本开始
开始时间: 20260301002521
用户名: DESKTOP-BOHP945\ypdong
RunAs 用户: DESKTOP-BOHP945\ypdong
配置名称: 
计算机: DESKTOP-BOHP945 (Microsoft Windows NT 10.0.19045.0)
主机应用程序: C:\Windows\System32\WindowsPowerShell\v1.0\powershell.exe -Command & scripts\run_task.ps1 -TaskId 260301_001 -Mode Integrate -Header 'TraeTask_260301_001'
进程 ID: 3720
PSVersion: 5.1.19041.6456
PSEdition: Desktop
PSCompatibleVersions: 1.0, 2.0, 3.0, 4.0, 5.0, 5.1.19041.6456
BuildVersion: 10.0.19041.6456
CLRVersion: 4.0.30319.42000
WSManStackVersion: 3.0
PSRemotingProtocolVersion: 2.3
SerializationVersion: 1.1.0.1
**********************
已启动脚本，输出文件为 E:\OppRadar\rules\task-reports\2026-03\run_260301_001.log
>>> [RunTask] Step 1: Preflight
>>> [RunTask] Step: Preflight
[Preflight] Starting checks for TaskId: 260301_001 | Mode: Integrate | Header: TraeTask_260301_001
[Preflight] Header 'TraeTask_260301_001' => Execution Allowed.
[Preflight] Git Status: Clean | Branch: 260301_001
[Preflight] Git Status: Clean | Branch: 260301_001
[Preflight] WARNING: Artifact 'result_260301_001.json' already exists. Overwriting allowed in Dev/Integrate flow, but ensure this is intentional.
[Preflight] Checking Port 53122 Health...
[Preflight] Port 53122 is Healthy.
[Preflight] Attestation generated at: E:\OppRadar\rules\task-reports\2026-03\preflight_attestation_260301_001.json
[Preflight] PASS


>>> [RunTask] Step 1.1: Update LATEST.json
    Updated rules/LATEST.json to 260301_001
>>> [RunTask] Step 1.2: Open PR Guard
>>> [RunTask] Step: Open PR Guard
Wrote Open PR Guard evidence to E:\OppRadar\rules\task-reports\2026-03\open_pr_guard_260301_001.json


    Open PR Guard PASS. Output: E:\OppRadar\rules\task-reports\2026-03\open_pr_guard_260301_001.json
>>> [RunTask] Step 1.3: Contract Verification First
>>> [RunTask] Step: Contract Verification
[Contract First] Starting Early Contract Verification...
[Contract First] Verifying Rank V2 (/opportunities/rank_v2?limit=5&provider=mock)...
[Contract First] PASS: Rank V2
[Contract First] Verifying Export V1 (/opportunities/runs/export_v1?limit=5)...
[Contract First] PASS: Export V1
[Contract First] Verifying Ledger V0 (/opportunities/ledger/query_v0?limit=5)...
[Contract First] PASS: Ledger V0
[Contract First] All Contracts Verified Successfully.


>>> [RunTask] Step 1.5: Healthcheck Evidence
>>> [RunTask] Step: Healthcheck Root


>>> [RunTask] Step: Healthcheck Pairs


>>> [RunTask] Step 1.6: CI Parity Probe
>>> [RunTask] Step: CI Parity Probe
[CI Parity Probe] Running for task 260301_001 (JSON Mode)...
[CI Parity Probe] Evidence written to: E:\OppRadar\rules\task-reports\2026-03\ci_parity_260301_001.json
From https://github.com/dongyupeng2108-bot/OppOrder
 * branch              main       -> FETCH_HEAD


[State] GENERATING EVIDENCE...
>>> [RunTask] Step 2: Generate Evidence

STEP_TIMEOUT_SEC=120 step=Generate Evidence
>>> [RunTask] Step: Generate Evidence
Generating evidence for task 260301_001 in E:\OppRadar\rules\task-reports\2026-03
[CI Parity Probe] Running for task 260301_001 (JSON Mode)...
[CI Parity Probe] Evidence written to: E:\OppRadar\rules\task-reports\2026-03\ci_parity_260301_001.json
Evidence generation complete for 260301_001.
From https://github.com/dongyupeng2108-bot/OppOrder
 * branch              main       -> FETCH_HEAD


[State] VERIFYING (Pass 1)...
>>> [RunTask] Step 3: Pass 1 - Gate Light Preview
>>> [RunTask] Step: Pass 1 - Gate Light Preview
[Gate Light] DEBUG: Checking LATEST.json at E:\OppRadar\rules\LATEST.json
[Gate Light] Target locked via argument: 260301_001
PR_TASK_ID_DETECTED=260301_001
TARGET_TASK_ID=260301_001
LATEST_TASK_ID=260301_001
[Gate Light] LATEST.json consistency verified.
[Gate Light] Verifying task_id: 260301_001
[Gate Light] Running Automation Pack V1 Hard Guards...
[Gate Light] Checking Workspace Healer Evidence...
[Gate Light] Workspace Healer verified (Clean Environment).
[Gate Light] Checking CI Parity JSON Evidence...
[Gate Light] DEBUG: is_shallow_repository=true
[Gate Light] DEBUG: HEAD=decbdcbbf8c93316b5aa6be00b7340ef65da53c2
[Gate Light] DEBUG: git merge-base origin/main HEAD=7217aec76bf79780eef80438d01c3864f32258d5
[Gate Light] DETECTED SHALLOW CLONE. Attempting to unshallow (Fix Strategy A)...
[Gate Light] Unshallow command executed.
[Gate Light] CI Parity JSON Evidence verified.
[Gate Light] Skipping Error Digest Validation (Preview Mode).
[Gate Light] Checking doc path standards...
[Gate Light] Doc path standards verified.
[Gate Light] Checking for legacy doc path references...
[CheckDocPathRefs] Scanning for legacy doc path references...
[CheckDocPathRefs] PASS: No legacy doc path references found.
[Gate Light] Checking for banned cmd syntax in PowerShell scripts...
Starting static scan for banned cmd syntax in .ps1 files...
Scanning targets: scripts/run_task.ps1, scripts/test_fail_budget.ps1, scripts/ps/Invoke-Step.ps1
Static scan PASSED.
[Gate Light] Checking for global healthcheck artifacts...
[Gate Light] Global Artifact Guard verified.
[Gate Light] Checking News Pull API Contract...
[Contract Check] Loading schema from: E:\OppRadar\OppRadar\contracts\news_pull_response.schema.json
[Contract Check] Validating Success Sample...
PASS
[Contract Check] Validating Error Sample...
PASS
[Contract Check] All samples validated against schema.
[Gate Light] Checking Rank V2 API Contract...
=== Rank V2 Contract Verification ===
Schema loaded.
Server already running.
Fetching http://localhost:53122/opportunities/rank_v2?provider=mock&limit=5&run_id=verify_rank_v2...
Received 3 items.
Validating against schema...
Schema Validation PASSED.
Response Hash: 12827176
::set-output name=rank_v2_hash::12827176
VERIFICATION_SUCCESS
[Gate Light] Checking Export V1 API Contract...
=== Export V1 Contract Verification ===
Schema loaded.
Server already running.
Generating Run assets via http://localhost:53122/scans/run...
Run assets generated. Run ID: sc_48ad0475
Fetching Export: http://localhost:53122/opportunities/runs/export_v1?run_id=sc_48ad0475...
Received Export JSON.
Validating against schema...
Export Schema Validation PASSED.
Export Hash: ed763400
::set-output name=export_v1_hash::ed763400
EXPORT_CONTRACT_VERIFICATION_SUCCESS
[Gate Light] Checking Ledger V0 API Contract...
=== Ledger V0 Contract Verification ===
Schema loaded.
Server already running.
Fetching /opportunities/ledger/query_v0?limit=1...
Validating against schema...
Validation PASSED.
[Gate Light] Checking healthcheck evidence...
[Gate Light] Using evidence directory: E:\OppRadar\rules\task-reports\2026-03
[Gate Light] Healthcheck evidence verified (Path + Content).
[Gate Light] Skipping DoD Evidence Excerpt Check (Preview Mode).
[Gate Light] Checking Deletion Audit (Locks & Runs)...
[Gate Light] Deletion Audit: No lock/index yet (Assuming Pre-Integrate or First Run in progress).
[Gate Light] Checking No Auto-Merge (Git Forbidden Commands)...
[Gate Light] No Auto-Merge verified.
[Gate Light] Checking Evidence Truth & Sufficiency (Hardening Rule)...
[Gate Light] Skipping DoD Healthcheck marker check (Preview Mode).
[Gate Light] Skipping Evidence Truth check (Generation Mode).
[Gate Light] Evidence Truth & Sufficiency verified.
[Gate Light] Checking CI Parity Preview...
[Gate Light] Checking Workflow Hardening (NoHistoricalEvidenceTouch & SnippetCommitMustMatch)...
[Gate Light] Fetching origin/main history for diff context...
[Gate Light] Allowed legacy task_id (transition): 260228_016
[Gate Light] NoHistoricalEvidenceTouch verified.
[Gate Light] Skipping SnippetCommitMustMatch check (Preview Mode).
[Gate Light] Skipping GATE_LIGHT_EXIT Mechanism check (Preview Mode).
[Gate Light] Skipping Evidence Truth & Consistency check (Preview Mode).
[Gate Light] Checking Rank V2 Contract Version Guard...
[Gate Light] Base Commit: 7217aec76bf79780eef80438d01c3864f32258d5
[Gate Light] Schema Unchanged (3bd83a08). Version check skipped.
[Gate Light] Rank V2 Contract Version Guard PASS
[Gate Light] Checking Immutable Integrate & SafeCmd Enforcement...
[Gate Light] Immutable Integrate & SafeCmd Enforcement verified.
[Gate Light] Checking Two-Pass Evidence Truth & No Auto-Merge...
[Gate Light] Two-Pass Evidence Truth & No Auto-Merge verified.
[Gate Light] Skipping Postflight Envelope Validation (Preview Mode).
[Gate Light] PASS
GATE_LIGHT_EXIT=0
From https://github.com/dongyupeng2108-bot/OppOrder
 * branch              main       -> FETCH_HEAD


    Preview Log: E:\OppRadar\rules\task-reports\2026-03\gate_light_preview_260301_001.log
>>> [RunTask] Step 3.5: Error Digest (Pass 1)
>>> [RunTask] Generated Run ID: 20260301002545_decbdcb
>>> [RunTask] Step: Error Digest (Pass 1)
[ErrorDigest] Wrote NO_ERROR record to E:\OppRadar\rules\task-reports\2026-03\errors_260301_001.jsonl
[ErrorDigest] Wrote summary to E:\OppRadar\rules\task-reports\2026-03\errors_summary_260301_001.txt


>>> [RunTask] Step 3.6: Append Error Stats (Pass 1)
>>> [RunTask] Step: Append Error Stats
Appended 1 records to rules/task-reports/index/error_stats.jsonl


>>> [RunTask] Step 3.7: Three-Strike Governance
>>> [RunTask] Step: Three-Strike Governance
[ThreeStrike] No triggers detected (max count < 3).


>>> [RunTask] Step 4: Assemble Evidence
>>> [RunTask] Step: Assemble Evidence
[Assembler] Reading inputs for Task 260301_001 from E:\OppRadar\rules\task-reports\2026-03...
[Assembler] DEBUG taskId="260301_001" evidenceDir="E:\\OppRadar\\rules\\task-reports\\2026-03"
[Assembler] DEBUG attestationPath="E:\\OppRadar\\rules\\task-reports\\2026-03\\preflight_attestation_260301_001.json"
[Assemble] Adding Healthcheck Root Line: DOD_EVIDENCE_HEALTHCHECK_ROOT: 260301_001_healthcheck_53122_root.txt => HTTP/1.1 200 OK
[Assemble] Adding Healthcheck Pairs Line: DOD_EVIDENCE_HEALTHCHECK_PAIRS: 260301_001_healthcheck_53122_pairs.txt => HTTP/1.1 200 OK
[Assembler] Wrote notify file: E:\OppRadar\rules\task-reports\2026-03\notify_260301_001.txt
[Assembler] Updated result JSON: E:\OppRadar\rules\task-reports\2026-03\result_260301_001.json
[Extract Preview] Wrote preview to: E:\OppRadar\rules\task-reports\2026-03\gate_light_preview_260301_001.txt
[Snippet Builder] Building report snippet for task 260301_001...
[Snippet Builder] Wrote snippet to: E:\OppRadar\rules\task-reports\2026-03\trae_report_snippet_260301_001.txt
[Snippet Builder] NOTE: Notify/Result/Index updates must be handled by the caller (dev_batch_mode).
[Assembler] Wrote preview compare: E:\OppRadar\rules\task-reports\2026-03\preview_cmp_260301_001.txt
[Assembler] Wrote contract self-check: E:\OppRadar\rules\task-reports\2026-03\contract_self_check_260301_001.txt
[Assembler] Updated notify with contract self-check: E:\OppRadar\rules\task-reports\2026-03\notify_260301_001.txt
[Assembler] Updated result JSON after contract self-check: E:\OppRadar\rules\task-reports\2026-03\result_260301_001.json
[Assembler] Wrote manifest: E:\OppRadar\rules\task-reports\2026-03\evidence_manifest_260301_001.json
[Assembler] Wrote index: E:\OppRadar\rules\task-reports\2026-03\deliverables_index_260301_001.json
[Postflight] Validating 260301_001 in E:\OppRadar\rules\task-reports\2026-03...
[Postflight] Running Evidence Smoke Test for 260301_001...
[SmokeTest] Running Evidence Smoke Test for Task 260301_001 in E:\OppRadar\rules\task-reports\2026-03...
[SmokeTest] PASS: All 19 required files exist and manifest is valid.
[DEBUG] Healthcheck Root Match: DOD_EVIDENCE_HEALTHCHECK_ROOT: 260301_001_healthcheck_53122_root.txt =>
[DEBUG] Healthcheck Pairs Match: DOD_EVIDENCE_HEALTHCHECK_PAIRS: 260301_001_healthcheck_53122_pairs.txt =>
[DEBUG] Checking Evidence File: Label=Root, RefPath='260301_001_healthcheck_53122_root.txt'
[DEBUG] Resolved EvPath: 'E:\OppRadar\rules\task-reports\2026-03\260301_001_healthcheck_53122_root.txt'
[DEBUG] Checking Evidence File: Label=Pairs, RefPath='260301_001_healthcheck_53122_pairs.txt'
[DEBUG] Resolved EvPath: 'E:\OppRadar\rules\task-reports\2026-03\260301_001_healthcheck_53122_pairs.txt'
[Postflight] Report: E:\OppRadar\rules\task-reports\2026-03\260301_001.json
[Postflight] Envelope: E:\OppRadar\rules\task-reports\envelopes\260301_001.envelope.json
[Postflight] PASS
[Assembler] SUCCESS: Assembled evidence for Task 260301_001.
[ValidateEvidence] PASS: E:\OppRadar\rules\task-reports\2026-03\result_260301_001.json
From https://github.com/dongyupeng2108-bot/OppOrder
 * branch              main       -> FETCH_HEAD


>>> [RunTask] Step 8.9: AutoPR Pre-Commit

>>> [RunTask] Step 9: AutoPR Loop
>>> [AutoPR] Staging Evidence (Node)...
[AutoPR] Loop Iteration 1 (Max Fixes: 1)...
>>> [AutoPR] Running CI Watch...
[AutoPR] CI Failed (Exit Code 2).
[AutoPR] Attempting AutoFix (1/1)...
>>> [AutoPR] Running AutoFix...
