**********************
Windows PowerShell 脚本开始
开始时间: 20260307145030
用户名: DESKTOP-BOHP945\ypdong
RunAs 用户: DESKTOP-BOHP945\ypdong
配置名称: 
计算机: DESKTOP-BOHP945 (Microsoft Windows NT 10.0.19045.0)
主机应用程序: C:\Windows\System32\WindowsPowerShell\v1.0\powershell.exe -Command .\scripts\run_task.ps1 -TaskId 260307_014 -Mode Integrate -Header 'TraeTask_260307_014'
进程 ID: 12112
PSVersion: 5.1.19041.6456
PSEdition: Desktop
PSCompatibleVersions: 1.0, 2.0, 3.0, 4.0, 5.0, 5.1.19041.6456
BuildVersion: 10.0.19041.6456
CLRVersion: 4.0.30319.42000
WSManStackVersion: 3.0
PSRemotingProtocolVersion: 2.3
SerializationVersion: 1.1.0.1
**********************
已启动脚本，输出文件为 E:\OppRadar\rules\task-reports\2026-03\run_260307_014.log
>>> [RunTask] Step 1: Preflight
>>> [RunTask] Step: Preflight
[Preflight] Starting checks for TaskId: 260307_014 | Mode: Integrate | Header: TraeTask_260307_014
[Preflight] Header 'TraeTask_260307_014' => Execution Allowed.
[Preflight] Git Status: Clean | Branch: 260307_014
[Preflight] Git Status: Clean | Branch: 260307_014
[Preflight] WARNING: Artifact 'notify_260307_014.txt' already exists. Overwriting allowed in Dev/Integrate flow, but ensure this is intentional.
[Preflight] WARNING: Artifact 'result_260307_014.json' already exists. Overwriting allowed in Dev/Integrate flow, but ensure this is intentional.
[Preflight] WARNING: Artifact 'trae_report_snippet_260307_014.txt' already exists. Overwriting allowed in Dev/Integrate flow, but ensure this is intentional.
[Preflight] WARNING: Artifact 'preflight_attestation_260307_014.json' already exists. Overwriting allowed in Dev/Integrate flow, but ensure this is intentional.
[Preflight] Checking Port 53122 Health...
[Preflight] Port 53122 is Healthy.
[Preflight] Attestation generated at: E:\OppRadar\rules\task-reports\2026-03\preflight_attestation_260307_014.json
[Preflight] PASS


>>> [RunTask] Step 1.1: Update LATEST.json
    Updated rules/LATEST.json to 260307_014
>>> [RunTask] Step 1.2: Open PR Guard
>>> [RunTask] Step: Open PR Guard
Wrote Open PR Guard evidence to E:\OppRadar\rules\task-reports\2026-03\open_pr_guard_260307_014.json


    Open PR Guard PASS. Output: E:\OppRadar\rules\task-reports\2026-03\open_pr_guard_260307_014.json
>>> [RunTask] Step 1.3: Contract Verification First
>>> [RunTask] Step: Contract Verification
[Contract First] Starting Early Contract Verification...
[Contract First] Verifying Rank V2 (/opportunities/rank_v2?limit=5&provider=mock)...
[Contract First] PASS: Rank V2
[Contract First] Verifying Export V1 (/opportunities/runs/export_v1?limit=5)...
[Contract First] PASS: Export V1
[Contract First] Verifying Ledger V0 (/opportunities/ledger/query_v0?limit=5)...
[Contract First] PASS: Ledger V0
[Contract First] All Contracts Verified Successfully.


>>> [RunTask] Step 1.5: Healthcheck Evidence
>>> [RunTask] Step: Healthcheck Root


>>> [RunTask] Step: Healthcheck Pairs


>>> [RunTask] Step 1.6: CI Parity Probe
>>> [RunTask] Step: CI Parity Probe
[CI Parity Probe] Running for task 260307_014 (JSON Mode)...
[CI Parity Probe] Evidence written to: E:\OppRadar\rules\task-reports\2026-03\ci_parity_260307_014.json
From https://github.com/dongyupeng2108-bot/OppOrder
 * branch              main       -> FETCH_HEAD


[State] GENERATING EVIDENCE...
>>> [RunTask] Step 2: Generate Evidence

STEP_TIMEOUT_SEC=120 step=Generate Evidence
>>> [RunTask] Step: Generate Evidence
[generate_evidence] Wrote: notify_260307_014.txt
[generate_evidence] Wrote: result_260307_014.json
[generate_evidence] Wrote: git_meta_260307_014.json
[generate_evidence] Wrote: dod_evidence_260307_014.txt
[generate_evidence] Wrote: trae_report_snippet_260307_014.txt
[generate_evidence] Wrote: ci_parity_260307_014.json
[generate_evidence] Done. Task 260307_014


[State] VERIFYING (Pass 1)...
>>> [RunTask] Step 3: Pass 1 - Gate Light Preview
>>> [RunTask] Step: Pass 1 - Gate Light Preview
[Gate Light] DEBUG: Checking LATEST.json at E:\OppRadar\rules\LATEST.json
[Gate Light] Target locked via argument: 260307_014
PR_TASK_ID_DETECTED=260307_014
TARGET_TASK_ID=260307_014
LATEST_TASK_ID=260307_014
[Gate Light] LATEST.json consistency verified.
[Gate Light] Verifying task_id: 260307_014
[Gate Light] Running Automation Pack V1 Hard Guards...
[Gate Light] Report Block Check Passed: notify_260307_014.txt
[Gate Light] Report Block Check Passed: trae_report_snippet_260307_014.txt
[Gate Light] Header Check Passed: TraeTask_260307_014
[Gate Light] Checking Workspace Healer Evidence...
[Gate Light] Workspace Healer verified (Clean Environment).
[Gate Light] Skipping Error Digest Validation (Preview Mode).
[Gate Light] Checking doc path standards...
[Gate Light] Doc path standards verified.
[Gate Light] Checking for legacy doc path references...
[CheckDocPathRefs] Scanning for legacy doc path references...
[CheckDocPathRefs] PASS: No legacy doc path references found.
[Gate Light] Checking for banned cmd syntax in PowerShell scripts...
Starting static scan for banned cmd syntax in .ps1 files...
Scanning targets: scripts/run_task.ps1, scripts/test_fail_budget.ps1, scripts/ps/Invoke-Step.ps1
Static scan PASSED.
[Gate Light] Checking for global healthcheck artifacts...
[Gate Light] Global Artifact Guard verified.
[Gate Light] Checking News Pull API Contract...
[Contract Check] Loading schema from: E:\OppRadar\OppRadar\contracts\news_pull_response.schema.json
[Contract Check] Validating Success Sample...
PASS
[Contract Check] Validating Error Sample...
PASS
[Contract Check] All samples validated against schema.
[Gate Light] Checking Rank V2 API Contract...
=== Rank V2 Contract Verification ===
Schema loaded.
Server already running.
Fetching http://localhost:53122/opportunities/rank_v2?provider=mock&limit=5&run_id=verify_rank_v2...
Received 3 items.
Validating against schema...
Schema Validation PASSED.
Response Hash: 12827176
::set-output name=rank_v2_hash::12827176
VERIFICATION_SUCCESS
[Gate Light] Checking Export V1 API Contract...
=== Export V1 Contract Verification ===
Schema loaded.
Server already running.
Generating Run assets via http://localhost:53122/scans/run...
Run assets generated. Run ID: sc_174bea17
Fetching Export: http://localhost:53122/opportunities/runs/export_v1?run_id=sc_174bea17...
Received Export JSON.
Validating against schema...
Export Schema Validation PASSED.
Export Hash: fcfa5b13
::set-output name=export_v1_hash::fcfa5b13
EXPORT_CONTRACT_VERIFICATION_SUCCESS
[Gate Light] Checking Ledger V0 API Contract...
=== Ledger V0 Contract Verification ===
Schema loaded.
Server already running.
Fetching /opportunities/ledger/query_v0?limit=1...
Validating against schema...
Validation PASSED.
[Gate Light] Checking Scanner API Contract...
[Gate Light] Scanner runs contract: PASS
[Gate Light] Checking Universe API Contract...
[Gate Light] Universe runs contract: PASS
[Gate Light] Checking Trading Routes API Contract...
[Gate Light] Trading orders contract: PASS
[Gate Light] Trading orders 404 contract: PASS
[Gate Light] Trading kill contract: PASS
[Gate Light] Checking healthcheck evidence...
[Gate Light] Using evidence directory: E:\OppRadar\rules\task-reports\2026-03
[Gate Light] Healthcheck evidence verified (Path + Content).
[Gate Light] Skipping DoD Evidence Excerpt Check (Preview Mode).
[Gate Light] Checking Deletion Audit (Locks & Runs)...
[Gate Light] Deletion Audit: No lock/index yet (Assuming Pre-Integrate or First Run in progress).
[Gate Light] Checking No Auto-Merge (Git Forbidden Commands)...
[Gate Light] No Auto-Merge verified.
[Gate Light] Checking Workflow Hardening (NoHistoricalEvidenceTouch & SnippetCommitMustMatch)...
[Gate Light] Fetching origin/main history for diff context...
[Gate Light] Allowed legacy task_id (transition): 260307_013
[Gate Light] NoHistoricalEvidenceTouch verified.
[Gate Light] Skipping SnippetCommitMustMatch check (Preview Mode).
[Gate Light] Checking Rank V2 Contract Version Guard...
[Gate Light] Base Commit: d6328dcaafa461cc8e0e09fa0446a8592c6aaedc
[Gate Light] Schema Unchanged (3bd83a08). Version check skipped.
[Gate Light] Rank V2 Contract Version Guard PASS
[Gate Light] Checking Immutable Integrate & SafeCmd Enforcement...
[Gate Light] Immutable Integrate & SafeCmd Enforcement verified.
[Gate Light] Checking Scope Lock...
[Gate Light] Scope Lock verified (23 files, all within scope).
[Gate Light] BTCQDD Healthcheck: PASS
[Gate Light] Skipping Postflight Envelope Validation (Preview Mode).
[Gate Light] PASS
GATE_LIGHT_EXIT=0


    Preview Log: E:\OppRadar\rules\task-reports\2026-03\gate_light_preview_260307_014.log
>>> [RunTask] Step 3.5: Error Digest (Pass 1)
>>> [RunTask] Generated Run ID: 20260307145047_ef335a3
>>> [RunTask] Step: Error Digest (Pass 1)
[ErrorDigest] Wrote NO_ERROR record to E:\OppRadar\rules\task-reports\2026-03\errors_260307_014.jsonl
[ErrorDigest] Wrote summary to E:\OppRadar\rules\task-reports\2026-03\errors_summary_260307_014.txt


>>> [RunTask] Step 3.6: Append Error Stats (Pass 1)
>>> [RunTask] Step: Append Error Stats
Appended 1 records to rules/task-reports/index/error_stats.jsonl


>>> [RunTask] Step 3.7: Three-Strike Governance
>>> [RunTask] Step: Three-Strike Governance
[ThreeStrike] No triggers detected (max count < 3).


>>> [RunTask] Step 4: Assemble Evidence
>>> [RunTask] Step: Assemble Evidence
