[Gate Light] DEBUG: Checking LATEST.json at E:\OppRadar\rules\LATEST.json
[Gate Light] Target locked via argument: 260221_012d
PR_TASK_ID_DETECTED=260221_012d
TARGET_TASK_ID=260221_012d
LATEST_TASK_ID=260221_012d
[Gate Light] LATEST.json consistency verified.
[Gate Light] Verifying task_id: 260221_012d
[Gate Light] Running Automation Pack V1 Hard Guards...
[Gate Light] Report Block Check Passed: notify_260221_012d.txt
[Gate Light] Report Block Check Passed: trae_report_snippet_260221_012d.txt
[Gate Light] Header Check Passed: TraeTask_260221_012d
[Gate Light] Preflight Attestation verified (Integrate Mode).
[Gate Light] Checking Open PR Guard Evidence...
[Gate Light] Recalculating Open PR Guard status...
[Gate Light] Open PR Guard Recalculation verified (PASS).
[Gate Light] Open PR Guard verified (blocking_count=0).
[Gate Light] Checking Workspace Healer Evidence...
[Gate Light] Workspace Healer verified (Clean Environment).
[Gate Light] Checking AutoPR Evidence...

[Gate Light] FAILED: AutoPR evidence missing: E:\OppRadar\rules\task-reports\2026-02\auto_pr_260221_012d.json
  ACTION: Ensure 'run_task.ps1' Step 9 (AutoPR Loop) executed. AutoPR is MANDATORY for Integrate mode.
