[Gate Light] DEBUG: Checking LATEST.json at E:\OppRadar\rules\LATEST.json
[Gate Light] Target locked via argument: 260216_010
[Gate Light] LATEST.json consistency verified.
[Gate Light] Using run_dir from lock file: rules/task-reports/runs/260216_010/20260217165437_1eee2f5
[Gate Light] Verifying task_id: 260216_010
[Gate Light] Running Automation Pack V1 Hard Guards...
[Gate Light] Report Block Check Passed: notify_260216_010.txt
[Gate Light] Report Block Check Passed: trae_report_snippet_260216_010.txt
[Gate Light] Checking Workspace Healer Evidence...
[Gate Light] Workspace Healer verified (Clean Environment).
[Gate Light] Checking CI Parity JSON Evidence...
[Gate Light] CI Parity Head mismatch (JSON=656a850f0df3273fae1ade7d4d37f4dfdaad533d, Calc=b8ceefabcd1be6cd069d803371b70bebe4c08fae). Checking for evidence-only update...
[Gate Light] Head mismatch accepted (Evidence/Docs-only update).
[Gate Light] CI Parity JSON Evidence verified.
[Gate Light] Checking doc path standards...
[Gate Light] Doc path standards verified.
[Gate Light] Checking for legacy doc path references...
[CheckDocPathRefs] Scanning for legacy doc path references...
[CheckDocPathRefs] PASS: No legacy doc path references found.
[Gate Light] Checking for global healthcheck artifacts...
[Gate Light] Global Artifact Guard verified.
[Gate Light] Checking News Pull API Contract...
[Contract Check] Loading schema from: E:\OppRadar\OppRadar\contracts\news_pull_response.schema.json
[Contract Check] Validating Success Sample...
PASS
[Contract Check] Validating Error Sample...
PASS
[Contract Check] All samples validated against schema.
[Gate Light] Checking Rank V2 API Contract...
=== Rank V2 Contract Verification ===
Schema loaded.
Server already running.
Fetching http://localhost:53122/opportunities/rank_v2?provider=mock&limit=5&run_id=verify_rank_v2...
Received 5 items.
Validating against schema...
Schema Validation PASSED.
Response Hash: ef1db0a9
::set-output name=rank_v2_hash::ef1db0a9
VERIFICATION_SUCCESS
[Gate Light] Checking Export V1 API Contract...
=== Export V1 Contract Verification ===
Schema loaded.
Server already running.
Generating Run assets via http://localhost:53122/scans/run...
Run assets generated. Run ID: scan_cffc074247146350
Fetching Export: http://localhost:53122/opportunities/runs/export_v1?run_id=scan_cffc074247146350...
Received Export JSON.
Validating against schema...
Export Schema Validation PASSED.
Export Hash: df25e48a
::set-output name=export_v1_hash::df25e48a
EXPORT_CONTRACT_VERIFICATION_SUCCESS
[Gate Light] Checking Ledger V0 API Contract...
=== Ledger V0 Contract Verification ===
Schema loaded.
Server already running.
Fetching /opportunities/ledger/query_v0?limit=1...
Validating against schema...
Validation PASSED.
[Gate Light] Checking healthcheck evidence...
[Gate Light] Using evidence directory: rules/task-reports/runs/260216_010/20260217165437_1eee2f5
[Gate Light] Healthcheck evidence verified (Path + Content).
[Gate Light] Checking DoD Evidence Excerpts...
[Gate Light] DoD Evidence Excerpts verified.
[Gate Light] Checking Deletion Audit (Locks & Runs)...
[Gate Light] Deletion Audit verified (Lock & Run exist for Run 20260217165437_1eee2f5).
[Gate Light] Checking No Auto-Merge (Git Forbidden Commands)...
[Gate Light] No Auto-Merge verified.
[Gate Light] Checking Evidence Truth & Sufficiency (Hardening Rule)...
[Gate Light] Evidence Truth (Two-Pass) verified.
[Gate Light] Evidence Truth & Sufficiency verified.
[Gate Light] Checking CI Parity Preview...
[Gate Light] CI Parity Preview verified.
[Gate Light] Checking Workflow Hardening (NoHistoricalEvidenceTouch & SnippetCommitMustMatch)...
[Gate Light] Fetching origin/main history for diff context...
[Gate Light] Allowed legacy task_id (transition): 260216_008
[Gate Light] NoHistoricalEvidenceTouch verified.
[Gate Light] Snippet commit (1eee2f54b75f78a8b1dc99de873e69fa1ad78f72) != HEAD (b8ceefa). Checking for code drift...
[Gate Light] FAILED: SnippetCommitMustMatch - Codebase has changed between snippet commit and HEAD.
Changed code files:
  - scripts/open_pr_guard.mjs
  - scripts/test_fail_budget.ps1
Fix Suggestion: Re-run Integrate/Build Snippet to align with latest code.
