[Gate Light] DEBUG: Checking LATEST.json at E:\OppRadar\rules\LATEST.json
[Gate Light] Target locked via argument: 260223_002b
PR_TASK_ID_DETECTED=260223_002b
TARGET_TASK_ID=260223_002b
LATEST_TASK_ID=260223_002b
[Gate Light] LATEST.json consistency verified.
[Gate Light] Verifying task_id: 260223_002b
[Gate Light] Running Automation Pack V1 Hard Guards...
[Gate Light] Report Block Check Passed: notify_260223_002b.txt
[Gate Light] Report Block Check Passed: trae_report_snippet_260223_002b.txt
[Gate Light] Header Check Passed: FIX:继续
[Gate Light] Preflight Attestation verified (Integrate Mode).
[Gate Light] Checking Open PR Guard Evidence...
[Gate Light] Recalculating Open PR Guard status...
[Gate Light] Open PR Guard Recalculation verified (PASS).
[Gate Light] Open PR Guard verified (blocking_count=0).
[Gate Light] Checking Workspace Healer Evidence...
[Gate Light] Workspace Healer verified (Clean Environment).
[Gate Light] Checking AutoPR Evidence...

[Gate Light] FAILED: AutoPR evidence missing: E:\OppRadar\rules\task-reports\2026-02\auto_pr_260223_002b.json
  ACTION: Ensure 'run_task.ps1' Step 9 (AutoPR Loop) executed. AutoPR is MANDATORY for Integrate mode.
