[Gate Light] DEBUG: Checking LATEST.json at E:\OppRadar\rules\LATEST.json
[Gate Light] Target locked via argument: 260222_004z
PR_TASK_ID_DETECTED=260222_004z
TARGET_TASK_ID=260222_004z
LATEST_TASK_ID=260222_004z
[Gate Light] LATEST.json consistency verified.
[Gate Light] Verifying task_id: 260222_004z
[Gate Light] Running Automation Pack V1 Hard Guards...
[Gate Light] Checking Workspace Healer Evidence...
[Gate Light] Workspace Healer verified (Clean Environment).
[Gate Light] Checking CI Parity JSON Evidence...
[Gate Light] DEBUG: is_shallow_repository=true
[Gate Light] DEBUG: HEAD=2037cf4cce78d32e72d6244cdd79172c1dc7154d
[Gate Light] DEBUG: git merge-base origin/main HEAD=fde1e739e097b3f7c2722b70804edda1f5026d7a
[Gate Light] DETECTED SHALLOW CLONE. Attempting to unshallow (Fix Strategy A)...
[Gate Light] Unshallow command executed.
[Gate Light] CI Parity JSON Evidence verified.
[Gate Light] Skipping Error Digest Validation (Preview Mode).
[Gate Light] Checking doc path standards...
[Gate Light] Doc path standards verified.
[Gate Light] Checking for legacy doc path references...
[CheckDocPathRefs] Scanning for legacy doc path references...
[CheckDocPathRefs] PASS: No legacy doc path references found.
[Gate Light] Checking for banned cmd syntax in PowerShell scripts...
Starting static scan for banned cmd syntax in .ps1 files...
Scanning targets: scripts/run_task.ps1, scripts/test_fail_budget.ps1, scripts/ps/Invoke-Step.ps1
Static scan PASSED.
[Gate Light] Checking for global healthcheck artifacts...
[Gate Light] Global Artifact Guard verified.
[Gate Light] Checking News Pull API Contract...
[Contract Check] Loading schema from: E:\OppRadar\OppRadar\contracts\news_pull_response.schema.json
[Contract Check] Validating Success Sample...
PASS
[Contract Check] Validating Error Sample...
PASS
[Contract Check] All samples validated against schema.
[Gate Light] Checking Rank V2 API Contract...
=== Rank V2 Contract Verification ===
Schema loaded.
Server already running.
Fetching http://localhost:53122/opportunities/rank_v2?provider=mock&limit=5&run_id=verify_rank_v2...
Received 5 items.
Validating against schema...
Schema Validation PASSED.
Response Hash: fe4d7a9b
::set-output name=rank_v2_hash::fe4d7a9b
VERIFICATION_SUCCESS
[Gate Light] Checking Export V1 API Contract...
=== Export V1 Contract Verification ===
Schema loaded.
Server already running.
Generating Run assets via http://localhost:53122/scans/run...
Run assets generated. Run ID: scan_3590443714ec18bc
Fetching Export: http://localhost:53122/opportunities/runs/export_v1?run_id=scan_3590443714ec18bc...
Received Export JSON.
Validating against schema...
Export Schema Validation PASSED.
Export Hash: ab2454ec
::set-output name=export_v1_hash::ab2454ec
EXPORT_CONTRACT_VERIFICATION_SUCCESS
[Gate Light] Checking Ledger V0 API Contract...
=== Ledger V0 Contract Verification ===
Schema loaded.
Server already running.
Fetching /opportunities/ledger/query_v0?limit=1...
Validating against schema...
Validation PASSED.
[Gate Light] Checking healthcheck evidence...
[Gate Light] Using evidence directory: E:\OppRadar\rules\task-reports\2026-02
[Gate Light] Healthcheck evidence verified (Path + Content).
[Gate Light] Skipping DoD Evidence Excerpt Check (Preview Mode).
[Gate Light] Checking Deletion Audit (Locks & Runs)...
[Gate Light] Deletion Audit: No lock/index yet (Assuming Pre-Integrate or First Run in progress).
[Gate Light] Checking No Auto-Merge (Git Forbidden Commands)...
[Gate Light] No Auto-Merge verified.
[Gate Light] Checking Evidence Truth & Sufficiency (Hardening Rule)...
[Gate Light] Skipping DoD Healthcheck marker check (Preview Mode).
[Gate Light] Skipping Evidence Truth check (Generation Mode).
[Gate Light] Evidence Truth & Sufficiency verified.
[Gate Light] Checking CI Parity Preview...
[Gate Light] Checking Workflow Hardening (NoHistoricalEvidenceTouch & SnippetCommitMustMatch)...
[Gate Light] Fetching origin/main history for diff context...
[Gate Light] Allowed legacy task_id (transition): 260222_004x

From https://github.com/dongyupeng2108-bot/OppOrder
 * branch              main       -> FETCH_HEAD
[Gate Light] FAILED: NoHistoricalEvidenceTouch violation. Found modifications to historical evidence:
  - M rules/task-reports/index/task_id_history.jsonl
Fix Suggestion: Use 'git restore --source=origin/main -- <path>' to revert, or ensure new files contain '260222_004z'.
