**********************
Windows PowerShell 脚本开始
开始时间: 20260217175639
用户名: DESKTOP-BOHP945\ypdong
RunAs 用户: DESKTOP-BOHP945\ypdong
配置名称: 
计算机: DESKTOP-BOHP945 (Microsoft Windows NT 10.0.19045.0)
主机应用程序: C:\Windows\System32\WindowsPowerShell\v1.0\powershell.exe -ExecutionPolicy Bypass -File scripts/run_task.ps1 260216_005 -Mode Integrate -Header Fix Task 005
进程 ID: 6308
PSVersion: 5.1.19041.6456
PSEdition: Desktop
PSCompatibleVersions: 1.0, 2.0, 3.0, 4.0, 5.0, 5.1.19041.6456
BuildVersion: 10.0.19041.6456
CLRVersion: 4.0.30319.42000
WSManStackVersion: 3.0
PSRemotingProtocolVersion: 2.3
SerializationVersion: 1.1.0.1
**********************
已启动脚本，输出文件为 E:\OppRadar\rules\task-reports\2026-02\run_260216_005.log
>>> [RunTask] TaskId: 260216_005 | Mode: Integrate | Header: Fix Task 005
>>> [RunTask] Evidence Dir: E:\OppRadar\rules\task-reports\2026-02
[State] INITIALIZING...
>>> [RunTask] Step 0: Service Policy (ensure_server_53122)
[Service Policy] Checking Port 53122...
PS>TerminatingError(Invoke-WebRequest):“操作超时。”
[Service Policy] Server not reachable (操作超时。). Attempting start...
[Service Policy] Starting scripts/mock_server.mjs...
PS>TerminatingError(Start-Process):“已停止该运行的命令，因为首选项变量“ErrorActionPreference”或通用参数设置为 Stop: 无法运行此命令，因为“RedirectStandardOutput”和“RedirectStandardError”相同。请指定不同的输入，然后再次运行此命令。”
>> TerminatingError(Start-Process):“已停止该运行的命令，因为首选项变量“ErrorActionPreference”或通用参数设置为 Stop: 无法运行此命令，因为“RedirectStandardOutput”和“RedirectStandardError”相同。请指定不同的输入，然后再次运行此命令。”
[RunTask] FAILED: Script execution error: 无法运行此命令，因为“RedirectStandardOutput”和“RedirectStandardError”相同。请指定不同的输入，然后再次运行此命令。
**********************
Windows PowerShell 脚本结束
结束时间: 20260217175641
**********************
