**********************
Windows PowerShell 脚本开始
开始时间: 20260225102132
用户名: DESKTOP-BOHP945\ypdong
RunAs 用户: DESKTOP-BOHP945\ypdong
配置名称: 
计算机: DESKTOP-BOHP945 (Microsoft Windows NT 10.0.19045.0)
主机应用程序: C:\Windows\System32\WindowsPowerShell\v1.0\powershell.exe -Command . 'D:\Trae\resources\app\out\vs\workbench\contrib\terminal\common\scripts\safe_rm_aliases.ps1'; .\scripts\run_task.ps1 -TaskId 260223_009 -Mode Integrate
进程 ID: 23928
PSVersion: 5.1.19041.6456
PSEdition: Desktop
PSCompatibleVersions: 1.0, 2.0, 3.0, 4.0, 5.0, 5.1.19041.6456
BuildVersion: 10.0.19041.6456
CLRVersion: 4.0.30319.42000
WSManStackVersion: 3.0
PSRemotingProtocolVersion: 2.3
SerializationVersion: 1.1.0.1
**********************
已启动脚本，输出文件为 E:\OppRadar\rules\task-reports\2026-02\run_260223_009.log
>>> [RunTask] Step 1: Preflight
>>> [RunTask] Step: Preflight
[Preflight] Starting checks for TaskId: 260223_009 | Mode: Integrate | Header: TraeTask_260223_009
[Preflight] Header 'TraeTask_260223_009' => Execution Allowed.
[Preflight] Git Status: Clean | Branch: feat/evidence-fix-260223_009
[Preflight] Git Status: Clean | Branch: feat/evidence-fix-260223_009
[Preflight] WARNING: Artifact 'notify_260223_009.txt' already exists. Overwriting allowed in Dev/Integrate flow, but ensure this is intentional.
[Preflight] WARNING: Artifact 'result_260223_009.json' already exists. Overwriting allowed in Dev/Integrate flow, but ensure this is intentional.
[Preflight] WARNING: Artifact 'trae_report_snippet_260223_009.txt' already exists. Overwriting allowed in Dev/Integrate flow, but ensure this is intentional.
[Preflight] WARNING: Artifact 'preflight_attestation_260223_009.json' already exists. Overwriting allowed in Dev/Integrate flow, but ensure this is intentional.
[Preflight] Checking Port 53122 Health...
[Preflight] Port 53122 is Healthy.
[Preflight] Attestation generated at: E:\OppRadar\rules\task-reports\2026-02\preflight_attestation_260223_009.json
[Preflight] PASS


>>> [RunTask] Step 1.1: Update LATEST.json
    Updated rules/LATEST.json to 260223_009
>>> [RunTask] Step 1.2: Open PR Guard
>>> [RunTask] Step: Open PR Guard
Wrote Open PR Guard evidence to E:\OppRadar\rules\task-reports\2026-02\open_pr_guard_260223_009.json


    Open PR Guard PASS. Output: E:\OppRadar\rules\task-reports\2026-02\open_pr_guard_260223_009.json
>>> [RunTask] Step 1.3: Contract Verification First
>>> [RunTask] Step: Contract Verification
[Contract First] Starting Early Contract Verification...
[Contract First] Verifying Rank V2 (/opportunities/rank_v2?limit=5&provider=mock)...
[Contract First] PASS: Rank V2
[Contract First] Verifying Export V1 (/opportunities/runs/export_v1?limit=5)...
[Contract First] PASS: Export V1
[Contract First] Verifying Ledger V0 (/opportunities/ledger/query_v0?limit=5)...
[Contract First] PASS: Ledger V0
[Contract First] All Contracts Verified Successfully.


>>> [RunTask] Step 1.5: Healthcheck Evidence
>>> [RunTask] Step: Healthcheck Root


>>> [RunTask] Step: Healthcheck Pairs


>>> [RunTask] Step 1.6: CI Parity Probe
>>> [RunTask] Step: CI Parity Probe
[CI Parity Probe] Running for task 260223_009 (JSON Mode)...
[CI Parity Probe] Evidence written to: E:\OppRadar\rules\task-reports\2026-02\ci_parity_260223_009.json
From https://github.com/dongyupeng2108-bot/OppOrder
 * branch              main       -> FETCH_HEAD


[State] GENERATING EVIDENCE...
>>> [RunTask] Step 2: Generate Evidence

STEP_TIMEOUT_SEC=120 step=Generate Evidence
>>> [RunTask] Step: Generate Evidence
Generating evidence for task 260223_009 in E:\OppRadar\rules\task-reports\2026-02
Invoking ci_parity_probe.mjs for task 260223_009...
[CI Parity Probe] Running for task 260223_009 (JSON Mode)...
[CI Parity Probe] Evidence written to: E:\OppRadar\rules\task-reports\2026-02\ci_parity_260223_009.json
Evidence generation complete.
From https://github.com/dongyupeng2108-bot/OppOrder
 * branch              main       -> FETCH_HEAD


[State] VERIFYING (Pass 1)...
>>> [RunTask] Step 3: Pass 1 - Gate Light Preview
>>> [RunTask] Step: Pass 1 - Gate Light Preview
[Gate Light] DEBUG: Checking LATEST.json at E:\OppRadar\rules\LATEST.json
[Gate Light] Target locked via argument: 260223_009
PR_TASK_ID_DETECTED=260223_009
TARGET_TASK_ID=260223_009
LATEST_TASK_ID=260223_009
[Gate Light] LATEST.json consistency verified.
[Gate Light] Verifying task_id: 260223_009
[Gate Light] Running Automation Pack V1 Hard Guards...
[Gate Light] Report Block Check Passed: notify_260223_009.txt
[Gate Light] Report Block Check Passed: trae_report_snippet_260223_009.txt
[Gate Light] Header Check Passed: TraeTask_260223_009
[Gate Light] Checking Workspace Healer Evidence...
[Gate Light] Workspace Healer verified (Clean Environment).
[Gate Light] Checking CI Parity JSON Evidence...
[Gate Light] DEBUG: is_shallow_repository=true
[Gate Light] DEBUG: HEAD=73a3866a0cd7d12e33b1dd97c5c3fb1709a3ba77
[Gate Light] DEBUG: git merge-base origin/main HEAD=8c4e9caaea5501b825ebeef420eeb23bb6c7889f
[Gate Light] DETECTED SHALLOW CLONE. Attempting to unshallow (Fix Strategy A)...
[Gate Light] Unshallow command executed.
[Gate Light] CI Parity JSON Evidence verified.
[Gate Light] Skipping Error Digest Validation (Preview Mode).
[Gate Light] Checking doc path standards...
[Gate Light] Doc path standards verified.
[Gate Light] Checking for legacy doc path references...
[CheckDocPathRefs] Scanning for legacy doc path references...
[CheckDocPathRefs] PASS: No legacy doc path references found.
[Gate Light] Checking for banned cmd syntax in PowerShell scripts...
Starting static scan for banned cmd syntax in .ps1 files...
Scanning targets: scripts/run_task.ps1, scripts/test_fail_budget.ps1, scripts/ps/Invoke-Step.ps1
Static scan PASSED.
[Gate Light] Checking for global healthcheck artifacts...
[Gate Light] Global Artifact Guard verified.
[Gate Light] Checking News Pull API Contract...
[Contract Check] Loading schema from: E:\OppRadar\OppRadar\contracts\news_pull_response.schema.json
[Contract Check] Validating Success Sample...
PASS
[Contract Check] Validating Error Sample...
PASS
[Contract Check] All samples validated against schema.
[Gate Light] Checking Rank V2 API Contract...
=== Rank V2 Contract Verification ===
Schema loaded.
Server already running.
Fetching http://localhost:53122/opportunities/rank_v2?provider=mock&limit=5&run_id=verify_rank_v2...
Received 5 items.
Validating against schema...
Schema Validation PASSED.
Response Hash: 3d2020a0
::set-output name=rank_v2_hash::3d2020a0
VERIFICATION_SUCCESS
[Gate Light] Checking Export V1 API Contract...
=== Export V1 Contract Verification ===
Schema loaded.
Server already running.
Generating Run assets via http://localhost:53122/scans/run...
Run assets generated. Run ID: scan_1cdb0574a65d13ff
Fetching Export: http://localhost:53122/opportunities/runs/export_v1?run_id=scan_1cdb0574a65d13ff...
Received Export JSON.
Validating against schema...
Export Schema Validation PASSED.
Export Hash: d127f5e6
::set-output name=export_v1_hash::d127f5e6
EXPORT_CONTRACT_VERIFICATION_SUCCESS
[Gate Light] Checking Ledger V0 API Contract...
=== Ledger V0 Contract Verification ===
Schema loaded.
Server already running.
Fetching /opportunities/ledger/query_v0?limit=1...
Validating against schema...
Validation PASSED.
[Gate Light] Checking healthcheck evidence...
[Gate Light] Using evidence directory: E:\OppRadar\rules\task-reports\2026-02
[Gate Light] Healthcheck evidence verified (Path + Content).
[Gate Light] Skipping DoD Evidence Excerpt Check (Preview Mode).
[Gate Light] Checking Deletion Audit (Locks & Runs)...
[Gate Light] Deletion Audit: No lock/index yet (Assuming Pre-Integrate or First Run in progress).
[Gate Light] Checking No Auto-Merge (Git Forbidden Commands)...
[Gate Light] No Auto-Merge verified.
[Gate Light] Checking Evidence Truth & Sufficiency (Hardening Rule)...
[Gate Light] Skipping DoD Healthcheck marker check (Preview Mode).
[Gate Light] Skipping Evidence Truth check (Generation Mode).
[Gate Light] Evidence Truth & Sufficiency verified.
[Gate Light] Checking CI Parity Preview...
[Gate Light] CI Parity Preview verified.
[Gate Light] Checking Workflow Hardening (NoHistoricalEvidenceTouch & SnippetCommitMustMatch)...
[Gate Light] Fetching origin/main history for diff context...
[Gate Light] Allowed legacy task_id (transition): 260223_007
[Gate Light] NoHistoricalEvidenceTouch verified.
[Gate Light] Skipping SnippetCommitMustMatch check (Preview Mode).
[Gate Light] Skipping GATE_LIGHT_EXIT Mechanism check (Preview Mode).
[Gate Light] Skipping Evidence Truth & Consistency check (Preview Mode).
[Gate Light] Checking Rank V2 Contract Version Guard...
[Gate Light] Base Commit: 8c4e9caaea5501b825ebeef420eeb23bb6c7889f
[Gate Light] Schema Unchanged (3bd83a08). Version check skipped.
[Gate Light] Rank V2 Contract Version Guard PASS
[Gate Light] Checking Immutable Integrate & SafeCmd Enforcement...
[Gate Light] Immutable Integrate & SafeCmd Enforcement verified.
[Gate Light] Checking Two-Pass Evidence Truth & No Auto-Merge...
[Gate Light] Two-Pass Evidence Truth & No Auto-Merge verified.
[Gate Light] Skipping Postflight Envelope Validation (Preview Mode).
[Gate Light] PASS
GATE_LIGHT_EXIT=0
From https://github.com/dongyupeng2108-bot/OppOrder
 * branch              main       -> FETCH_HEAD


    Preview Log: E:\OppRadar\rules\task-reports\2026-02\gate_light_preview_260223_009.log
>>> [RunTask] Step 3.5: Error Digest (Pass 1)
>>> [RunTask] Generated Run ID: 20260225102155_73a3866
>>> [RunTask] Step: Error Digest (Pass 1)
[ErrorDigest] Wrote 1 errors to E:\OppRadar\rules\task-reports\2026-02\errors_260223_009.jsonl
[ErrorDigest] Wrote summary to E:\OppRadar\rules\task-reports\2026-02\errors_summary_260223_009.txt


>>> [RunTask] Step 3.6: Append Error Stats (Pass 1)
>>> [RunTask] Step: Append Error Stats
Appended 1 records to rules/task-reports/index/error_stats.jsonl


>>> [RunTask] Step 3.7: Three-Strike Governance
>>> [RunTask] Step: Three-Strike Governance
[ThreeStrike] Trigger detected: CONTRACT_SELF_CHECK_FAIL (Count: 4)
[ThreeStrike] Governance file already exists for CONTRACT_SELF_CHECK_FAIL. Skipping.


>>> [RunTask] Step 4: Assemble Evidence
>>> [RunTask] Step: Assemble Evidence
[Assembler] Reading inputs for Task 260223_009 from E:\OppRadar\rules\task-reports\2026-02...
[Assembler] DEBUG taskId="260223_009" evidenceDir="E:\\OppRadar\\rules\\task-reports\\2026-02"
[Assembler] DEBUG attestationPath="E:\\OppRadar\\rules\\task-reports\\2026-02\\preflight_attestation_260223_009.json"
[Assemble] Adding Healthcheck Root Line: DOD_EVIDENCE_HEALTHCHECK_ROOT: 260223_009_healthcheck_53122_root.txt => HTTP/1.1 200 OK
[Assemble] Adding Healthcheck Pairs Line: DOD_EVIDENCE_HEALTHCHECK_PAIRS: 260223_009_healthcheck_53122_pairs.txt => HTTP/1.1 200 OK
[Assembler] Wrote notify file: E:\OppRadar\rules\task-reports\2026-02\notify_260223_009.txt
[Assembler] Updated result JSON: E:\OppRadar\rules\task-reports\2026-02\result_260223_009.json
[Extract Preview] Wrote preview to: E:\OppRadar\rules\task-reports\2026-02\gate_light_preview_260223_009.txt
[Snippet Builder] Building report snippet for task 260223_009...
[Snippet Builder] Wrote snippet to: E:\OppRadar\rules\task-reports\2026-02\trae_report_snippet_260223_009.txt
[Snippet Builder] NOTE: Notify/Result/Index updates must be handled by the caller (dev_batch_mode).
[Assembler] Wrote preview compare: E:\OppRadar\rules\task-reports\2026-02\preview_cmp_260223_009.txt
[Assembler] Wrote contract self-check: E:\OppRadar\rules\task-reports\2026-02\contract_self_check_260223_009.txt
[Assembler] Updated notify with contract self-check: E:\OppRadar\rules\task-reports\2026-02\notify_260223_009.txt
[Assembler] Updated result JSON after contract self-check: E:\OppRadar\rules\task-reports\2026-02\result_260223_009.json
[Assembler] Wrote manifest: E:\OppRadar\rules\task-reports\2026-02\evidence_manifest_260223_009.json
[Assembler] Wrote index: E:\OppRadar\rules\task-reports\2026-02\deliverables_index_260223_009.json
[Postflight] Validating 260223_009 in E:\OppRadar\rules\task-reports\2026-02...
[Postflight] Running Evidence Smoke Test for 260223_009...
[SmokeTest] Running Evidence Smoke Test for Task 260223_009 in E:\OppRadar\rules\task-reports\2026-02...
[SmokeTest] PASS: All 21 required files exist and manifest is valid.
[DEBUG] Healthcheck Root Match: DOD_EVIDENCE_HEALTHCHECK_ROOT: 260223_009_healthcheck_53122_root.txt =>
[DEBUG] Healthcheck Pairs Match: DOD_EVIDENCE_HEALTHCHECK_PAIRS: 260223_009_healthcheck_53122_pairs.txt =>
[DEBUG] Checking Evidence File: Label=Root, RefPath='260223_009_healthcheck_53122_root.txt'
[DEBUG] Resolved EvPath: 'E:\OppRadar\rules\task-reports\2026-02\260223_009_healthcheck_53122_root.txt'
[DEBUG] Checking Evidence File: Label=Pairs, RefPath='260223_009_healthcheck_53122_pairs.txt'
[DEBUG] Resolved EvPath: 'E:\OppRadar\rules\task-reports\2026-02\260223_009_healthcheck_53122_pairs.txt'
[Postflight] Report: E:\OppRadar\rules\task-reports\2026-02\260223_009.json
[Postflight] Envelope: E:\OppRadar\rules\task-reports\envelopes\260223_009.envelope.json
[Postflight] PASS
[Assembler] SUCCESS: Assembled evidence for Task 260223_009.
From https://github.com/dongyupeng2108-bot/OppOrder
 * branch              main       -> FETCH_HEAD


>>> [RunTask] Step 8.9: AutoPR Pre-Commit
>>> [RunTask] Step: AutoPR Pre-Commit
Running Safe Commit...
1. Adding changes...
2. Committing...
[feat/evidence-fix-260223_009 13f715e3] TraeTask_260223_009: integrate evidence
 2 files changed, 2 insertions(+), 1 deletion(-)
warning: in the working copy of 'rules/task-reports/index/error_stats.jsonl', LF will be replaced by CRLF the next time Git touches it


>>> [RunTask] Step 9: AutoPR Loop
>>> [AutoPR] Staging Evidence (Node)...
[AutoPR] Loop Iteration 1 (Max Fixes: 1)...
>>> [AutoPR] Running CI Watch...
[AutoPR] CI Failed (Exit Code 2).
[AutoPR] Attempting AutoFix (1/1)...
>>> [AutoPR] Running AutoFix...
[AutoPR] Loop Iteration 2 (Max Fixes: 1)...
>>> [AutoPR] Running CI Watch...
[AutoPR] CI Passed!
[State] VERIFYING (Pass 2)...
>>> [RunTask] Step 5: Pass 2 - Gate Light Verify
>>> [RunTask] Step: Pass 2 - Gate Light Verify
[Gate Light] DEBUG: Checking LATEST.json at E:\OppRadar\rules\LATEST.json
[Gate Light] Target locked via argument: 260223_009
PR_TASK_ID_DETECTED=260223_009
TARGET_TASK_ID=260223_009
LATEST_TASK_ID=260223_009
[Gate Light] LATEST.json consistency verified.
[Gate Light] Verifying task_id: 260223_009
[Gate Light] Running Automation Pack V1 Hard Guards...
[Gate Light] Report Block Check Passed: notify_260223_009.txt
[Gate Light] Report Block Check Passed: trae_report_snippet_260223_009.txt
[Gate Light] Header Check Passed: TraeTask_260223_009
[Gate Light] Preflight Attestation verified (Integrate Mode).
[Gate Light] Checking Open PR Guard Evidence...
[Gate Light] Recalculating Open PR Guard status...
[Gate Light] Open PR Guard Recalculation verified (PASS).
[Gate Light] Open PR Guard verified (blocking_count=0).
[Gate Light] Checking Workspace Healer Evidence...
[Gate Light] Workspace Healer verified (Clean Environment).
[Gate Light] Checking AutoPR Evidence...
[Gate Light] AutoPR verified (State: PASS, Attempt: 2).
[Gate Light] Checking CI Parity JSON Evidence...
[Gate Light] DEBUG: is_shallow_repository=true
[Gate Light] DEBUG: HEAD=0b76f70adb3262a3da3882957c8dd887daf1ac78
[Gate Light] DEBUG: git merge-base origin/main HEAD=8c4e9caaea5501b825ebeef420eeb23bb6c7889f
[Gate Light] DETECTED SHALLOW CLONE. Attempting to unshallow (Fix Strategy A)...
[Gate Light] Unshallow command executed.
[Gate Light] CI Parity Head mismatch (JSON=13f715e3632cd2c9591e812a78fd5d9c79162c65, Calc=0b76f70adb3262a3da3882957c8dd887daf1ac78). Checking for evidence-only update...
[Gate Light] Head mismatch accepted (Evidence/Docs-only update).
[Gate Light] CI Parity JSON Evidence verified.
[Gate Light] Checking Error Digest Evidence...
[Gate Light] Error Summary Commit (73a3866a0cd7d12e33b1dd97c5c3fb1709a3ba77) != HEAD (0b76f70adb3262a3da3882957c8dd887daf1ac78). Checking for allowed drift...
[Gate Light] Drift allowed (Evidence/Docs only).
[Gate Light] Error Digest Evidence Verified.
[Gate Light] Checking doc path standards...
[Gate Light] Doc path standards verified.
[Gate Light] Checking for legacy doc path references...
[CheckDocPathRefs] Scanning for legacy doc path references...
[CheckDocPathRefs] PASS: No legacy doc path references found.
[Gate Light] Checking for banned cmd syntax in PowerShell scripts...
Starting static scan for banned cmd syntax in .ps1 files...
Scanning targets: scripts/run_task.ps1, scripts/test_fail_budget.ps1, scripts/ps/Invoke-Step.ps1
Static scan PASSED.
[Gate Light] Checking for global healthcheck artifacts...
[Gate Light] Global Artifact Guard verified.
[Gate Light] Checking News Pull API Contract...
[Contract Check] Loading schema from: E:\OppRadar\OppRadar\contracts\news_pull_response.schema.json
[Contract Check] Validating Success Sample...
PASS
[Contract Check] Validating Error Sample...
PASS
[Contract Check] All samples validated against schema.
[Gate Light] Checking Rank V2 API Contract...
=== Rank V2 Contract Verification ===
Schema loaded.
Server already running.
Fetching http://localhost:53122/opportunities/rank_v2?provider=mock&limit=5&run_id=verify_rank_v2...
Received 5 items.
Validating against schema...
Schema Validation PASSED.
Response Hash: 5de7f0ed
::set-output name=rank_v2_hash::5de7f0ed
VERIFICATION_SUCCESS
[Gate Light] Checking Export V1 API Contract...
=== Export V1 Contract Verification ===
Schema loaded.
Server already running.
Generating Run assets via http://localhost:53122/scans/run...
Run assets generated. Run ID: scan_0a9270a835b0cae6
Fetching Export: http://localhost:53122/opportunities/runs/export_v1?run_id=scan_0a9270a835b0cae6...
Received Export JSON.
Validating against schema...
Export Schema Validation PASSED.
Export Hash: 8e990567
::set-output name=export_v1_hash::8e990567
EXPORT_CONTRACT_VERIFICATION_SUCCESS
[Gate Light] Checking Ledger V0 API Contract...
=== Ledger V0 Contract Verification ===
Schema loaded.
Server already running.
Fetching /opportunities/ledger/query_v0?limit=1...
Validating against schema...
Validation PASSED.
[Gate Light] Checking healthcheck evidence...
[Gate Light] Using evidence directory: E:\OppRadar\rules\task-reports\2026-02
[Gate Light] Healthcheck evidence verified (Path + Content).
[Gate Light] Checking DoD Evidence Excerpts...
[Gate Light] DoD Evidence Excerpts verified.
[Gate Light] Checking Deletion Audit (Locks & Runs)...
[Gate Light] Deletion Audit: No lock/index yet (Assuming Pre-Integrate or First Run in progress).
[Gate Light] Checking No Auto-Merge (Git Forbidden Commands)...
[Gate Light] No Auto-Merge verified.
[Gate Light] Checking Evidence Truth & Sufficiency (Hardening Rule)...
[Gate Light] Evidence Truth (Two-Pass) verified.
[Gate Light] Evidence Truth & Sufficiency verified.
[Gate Light] Checking CI Parity Preview...
[Gate Light] CI Parity Preview verified.
[Gate Light] Checking Workflow Hardening (NoHistoricalEvidenceTouch & SnippetCommitMustMatch)...
[Gate Light] Fetching origin/main history for diff context...
[Gate Light] Allowed legacy task_id (transition): 260223_007
[Gate Light] NoHistoricalEvidenceTouch verified.
[Gate Light] Snippet commit (13f715e3) != HEAD (0b76f70a). Checking for code drift...
[Gate Light] SnippetCommitMustMatch verified (Evidence/Docs-only update detected).
[Gate Light] SnippetCommitMustMatch verified.
[Gate Light] Checking GATE_LIGHT_EXIT Mechanism...
[Gate Light] GATE_LIGHT_EXIT Mechanism verified.
[Gate Light] Checking Evidence Truth & Consistency...
[Gate Light] Evidence Truth & Consistency verified.
[Gate Light] Checking Rank V2 Contract Version Guard...
[Gate Light] Base Commit: 8c4e9caaea5501b825ebeef420eeb23bb6c7889f
[Gate Light] Schema Unchanged (3bd83a08). Version check skipped.
[Gate Light] Rank V2 Contract Version Guard PASS
[Gate Light] Checking Immutable Integrate & SafeCmd Enforcement...
[Gate Light] Immutable Integrate & SafeCmd Enforcement verified.
[Gate Light] Checking Two-Pass Evidence Truth & No Auto-Merge...
[Gate Light] Two-Pass Evidence Truth & No Auto-Merge verified.
[Gate Light] Checking Error Stats Index & Three-Strike Governance...
[Gate Light] Error Stats Index verified (found records for task_id/run_id).
[Gate Light] Three-Strike recalculation verified.
[Gate Light] Executing: node scripts/postflight_validate_envelope.mjs --task_id 260223_009 --result_dir E:\OppRadar\rules\task-reports\2026-02 --report_dir E:\OppRadar\rules\task-reports\2026-02
[Postflight] Validating 260223_009 in E:\OppRadar\rules\task-reports\2026-02...
[Postflight] Running Evidence Smoke Test for 260223_009...
[SmokeTest] Running Evidence Smoke Test for Task 260223_009 in E:\OppRadar\rules\task-reports\2026-02...
[SmokeTest] PASS: All 22 required files exist and manifest is valid.
[DEBUG] Healthcheck Root Match: DOD_EVIDENCE_HEALTHCHECK_ROOT: 260223_009_healthcheck_53122_root.txt =>
[DEBUG] Healthcheck Pairs Match: DOD_EVIDENCE_HEALTHCHECK_PAIRS: 260223_009_healthcheck_53122_pairs.txt =>
[DEBUG] Checking Evidence File: Label=Root, RefPath='260223_009_healthcheck_53122_root.txt'
[DEBUG] Resolved EvPath: 'E:\OppRadar\rules\task-reports\2026-02\260223_009_healthcheck_53122_root.txt'
[DEBUG] Checking Evidence File: Label=Pairs, RefPath='260223_009_healthcheck_53122_pairs.txt'
[DEBUG] Resolved EvPath: 'E:\OppRadar\rules\task-reports\2026-02\260223_009_healthcheck_53122_pairs.txt'
[Postflight] Report: E:\OppRadar\rules\task-reports\2026-02\260223_009.json
[Postflight] Envelope: E:\OppRadar\rules\task-reports\envelopes\260223_009.envelope.json
[Postflight] PASS
[Gate Light] PASS
GATE_LIGHT_EXIT=0
From https://github.com/dongyupeng2108-bot/OppOrder
 * branch              main       -> FETCH_HEAD


    Verify Log: E:\OppRadar\rules\task-reports\2026-02\gate_light_verify_260223_009.log
[State] POSTFLIGHT...
>>> [RunTask] Step 6: Postflight (Integrate)
>>> [RunTask] Step: Postflight
[Postflight] Validating 260223_009 in E:\OppRadar\rules\task-reports\2026-02...
[Postflight] Running Evidence Smoke Test for 260223_009...
[SmokeTest] Running Evidence Smoke Test for Task 260223_009 in E:\OppRadar\rules\task-reports\2026-02...
[SmokeTest] PASS: All 22 required files exist and manifest is valid.
[DEBUG] Healthcheck Root Match: DOD_EVIDENCE_HEALTHCHECK_ROOT: 260223_009_healthcheck_53122_root.txt =>
[DEBUG] Healthcheck Pairs Match: DOD_EVIDENCE_HEALTHCHECK_PAIRS: 260223_009_healthcheck_53122_pairs.txt =>
[DEBUG] Checking Evidence File: Label=Root, RefPath='260223_009_healthcheck_53122_root.txt'
[DEBUG] Resolved EvPath: 'E:\OppRadar\rules\task-reports\2026-02\260223_009_healthcheck_53122_root.txt'
[DEBUG] Checking Evidence File: Label=Pairs, RefPath='260223_009_healthcheck_53122_pairs.txt'
[DEBUG] Resolved EvPath: 'E:\OppRadar\rules\task-reports\2026-02\260223_009_healthcheck_53122_pairs.txt'
[Postflight] Report: E:\OppRadar\rules\reports\postflight\260223_009.json
[Postflight] Envelope: E:\OppRadar\rules\reports\envelopes\260223_009.envelope.json
[Postflight] PASS


>>> [RunTask] Step 6.5: Error Digest (Pass 2)
>>> [RunTask] Step: Error Digest (Pass 2)
[ErrorDigest] Wrote 1 errors to E:\OppRadar\rules\task-reports\2026-02\errors_260223_009.jsonl
[ErrorDigest] Wrote summary to E:\OppRadar\rules\task-reports\2026-02\errors_summary_260223_009.txt


>>> [RunTask] Step 7: Update Evidence with Verify Logs

>>> [RunTask] Step: Update Evidence
[Assembler] Reading inputs for Task 260223_009 from E:\OppRadar\rules\task-reports\2026-02...
[Assembler] DEBUG taskId="260223_009" evidenceDir="E:\\OppRadar\\rules\\task-reports\\2026-02"
[Assembler] DEBUG attestationPath="E:\\OppRadar\\rules\\task-reports\\2026-02\\preflight_attestation_260223_009.json"
[Assemble] Adding Healthcheck Root Line: DOD_EVIDENCE_HEALTHCHECK_ROOT: 260223_009_healthcheck_53122_root.txt => HTTP/1.1 200 OK
[Assemble] Adding Healthcheck Pairs Line: DOD_EVIDENCE_HEALTHCHECK_PAIRS: 260223_009_healthcheck_53122_pairs.txt => HTTP/1.1 200 OK
[Assembler] Wrote notify file: E:\OppRadar\rules\task-reports\2026-02\notify_260223_009.txt
[Assembler] Updated result JSON: E:\OppRadar\rules\task-reports\2026-02\result_260223_009.json
[Extract Preview] Wrote preview to: E:\OppRadar\rules\task-reports\2026-02\gate_light_preview_260223_009.txt
[Snippet Builder] Building report snippet for task 260223_009...
[Snippet Builder] Wrote snippet to: E:\OppRadar\rules\task-reports\2026-02\trae_report_snippet_260223_009.txt
[Snippet Builder] NOTE: Notify/Result/Index updates must be handled by the caller (dev_batch_mode).
[Assembler] Wrote preview compare: E:\OppRadar\rules\task-reports\2026-02\preview_cmp_260223_009.txt
[Assembler] Wrote contract self-check: E:\OppRadar\rules\task-reports\2026-02\contract_self_check_260223_009.txt
[Assembler] Updated notify with contract self-check: E:\OppRadar\rules\task-reports\2026-02\notify_260223_009.txt
[Assembler] Updated result JSON after contract self-check: E:\OppRadar\rules\task-reports\2026-02\result_260223_009.json
[Assembler] Wrote manifest: E:\OppRadar\rules\task-reports\2026-02\evidence_manifest_260223_009.json
[Assembler] Wrote index: E:\OppRadar\rules\task-reports\2026-02\deliverables_index_260223_009.json
[Postflight] Validating 260223_009 in E:\OppRadar\rules\task-reports\2026-02...
[Postflight] Running Evidence Smoke Test for 260223_009...
[SmokeTest] Running Evidence Smoke Test for Task 260223_009 in E:\OppRadar\rules\task-reports\2026-02...
[SmokeTest] PASS: All 23 required files exist and manifest is valid.
[DEBUG] Healthcheck Root Match: DOD_EVIDENCE_HEALTHCHECK_ROOT: 260223_009_healthcheck_53122_root.txt =>
[DEBUG] Healthcheck Pairs Match: DOD_EVIDENCE_HEALTHCHECK_PAIRS: 260223_009_healthcheck_53122_pairs.txt =>
[DEBUG] Checking Evidence File: Label=Root, RefPath='260223_009_healthcheck_53122_root.txt'
[DEBUG] Resolved EvPath: 'E:\OppRadar\rules\task-reports\2026-02\260223_009_healthcheck_53122_root.txt'
[DEBUG] Checking Evidence File: Label=Pairs, RefPath='260223_009_healthcheck_53122_pairs.txt'
[DEBUG] Resolved EvPath: 'E:\OppRadar\rules\task-reports\2026-02\260223_009_healthcheck_53122_pairs.txt'
[Postflight] Report: E:\OppRadar\rules\task-reports\2026-02\260223_009.json
[Postflight] Envelope: E:\OppRadar\rules\task-reports\envelopes\260223_009.envelope.json
[Postflight] PASS
[Extract Preview] Wrote preview to: E:\OppRadar\rules\task-reports\2026-02\gate_light_preview_260223_009.txt
[Snippet Builder] Building report snippet for task 260223_009...
[Snippet Builder] Wrote snippet to: E:\OppRadar\rules\task-reports\2026-02\trae_report_snippet_260223_009.txt
[Snippet Builder] NOTE: Notify/Result/Index updates must be handled by the caller (dev_batch_mode).
[Postflight] Validating 260223_009 in E:\OppRadar\rules\task-reports\2026-02...
[Postflight] Running Evidence Smoke Test for 260223_009...
[SmokeTest] Running Evidence Smoke Test for Task 260223_009 in E:\OppRadar\rules\task-reports\2026-02...
[SmokeTest] PASS: All 23 required files exist and manifest is valid.
[DEBUG] Healthcheck Root Match: DOD_EVIDENCE_HEALTHCHECK_ROOT: 260223_009_healthcheck_53122_root.txt =>
[DEBUG] Healthcheck Pairs Match: DOD_EVIDENCE_HEALTHCHECK_PAIRS: 260223_009_healthcheck_53122_pairs.txt =>
[DEBUG] Checking Evidence File: Label=Root, RefPath='260223_009_healthcheck_53122_root.txt'
[DEBUG] Resolved EvPath: 'E:\OppRadar\rules\task-reports\2026-02\260223_009_healthcheck_53122_root.txt'
[DEBUG] Checking Evidence File: Label=Pairs, RefPath='260223_009_healthcheck_53122_pairs.txt'
[DEBUG] Resolved EvPath: 'E:\OppRadar\rules\task-reports\2026-02\260223_009_healthcheck_53122_pairs.txt'
[Postflight] Report: E:\OppRadar\rules\task-reports\2026-02\260223_009.json
[Postflight] Envelope: E:\OppRadar\rules\task-reports\envelopes\260223_009.envelope.json
[Postflight] PASS
From https://github.com/dongyupeng2108-bot/OppOrder
 * branch              main       -> FETCH_HEAD
From https://github.com/dongyupeng2108-bot/OppOrder
 * branch              main       -> FETCH_HEAD
[Assembler] FAIL: Contract self-check failed in Integrate mode.
[RunTask] FAILED: Step 'Update Evidence' failed with exit code 1.

========== FAIL_ROOT_CAUSE_BLOCK ==========
Step: Update Evidence
Command: node E:\OppRadar\scripts\assemble_evidence.mjs --task_id=260223_009 --evidence_dir=E:\OppRadar\rules\task-reports\2026-02 --mode=Integrate --phase=assemble
Exit Code: 1
--- STDERR (Tail 80) ---
From https://github.com/dongyupeng2108-bot/OppOrder
 * branch              main       -> FETCH_HEAD
From https://github.com/dongyupeng2108-bot/OppOrder
 * branch              main       -> FETCH_HEAD
[Assembler] FAIL: Contract self-check failed in Integrate mode.

--- STDOUT (Tail 80) ---
[Assembler] Reading inputs for Task 260223_009 from E:\OppRadar\rules\task-reports\2026-02...
[Assembler] DEBUG taskId="260223_009" evidenceDir="E:\\OppRadar\\rules\\task-reports\\2026-02"
[Assembler] DEBUG attestationPath="E:\\OppRadar\\rules\\task-reports\\2026-02\\preflight_attestation_260223_009.json"
[Assemble] Adding Healthcheck Root Line: DOD_EVIDENCE_HEALTHCHECK_ROOT: 260223_009_healthcheck_53122_root.txt => HTTP/1.1 200 OK
[Assemble] Adding Healthcheck Pairs Line: DOD_EVIDENCE_HEALTHCHECK_PAIRS: 260223_009_healthcheck_53122_pairs.txt => HTTP/1.1 200 OK
[Assembler] Wrote notify file: E:\OppRadar\rules\task-reports\2026-02\notify_260223_009.txt
[Assembler] Updated result JSON: E:\OppRadar\rules\task-reports\2026-02\result_260223_009.json
[Extract Preview] Wrote preview to: E:\OppRadar\rules\task-reports\2026-02\gate_light_preview_260223_009.txt
[Snippet Builder] Building report snippet for task 260223_009...
[Snippet Builder] Wrote snippet to: E:\OppRadar\rules\task-reports\2026-02\trae_report_snippet_260223_009.txt
[Snippet Builder] NOTE: Notify/Result/Index updates must be handled by the caller (dev_batch_mode).
[Assembler] Wrote preview compare: E:\OppRadar\rules\task-reports\2026-02\preview_cmp_260223_009.txt
[Assembler] Wrote contract self-check: E:\OppRadar\rules\task-reports\2026-02\contract_self_check_260223_009.txt
[Assembler] Updated notify with contract self-check: E:\OppRadar\rules\task-reports\2026-02\notify_260223_009.txt
[Assembler] Updated result JSON after contract self-check: E:\OppRadar\rules\task-reports\2026-02\result_260223_009.json
[Assembler] Wrote manifest: E:\OppRadar\rules\task-reports\2026-02\evidence_manifest_260223_009.json
[Assembler] Wrote index: E:\OppRadar\rules\task-reports\2026-02\deliverables_index_260223_009.json
[Postflight] Validating 260223_009 in E:\OppRadar\rules\task-reports\2026-02...
[Postflight] Running Evidence Smoke Test for 260223_009...
[SmokeTest] Running Evidence Smoke Test for Task 260223_009 in E:\OppRadar\rules\task-reports\2026-02...
[SmokeTest] PASS: All 23 required files exist and manifest is valid.
[DEBUG] Healthcheck Root Match: DOD_EVIDENCE_HEALTHCHECK_ROOT: 260223_009_healthcheck_53122_root.txt =>
[DEBUG] Healthcheck Pairs Match: DOD_EVIDENCE_HEALTHCHECK_PAIRS: 260223_009_healthcheck_53122_pairs.txt =>
[DEBUG] Checking Evidence File: Label=Root, RefPath='260223_009_healthcheck_53122_root.txt'
[DEBUG] Resolved EvPath: 'E:\OppRadar\rules\task-reports\2026-02\260223_009_healthcheck_53122_root.txt'
[DEBUG] Checking Evidence File: Label=Pairs, RefPath='260223_009_healthcheck_53122_pairs.txt'
[DEBUG] Resolved EvPath: 'E:\OppRadar\rules\task-reports\2026-02\260223_009_healthcheck_53122_pairs.txt'
[Postflight] Report: E:\OppRadar\rules\task-reports\2026-02\260223_009.json
[Postflight] Envelope: E:\OppRadar\rules\task-reports\envelopes\260223_009.envelope.json
[Postflight] PASS
[Extract Preview] Wrote preview to: E:\OppRadar\rules\task-reports\2026-02\gate_light_preview_260223_009.txt
[Snippet Builder] Building report snippet for task 260223_009...
[Snippet Builder] Wrote snippet to: E:\OppRadar\rules\task-reports\2026-02\trae_report_snippet_260223_009.txt
[Snippet Builder] NOTE: Notify/Result/Index updates must be handled by the caller (dev_batch_mode).
[Postflight] Validating 260223_009 in E:\OppRadar\rules\task-reports\2026-02...
[Postflight] Running Evidence Smoke Test for 260223_009...
[SmokeTest] Running Evidence Smoke Test for Task 260223_009 in E:\OppRadar\rules\task-reports\2026-02...
[SmokeTest] PASS: All 23 required files exist and manifest is valid.
[DEBUG] Healthcheck Root Match: DOD_EVIDENCE_HEALTHCHECK_ROOT: 260223_009_healthcheck_53122_root.txt =>
[DEBUG] Healthcheck Pairs Match: DOD_EVIDENCE_HEALTHCHECK_PAIRS: 260223_009_healthcheck_53122_pairs.txt =>
[DEBUG] Checking Evidence File: Label=Root, RefPath='260223_009_healthcheck_53122_root.txt'
[DEBUG] Resolved EvPath: 'E:\OppRadar\rules\task-reports\2026-02\260223_009_healthcheck_53122_root.txt'
[DEBUG] Checking Evidence File: Label=Pairs, RefPath='260223_009_healthcheck_53122_pairs.txt'
[DEBUG] Resolved EvPath: 'E:\OppRadar\rules\task-reports\2026-02\260223_009_healthcheck_53122_pairs.txt'
[Postflight] Report: E:\OppRadar\rules\task-reports\2026-02\260223_009.json
[Postflight] Envelope: E:\OppRadar\rules\task-reports\envelopes\260223_009.envelope.json
[Postflight] PASS

--- Context ---
Evidence Dir: E:\OppRadar\rules\task-reports\2026-02
Task ID: 260223_009
Mode: Integrate
Branch: feat/evidence-fix-260223_009
HEAD: 0b76f70a
==========================================
[RunTask] FAILED: Step 'Update Evidence' Exception: [RunTask] FAILED: Step 'Update Evidence' failed with exit code 1.

========== FAIL_ROOT_CAUSE_BLOCK ==========
Step: Update Evidence
Command: node E:\OppRadar\scripts\assemble_evidence.mjs --task_id=260223_009 --evidence_dir=E:\OppRadar\rules\task-reports\2026-02 --mode=Integrate --phase=assemble
Exit Code: EXCEPTION
--- STDERR (Tail 80) ---
From https://github.com/dongyupeng2108-bot/OppOrder
 * branch              main       -> FETCH_HEAD
From https://github.com/dongyupeng2108-bot/OppOrder
 * branch              main       -> FETCH_HEAD
[Assembler] FAIL: Contract self-check failed in Integrate mode.

--- STDOUT (Tail 80) ---
[Assembler] Reading inputs for Task 260223_009 from E:\OppRadar\rules\task-reports\2026-02...
[Assembler] DEBUG taskId="260223_009" evidenceDir="E:\\OppRadar\\rules\\task-reports\\2026-02"
[Assembler] DEBUG attestationPath="E:\\OppRadar\\rules\\task-reports\\2026-02\\preflight_attestation_260223_009.json"
[Assemble] Adding Healthcheck Root Line: DOD_EVIDENCE_HEALTHCHECK_ROOT: 260223_009_healthcheck_53122_root.txt => HTTP/1.1 200 OK
[Assemble] Adding Healthcheck Pairs Line: DOD_EVIDENCE_HEALTHCHECK_PAIRS: 260223_009_healthcheck_53122_pairs.txt => HTTP/1.1 200 OK
[Assembler] Wrote notify file: E:\OppRadar\rules\task-reports\2026-02\notify_260223_009.txt
[Assembler] Updated result JSON: E:\OppRadar\rules\task-reports\2026-02\result_260223_009.json
[Extract Preview] Wrote preview to: E:\OppRadar\rules\task-reports\2026-02\gate_light_preview_260223_009.txt
[Snippet Builder] Building report snippet for task 260223_009...
[Snippet Builder] Wrote snippet to: E:\OppRadar\rules\task-reports\2026-02\trae_report_snippet_260223_009.txt
[Snippet Builder] NOTE: Notify/Result/Index updates must be handled by the caller (dev_batch_mode).
[Assembler] Wrote preview compare: E:\OppRadar\rules\task-reports\2026-02\preview_cmp_260223_009.txt
[Assembler] Wrote contract self-check: E:\OppRadar\rules\task-reports\2026-02\contract_self_check_260223_009.txt
[Assembler] Updated notify with contract self-check: E:\OppRadar\rules\task-reports\2026-02\notify_260223_009.txt
[Assembler] Updated result JSON after contract self-check: E:\OppRadar\rules\task-reports\2026-02\result_260223_009.json
[Assembler] Wrote manifest: E:\OppRadar\rules\task-reports\2026-02\evidence_manifest_260223_009.json
[Assembler] Wrote index: E:\OppRadar\rules\task-reports\2026-02\deliverables_index_260223_009.json
[Postflight] Validating 260223_009 in E:\OppRadar\rules\task-reports\2026-02...
[Postflight] Running Evidence Smoke Test for 260223_009...
[SmokeTest] Running Evidence Smoke Test for Task 260223_009 in E:\OppRadar\rules\task-reports\2026-02...
[SmokeTest] PASS: All 23 required files exist and manifest is valid.
[DEBUG] Healthcheck Root Match: DOD_EVIDENCE_HEALTHCHECK_ROOT: 260223_009_healthcheck_53122_root.txt =>
[DEBUG] Healthcheck Pairs Match: DOD_EVIDENCE_HEALTHCHECK_PAIRS: 260223_009_healthcheck_53122_pairs.txt =>
[DEBUG] Checking Evidence File: Label=Root, RefPath='260223_009_healthcheck_53122_root.txt'
[DEBUG] Resolved EvPath: 'E:\OppRadar\rules\task-reports\2026-02\260223_009_healthcheck_53122_root.txt'
[DEBUG] Checking Evidence File: Label=Pairs, RefPath='260223_009_healthcheck_53122_pairs.txt'
[DEBUG] Resolved EvPath: 'E:\OppRadar\rules\task-reports\2026-02\260223_009_healthcheck_53122_pairs.txt'
[Postflight] Report: E:\OppRadar\rules\task-reports\2026-02\260223_009.json
[Postflight] Envelope: E:\OppRadar\rules\task-reports\envelopes\260223_009.envelope.json
[Postflight] PASS
[Extract Preview] Wrote preview to: E:\OppRadar\rules\task-reports\2026-02\gate_light_preview_260223_009.txt
[Snippet Builder] Building report snippet for task 260223_009...
[Snippet Builder] Wrote snippet to: E:\OppRadar\rules\task-reports\2026-02\trae_report_snippet_260223_009.txt
[Snippet Builder] NOTE: Notify/Result/Index updates must be handled by the caller (dev_batch_mode).
[Postflight] Validating 260223_009 in E:\OppRadar\rules\task-reports\2026-02...
[Postflight] Running Evidence Smoke Test for 260223_009...
[SmokeTest] Running Evidence Smoke Test for Task 260223_009 in E:\OppRadar\rules\task-reports\2026-02...
[SmokeTest] PASS: All 23 required files exist and manifest is valid.
[DEBUG] Healthcheck Root Match: DOD_EVIDENCE_HEALTHCHECK_ROOT: 260223_009_healthcheck_53122_root.txt =>
[DEBUG] Healthcheck Pairs Match: DOD_EVIDENCE_HEALTHCHECK_PAIRS: 260223_009_healthcheck_53122_pairs.txt =>
[DEBUG] Checking Evidence File: Label=Root, RefPath='260223_009_healthcheck_53122_root.txt'
[DEBUG] Resolved EvPath: 'E:\OppRadar\rules\task-reports\2026-02\260223_009_healthcheck_53122_root.txt'
[DEBUG] Checking Evidence File: Label=Pairs, RefPath='260223_009_healthcheck_53122_pairs.txt'
[DEBUG] Resolved EvPath: 'E:\OppRadar\rules\task-reports\2026-02\260223_009_healthcheck_53122_pairs.txt'
[Postflight] Report: E:\OppRadar\rules\task-reports\2026-02\260223_009.json
[Postflight] Envelope: E:\OppRadar\rules\task-reports\envelopes\260223_009.envelope.json
[Postflight] PASS

--- Context ---
Evidence Dir: E:\OppRadar\rules\task-reports\2026-02
Task ID: 260223_009
Mode: Integrate
Branch: feat/evidence-fix-260223_009
HEAD: 0b76f70a
==========================================


PS>TerminatingError():“[RunTask] FAILED: Step 'Update Evidence' failed with exit code 1.”
[RunTask] FAILED: Script execution error: [RunTask] FAILED: Step 'Update Evidence' failed with exit code 1.
HARD_STOP=1
HARD_STOP_REASON=LOOP_DETECTED
NEXT_ACTION=STOP_AND_REPORT
Escalation report generated: E:\OppRadar\rules\task-reports\2026-02\escalation_260223_009.md
**********************
Windows PowerShell 脚本结束
结束时间: 20260225102408
**********************
