**********************
Windows PowerShell 脚本开始
开始时间: 20260220000839
用户名: DESKTOP-BOHP945\ypdong
RunAs 用户: DESKTOP-BOHP945\ypdong
配置名称: 
计算机: DESKTOP-BOHP945 (Microsoft Windows NT 10.0.19045.0)
主机应用程序: C:\Windows\System32\WindowsPowerShell\v1.0\powershell.exe -NonInteractive -ExecutionPolicy Bypass -File scripts/run_task.ps1 -TaskId 260219_005 -Mode Integrate -Header TraeTask_260219_005
进程 ID: 22000
PSVersion: 5.1.19041.6456
PSEdition: Desktop
PSCompatibleVersions: 1.0, 2.0, 3.0, 4.0, 5.0, 5.1.19041.6456
BuildVersion: 10.0.19041.6456
CLRVersion: 4.0.30319.42000
WSManStackVersion: 3.0
PSRemotingProtocolVersion: 2.3
SerializationVersion: 1.1.0.1
**********************
已启动脚本，输出文件为 E:\OppRadar\rules\task-reports\2026-02\run_260219_005.log
>>> [RunTask] TaskId: 260219_005 | Mode: Integrate | Header: TraeTask_260219_005
>>> [RunTask] Evidence Dir: E:\OppRadar\rules\task-reports\2026-02
[State] INITIALIZING...
>>> [RunTask] Step 0: Service Policy (ensure_server_53122)
>>> [RunTask] Step: Service Policy
[Service Policy] Checking Port 53122...
[Service Policy] Server 53122 is ALREADY RUNNING and Healthy.
>>> [RunTask] Step 0.5: Workspace Healer
>>> [RunTask] Step: Workspace Healer
{
    "mode":  "EnforceClean",
    "branch":  "feat/mg3-codeowners-260219_004_fix",
    "cleaned_paths":  [
                          "rules/task-reports",
                          "rules/reports",
                          "data/opps_ledger",
                          "rules/task-reports/locks",
                          "rules/task-reports/runs"
                      ],
    "after":  {
                  "untracked_count":  0,
                  "tracked_changed_count":  0,
                  "sample_paths":  {

                                   }
              },
    "head_commit":  "0cc30bde8f92e47ffebf618d15b76b6659730188",
    "before":  {
                   "untracked_count":  0,
                   "tracked_changed_count":  0,
                   "sample_paths":  {

                                    }
               },
    "repo_root":  "E:/OppRadar",
    "reason":  null,
    "result":  "PASS"
}
    Workspace Healer PASS. Output: E:\OppRadar\rules\task-reports\2026-02\workspace_healer_260219_005.json
>>> [RunTask] Step 1: Preflight
>>> [RunTask] Step: Preflight
[Preflight] Starting checks for TaskId: 260219_005 | Mode: Integrate | Header: TraeTask_260219_005
[Preflight] Header 'TraeTask_260219_005' => Execution Allowed.
[Preflight] Git Status: Clean | Branch: feat/mg3-codeowners-260219_004_fix
[Preflight] Git Status: Clean | Branch: feat/mg3-codeowners-260219_004_fix
[Preflight] WARNING: Artifact 'result_260219_005.json' already exists. Overwriting allowed in Dev/Integrate flow, but ensure this is intentional.
[Preflight] Checking Port 53122 Health...
[Preflight] Port 53122 is Healthy.
[Preflight] Attestation generated at: E:\OppRadar\rules\task-reports\2026-02\preflight_attestation_260219_005.json
[Preflight] PASS
>>> [RunTask] Step 1.1: Update LATEST.json
    Updated rules/LATEST.json to 260219_005
>>> [RunTask] Step 1.2: Open PR Guard
>>> [RunTask] Step: Open PR Guard
Wrote Open PR Guard evidence to E:\OppRadar\rules\task-reports\2026-02\open_pr_guard_260219_005.json
    Open PR Guard PASS. Output: E:\OppRadar\rules\task-reports\2026-02\open_pr_guard_260219_005.json
>>> [RunTask] Step 1.3: Contract Verification First
>>> [RunTask] Step: Contract Verification
[Contract First] Starting Early Contract Verification...
[Contract First] Verifying Rank V2 (/opportunities/rank_v2?limit=5&provider=mock)...
[Contract First] PASS: Rank V2
[Contract First] Verifying Export V1 (/opportunities/runs/export_v1?limit=5)...
[Contract First] PASS: Export V1
[Contract First] Verifying Ledger V0 (/opportunities/ledger/query_v0?limit=5)...
[Contract First] PASS: Ledger V0
[Contract First] All Contracts Verified Successfully.
>>> [RunTask] Step 1.5: Healthcheck Evidence
>>> [RunTask] Step: Healthcheck Root
>>> [RunTask] Step: Healthcheck Pairs
>>> [RunTask] Step 1.6: CI Parity Probe
>>> [RunTask] Step: CI Parity Probe
[CI Parity Probe] Running for task 260219_005 (JSON Mode)...
[CI Parity Probe] Evidence written to: E:\OppRadar\rules\task-reports\2026-02\ci_parity_260219_005.json
From https://github.com/dongyupeng2108-bot/OppOrder
 * branch            main       -> FETCH_HEAD
[State] GENERATING EVIDENCE...
>>> [RunTask] Step 2: Generate Evidence
>>> [RunTask] Step: Generate Evidence
[State] VERIFYING (Pass 1)...
>>> [RunTask] Step 3: Pass 1 - Gate Light Preview
>>> [RunTask] Step: Pass 1 - Gate Light Preview
[Gate Light] DEBUG: Checking LATEST.json at E:\OppRadar\rules\LATEST.json
[Gate Light] Target locked via argument: 260219_005
[Gate Light] LATEST.json consistency verified.
[Gate Light] Verifying task_id: 260219_005
[Gate Light] Running Automation Pack V1 Hard Guards...
[Gate Light] Checking Workspace Healer Evidence...
[Gate Light] Workspace Healer verified (Clean Environment).
[Gate Light] Checking CI Parity JSON Evidence...
[Gate Light] DEBUG: is_shallow_repository=true
[Gate Light] DEBUG: HEAD=0cc30bde8f92e47ffebf618d15b76b6659730188
[Gate Light] DEBUG: git merge-base origin/main HEAD=e90d60f8113a94ef29ebce09594e49b1921f0e27
[Gate Light] DETECTED SHALLOW CLONE. Attempting to unshallow (Fix Strategy A)...
[Gate Light] Unshallow command executed.
[Gate Light] CI Parity JSON Evidence verified.
[Gate Light] Skipping Error Digest Validation (Preview Mode).
[Gate Light] Checking doc path standards...
[Gate Light] Doc path standards verified.
[Gate Light] Checking for legacy doc path references...
[CheckDocPathRefs] Scanning for legacy doc path references...
[CheckDocPathRefs] PASS: No legacy doc path references found.
[Gate Light] Checking for banned cmd syntax in PowerShell scripts...
Starting static scan for banned cmd syntax in .ps1 files...
Scanning targets: scripts/run_task.ps1, scripts/test_fail_budget.ps1, scripts/ps/Invoke-Step.ps1
Static scan PASSED.
[Gate Light] Checking for global healthcheck artifacts...
[Gate Light] Global Artifact Guard verified.
[Gate Light] Checking News Pull API Contract...
[Contract Check] Loading schema from: E:\OppRadar\OppRadar\contracts\news_pull_response.schema.json
[Contract Check] Validating Success Sample...
PASS
[Contract Check] Validating Error Sample...
PASS
[Contract Check] All samples validated against schema.
[Gate Light] Checking Rank V2 API Contract...
=== Rank V2 Contract Verification ===
Schema loaded.
Server already running.
Fetching http://localhost:53122/opportunities/rank_v2?provider=mock&limit=5&run_id=verify_rank_v2...
Received 5 items.
Validating against schema...
Schema Validation PASSED.
Response Hash: 1e45ff0b
::set-output name=rank_v2_hash::1e45ff0b
VERIFICATION_SUCCESS
[Gate Light] Checking Export V1 API Contract...
=== Export V1 Contract Verification ===
Schema loaded.
Server already running.
Generating Run assets via http://localhost:53122/scans/run...
Run assets generated. Run ID: scan_93cb4f654fb25f70
Fetching Export: http://localhost:53122/opportunities/runs/export_v1?run_id=scan_93cb4f654fb25f70...
Received Export JSON.
Validating against schema...
Export Schema Validation PASSED.
Export Hash: dd8aaa1c
::set-output name=export_v1_hash::dd8aaa1c
EXPORT_CONTRACT_VERIFICATION_SUCCESS
[Gate Light] Checking Ledger V0 API Contract...
=== Ledger V0 Contract Verification ===
Schema loaded.
Server already running.
Fetching /opportunities/ledger/query_v0?limit=1...
Validating against schema...
Validation PASSED.
[Gate Light] Checking healthcheck evidence...
[Gate Light] Using evidence directory: E:\OppRadar\rules\task-reports\2026-02
[Gate Light] Healthcheck evidence verified (Path + Content).
[Gate Light] Skipping DoD Evidence Excerpt Check (Preview Mode).
[Gate Light] Checking Deletion Audit (Locks & Runs)...
[Gate Light] Deletion Audit: No lock/index yet (Assuming Pre-Integrate or First Run in progress).
[Gate Light] Checking No Auto-Merge (Git Forbidden Commands)...
[Gate Light] No Auto-Merge verified.
[Gate Light] Checking Evidence Truth & Sufficiency (Hardening Rule)...
[Gate Light] Skipping DoD Healthcheck marker check (Preview Mode).
[Gate Light] Skipping Evidence Truth check (Generation Mode).
[Gate Light] Evidence Truth & Sufficiency verified.
[Gate Light] Checking CI Parity Preview...
[Gate Light] Checking Workflow Hardening (NoHistoricalEvidenceTouch & SnippetCommitMustMatch)...
[Gate Light] Fetching origin/main history for diff context...
[Gate Light] Allowed legacy task_id (transition): 260219_001
[Gate Light] NoHistoricalEvidenceTouch verified.
[Gate Light] Skipping SnippetCommitMustMatch check (Preview Mode).
[Gate Light] Skipping GATE_LIGHT_EXIT Mechanism check (Preview Mode).
[Gate Light] Skipping Evidence Truth & Consistency check (Preview Mode).
[Gate Light] Checking Rank V2 Contract Version Guard...
[Gate Light] Base Commit: e90d60f8113a94ef29ebce09594e49b1921f0e27
[Gate Light] Schema Unchanged (3bd83a08). Version check skipped.
[Gate Light] Rank V2 Contract Version Guard PASS
[Gate Light] Checking Immutable Integrate & SafeCmd Enforcement...
[Gate Light] Immutable Integrate & SafeCmd Enforcement verified.
[Gate Light] Checking Two-Pass Evidence Truth & No Auto-Merge...
[Gate Light] Two-Pass Evidence Truth & No Auto-Merge verified.
[Gate Light] Skipping Postflight Envelope Validation (Preview Mode).
[Gate Light] PASS
GATE_LIGHT_EXIT=0
From https://github.com/dongyupeng2108-bot/OppOrder
 * branch            main       -> FETCH_HEAD
    Preview Log: E:\OppRadar\rules\task-reports\2026-02\gate_light_preview_260219_005.log
>>> [RunTask] Step 3.5: Error Digest (Pass 1)
>>> [RunTask] Generated Run ID: 20260220000903_0cc30bd
>>> [RunTask] Step: Error Digest (Pass 1)
[ErrorDigest] Wrote NO_ERROR record to E:\OppRadar\rules\task-reports\2026-02\errors_260219_005.jsonl
[ErrorDigest] Wrote summary to E:\OppRadar\rules\task-reports\2026-02\errors_summary_260219_005.txt
>>> [RunTask] Step 3.6: Append Error Stats (Pass 1)
>>> [RunTask] Step: Append Error Stats
Appended 1 records to rules/task-reports/index/error_stats.jsonl
>>> [RunTask] Step 3.7: Three-Strike Governance
>>> [RunTask] Step: Three-Strike Governance
[ThreeStrike] No triggers detected (max count < 3).
>>> [RunTask] Step 4: Assemble Evidence
>>> [RunTask] Step: Assemble Evidence
[Assembler] Reading inputs for Task 260219_005 from E:\OppRadar\rules\task-reports\2026-02...
[Assembler] DEBUG taskId="260219_005" evidenceDir="E:\\OppRadar\\rules\\task-reports\\2026-02"
[Assembler] DEBUG attestationPath="E:\\OppRadar\\rules\\task-reports\\2026-02\\preflight_attestation_260219_005.json"
[Assembler] Wrote notify file: E:\OppRadar\rules\task-reports\2026-02\notify_260219_005.txt
[Assembler] Updated result JSON: E:\OppRadar\rules\task-reports\2026-02\result_260219_005.json
[Assembler] Wrote manifest: E:\OppRadar\rules\task-reports\2026-02\evidence_manifest_260219_005.json
[Assembler] Wrote index: E:\OppRadar\rules\task-reports\2026-02\deliverables_index_260219_005.json
[Assembler] Wrote snippet: E:\OppRadar\rules\task-reports\2026-02\trae_report_snippet_260219_005.txt
[Assembler] SUCCESS: Assembled evidence for Task 260219_005.
[State] VERIFYING (Pass 2)...
>>> [RunTask] Step 5: Pass 2 - Gate Light Verify
>>> [RunTask] Step: Pass 2 - Gate Light Verify
[Gate Light] DEBUG: Checking LATEST.json at E:\OppRadar\rules\LATEST.json
[Gate Light] Target locked via argument: 260219_005
[Gate Light] LATEST.json consistency verified.
[Gate Light] Verifying task_id: 260219_005
[Gate Light] Running Automation Pack V1 Hard Guards...
[Gate Light] Report Block Check Passed: notify_260219_005.txt
[Gate Light] Report Block Check Passed: trae_report_snippet_260219_005.txt
[Gate Light] Header Check Passed: TraeTask_260219_005
[Gate Light] Preflight Attestation verified (Integrate Mode).
[Gate Light] Checking Open PR Guard Evidence...
[Gate Light] Recalculating Open PR Guard status...
[Gate Light] Open PR Guard Recalculation verified (PASS).
[Gate Light] Open PR Guard verified (blocking_count=0).
[Gate Light] Checking Workspace Healer Evidence...
[Gate Light] Workspace Healer verified (Clean Environment).
[Gate Light] Checking AutoPR Evidence...
[Gate Light] FAILED: AutoPR evidence missing: E:\OppRadar\rules\task-reports\2026-02\auto_pr_260219_005.json
  ACTION: Ensure 'run_task.ps1' Step 9 (AutoPR Loop) executed. AutoPR is MANDATORY for Integrate mode.
[RunTask] FAILED: Step 'Pass 2 - Gate Light Verify' failed with exit code 1.

========== FAIL_ROOT_CAUSE_BLOCK ==========
Step: Pass 2 - Gate Light Verify
Command: node E:\OppRadar\scripts\gate_light_ci.mjs --task_id 260219_005 --mode Integrate --result_dir E:\OppRadar\rules\task-reports\2026-02 --run_id 20260220000903_0cc30bd
Exit Code: 1
--- STDERR (Tail 80) ---
[Gate Light] FAILED: AutoPR evidence missing: E:\OppRadar\rules\task-reports\2026-02\auto_pr_260219_005.json
  ACTION: Ensure 'run_task.ps1' Step 9 (AutoPR Loop) executed. AutoPR is MANDATORY for Integrate mode.

--- STDOUT (Tail 80) ---
[Gate Light] DEBUG: Checking LATEST.json at E:\OppRadar\rules\LATEST.json
[Gate Light] Target locked via argument: 260219_005
[Gate Light] LATEST.json consistency verified.
[Gate Light] Verifying task_id: 260219_005
[Gate Light] Running Automation Pack V1 Hard Guards...
[Gate Light] Report Block Check Passed: notify_260219_005.txt
[Gate Light] Report Block Check Passed: trae_report_snippet_260219_005.txt
[Gate Light] Header Check Passed: TraeTask_260219_005
[Gate Light] Preflight Attestation verified (Integrate Mode).
[Gate Light] Checking Open PR Guard Evidence...
[Gate Light] Recalculating Open PR Guard status...
[Gate Light] Open PR Guard Recalculation verified (PASS).
[Gate Light] Open PR Guard verified (blocking_count=0).
[Gate Light] Checking Workspace Healer Evidence...
[Gate Light] Workspace Healer verified (Clean Environment).
[Gate Light] Checking AutoPR Evidence...

--- Context ---
Evidence Dir: E:\OppRadar\rules\task-reports\2026-02
Task ID: 260219_005
Mode: Integrate
Branch: feat/mg3-codeowners-260219_004_fix
HEAD: 0cc30bd
==========================================
[RunTask] FAILED: Step 'Pass 2 - Gate Light Verify' Exception: [RunTask] FAILED: Step 'Pass 2 - Gate Light Verify' failed with exit code 1.

========== FAIL_ROOT_CAUSE_BLOCK ==========
Step: Pass 2 - Gate Light Verify
Command: node E:\OppRadar\scripts\gate_light_ci.mjs --task_id 260219_005 --mode Integrate --result_dir E:\OppRadar\rules\task-reports\2026-02 --run_id 20260220000903_0cc30bd
Exit Code: EXCEPTION
--- STDERR (Tail 80) ---
[Gate Light] FAILED: AutoPR evidence missing: E:\OppRadar\rules\task-reports\2026-02\auto_pr_260219_005.json
  ACTION: Ensure 'run_task.ps1' Step 9 (AutoPR Loop) executed. AutoPR is MANDATORY for Integrate mode.

--- STDOUT (Tail 80) ---
[Gate Light] DEBUG: Checking LATEST.json at E:\OppRadar\rules\LATEST.json
[Gate Light] Target locked via argument: 260219_005
[Gate Light] LATEST.json consistency verified.
[Gate Light] Verifying task_id: 260219_005
[Gate Light] Running Automation Pack V1 Hard Guards...
[Gate Light] Report Block Check Passed: notify_260219_005.txt
[Gate Light] Report Block Check Passed: trae_report_snippet_260219_005.txt
[Gate Light] Header Check Passed: TraeTask_260219_005
[Gate Light] Preflight Attestation verified (Integrate Mode).
[Gate Light] Checking Open PR Guard Evidence...
[Gate Light] Recalculating Open PR Guard status...
[Gate Light] Open PR Guard Recalculation verified (PASS).
[Gate Light] Open PR Guard verified (blocking_count=0).
[Gate Light] Checking Workspace Healer Evidence...
[Gate Light] Workspace Healer verified (Clean Environment).
[Gate Light] Checking AutoPR Evidence...

--- Context ---
Evidence Dir: E:\OppRadar\rules\task-reports\2026-02
Task ID: 260219_005
Mode: Integrate
Branch: feat/mg3-codeowners-260219_004_fix
HEAD: 0cc30bd
==========================================
PS>TerminatingError():“[RunTask] FAILED: Step 'Pass 2 - Gate Light Verify' failed with exit code 1.”
[RunTask] FAILED: Script execution error: [RunTask] FAILED: Step 'Pass 2 - Gate Light Verify' failed with exit code 1.
**********************
Windows PowerShell 脚本结束
结束时间: 20260220000905
**********************
