**********************
Windows PowerShell 脚本开始
开始时间: 20260222130303
用户名: DESKTOP-BOHP945\ypdong
RunAs 用户: DESKTOP-BOHP945\ypdong
配置名称: 
计算机: DESKTOP-BOHP945 (Microsoft Windows NT 10.0.19045.0)
主机应用程序: C:\Windows\System32\WindowsPowerShell\v1.0\powershell.exe -NonInteractive -ExecutionPolicy Bypass -File scripts/run_task.ps1 -TaskId 260222_002c -Mode Integrate -Header TraeTask_260222_002c
进程 ID: 6300
PSVersion: 5.1.19041.6456
PSEdition: Desktop
PSCompatibleVersions: 1.0, 2.0, 3.0, 4.0, 5.0, 5.1.19041.6456
BuildVersion: 10.0.19041.6456
CLRVersion: 4.0.30319.42000
WSManStackVersion: 3.0
PSRemotingProtocolVersion: 2.3
SerializationVersion: 1.1.0.1
**********************
已启动脚本，输出文件为 E:\OppRadar\rules\task-reports\2026-02\run_260222_002c.log
>>> [RunTask] TaskId: 260222_002c | Mode: Integrate | Header: TraeTask_260222_002c
>>> [RunTask] Evidence Dir: E:\OppRadar\rules\task-reports\2026-02
[State] INITIALIZING...
>>> [RunTask] Step 0: Service Policy (ensure_server_53122)
>>> [RunTask] Step: Service Policy
[Service Policy] Checking Port 53122...
[Service Policy] Server 53122 is ALREADY RUNNING and Healthy.
>>> [RunTask] Step 0.5: Workspace Healer
>>> [RunTask] Step: Workspace Healer
{
    "mode":  "EnforceClean",
    "branch":  "feat/taskid-single-source-260222_002a",
    "cleaned_paths":  [
                          "rules/task-reports",
                          "rules/reports",
                          "data/opps_ledger",
                          "rules/task-reports/locks",
                          "rules/task-reports/runs"
                      ],
    "after":  {
                  "untracked_count":  0,
                  "tracked_changed_count":  0,
                  "sample_paths":  {

                                   }
              },
    "head_commit":  "acef3356d8e9427eea06aced090015f0fa18f77a",
    "before":  {
                   "untracked_count":  0,
                   "tracked_changed_count":  0,
                   "sample_paths":  {

                                    }
               },
    "repo_root":  "E:/OppRadar",
    "reason":  null,
    "result":  "PASS"
}
    Workspace Healer PASS. Output: E:\OppRadar\rules\task-reports\2026-02\workspace_healer_260222_002c.json
>>> [RunTask] Step 1: Preflight
>>> [RunTask] Step: Preflight
[Preflight] Starting checks for TaskId: 260222_002c | Mode: Integrate | Header: TraeTask_260222_002c
[Preflight] Header 'TraeTask_260222_002c' => Execution Allowed.
[Preflight] Git Status: Clean | Branch: feat/taskid-single-source-260222_002a
[Preflight] Git Status: Clean | Branch: feat/taskid-single-source-260222_002a
[Preflight] Checking Port 53122 Health...
[Preflight] Port 53122 is Healthy.
[Preflight] Attestation generated at: E:\OppRadar\rules\task-reports\2026-02\preflight_attestation_260222_002c.json
[Preflight] PASS
PS>TerminatingError(run_task.ps1):“已停止该运行的命令，因为首选项变量“ErrorActionPreference”或通用参数设置为 Stop: ========== TASK_ID_BINDING_FAILFAST ==========”
[RunTask] FAILED: Script execution error: ========== TASK_ID_BINDING_FAILFAST ==========
**********************
Windows PowerShell 脚本结束
结束时间: 20260222130309
**********************
