**********************
PowerShell transcript start
Start time: 20260221232913
Username: DESKTOP-BOHP945\ypdong
RunAs User: DESKTOP-BOHP945\ypdong
Configuration Name: 
Machine: DESKTOP-BOHP945 (Microsoft Windows NT 10.0.19045.0)
Host Application: C:\Program Files\PowerShell\7\pwsh.dll -noexit -command try { . "d:\Trae\resources\app\out\vs\workbench\contrib\terminal\common\scripts\shellIntegration.ps1" } catch {}
Process ID: 16704
PSVersion: 7.4.13
PSEdition: Core
GitCommitId: 7.4.13
OS: Microsoft Windows 10.0.19045
Platform: Win32NT
PSCompatibleVersions: 1.0, 2.0, 3.0, 4.0, 5.0, 5.1, 6.0, 7.0
PSRemotingProtocolVersion: 2.3
SerializationVersion: 1.1.0.1
WSManStackVersion: 3.0
**********************
Transcript started, output file is E:\OppRadar\rules\task-reports\2026-02\run_260221_012d.log
>>> [RunTask] TaskId: 260221_012d | Mode: Integrate | Header: TraeTask_260221_012d
>>> [RunTask] Evidence Dir: E:\OppRadar\rules\task-reports\2026-02
[State] INITIALIZING...
>>> [RunTask] Step 0: Service Policy (ensure_server_53122)
>>> [RunTask] Step: Service Policy
[Service Policy] Checking Port 53122...
[Service Policy] Server 53122 is ALREADY RUNNING and Healthy.
>>> [RunTask] Step 0.5: Workspace Healer
>>> [RunTask] Step: Workspace Healer
{
    "mode":  "EnforceClean",
    "branch":  "feat/docs-deliver-002-goals-260221_012c",
    "cleaned_paths":  [
                          "rules/task-reports",
                          "rules/reports",
                          "data/opps_ledger",
                          "rules/task-reports/locks",
                          "rules/task-reports/runs"
                      ],
    "after":  {
                  "untracked_count":  0,
                  "tracked_changed_count":  0,
                  "sample_paths":  {

                                   }
              },
    "head_commit":  "0ade34fa662026734824a439a3f628ab7f8aca8e",
    "before":  {
                   "untracked_count":  0,
                   "tracked_changed_count":  0,
                   "sample_paths":  {

                                    }
               },
    "repo_root":  "E:/OppRadar",
    "reason":  null,
    "result":  "PASS"
}
    Workspace Healer PASS. Output: E:\OppRadar\rules\task-reports\2026-02\workspace_healer_260221_012d.json
>>> [RunTask] Step 1: Preflight
>>> [RunTask] Step: Preflight
[Preflight] Starting checks for TaskId: 260221_012d | Mode: Integrate | Header: TraeTask_260221_012d
[Preflight] Header 'TraeTask_260221_012d' => Execution Allowed.
[Preflight] Git Status: Clean | Branch: feat/docs-deliver-002-goals-260221_012c
[Preflight] Git Status: Clean | Branch: feat/docs-deliver-002-goals-260221_012c
[Preflight] Checking Port 53122 Health...
[Preflight] Port 53122 is Healthy.
[Preflight] Attestation generated at: E:\OppRadar\rules\task-reports\2026-02\preflight_attestation_260221_012d.json
[Preflight] PASS
>>> [RunTask] Step 1.1: Update LATEST.json
    Updated rules/LATEST.json to 260221_012d
>>> [RunTask] Step 1.2: Open PR Guard
>>> [RunTask] Step: Open PR Guard
Wrote Open PR Guard evidence to E:\OppRadar\rules\task-reports\2026-02\open_pr_guard_260221_012d.json
    Open PR Guard PASS. Output: E:\OppRadar\rules\task-reports\2026-02\open_pr_guard_260221_012d.json
>>> [RunTask] Step 1.3: Contract Verification First
>>> [RunTask] Step: Contract Verification
[Contract First] Starting Early Contract Verification...
[Contract First] Verifying Rank V2 (/opportunities/rank_v2?limit=5&provider=mock)...
[Contract First] PASS: Rank V2
[Contract First] Verifying Export V1 (/opportunities/runs/export_v1?limit=5)...
[Contract First] PASS: Export V1
[Contract First] Verifying Ledger V0 (/opportunities/ledger/query_v0?limit=5)...
[Contract First] PASS: Ledger V0
[Contract First] All Contracts Verified Successfully.
>>> [RunTask] Step 1.5: Healthcheck Evidence
>>> [RunTask] Step: Healthcheck Root
>>> [RunTask] Step: Healthcheck Pairs
>>> [RunTask] Step 1.6: CI Parity Probe
>>> [RunTask] Step: CI Parity Probe
[CI Parity Probe] Running for task 260221_012d (JSON Mode)...
[CI Parity Probe] Evidence written to: E:\OppRadar\rules\task-reports\2026-02\ci_parity_260221_012d.json
From https://github.com/dongyupeng2108-bot/OppOrder
 * branch              main       -> FETCH_HEAD
[State] GENERATING EVIDENCE...
>>> [RunTask] Step 2: Generate Evidence
>>> [RunTask] Step: Generate Evidence
[State] VERIFYING (Pass 1)...
>>> [RunTask] Step 3: Pass 1 - Gate Light Preview
>>> [RunTask] Step: Pass 1 - Gate Light Preview
[Gate Light] DEBUG: Checking LATEST.json at E:\OppRadar\rules\LATEST.json
[Gate Light] Target locked via argument: 260221_012d
PR_TASK_ID_DETECTED=260221_012d
TARGET_TASK_ID=260221_012d
LATEST_TASK_ID=260221_012d
[Gate Light] LATEST.json consistency verified.
[Gate Light] Verifying task_id: 260221_012d
[Gate Light] Running Automation Pack V1 Hard Guards...
[Gate Light] Checking Workspace Healer Evidence...
[Gate Light] Workspace Healer verified (Clean Environment).
[Gate Light] Checking CI Parity JSON Evidence...
[Gate Light] DEBUG: is_shallow_repository=true
[Gate Light] DEBUG: HEAD=0ade34fa662026734824a439a3f628ab7f8aca8e
[Gate Light] DEBUG: git merge-base origin/main HEAD=2b7ad1a37e8a35d22f5bd953a9f1db49a0604379
[Gate Light] DETECTED SHALLOW CLONE. Attempting to unshallow (Fix Strategy A)...
[Gate Light] Unshallow command executed.
[Gate Light] CI Parity JSON Evidence verified.
[Gate Light] Skipping Error Digest Validation (Preview Mode).
[Gate Light] Checking doc path standards...
[Gate Light] Doc path standards verified.
[Gate Light] Checking for legacy doc path references...
[CheckDocPathRefs] Scanning for legacy doc path references...
[CheckDocPathRefs] PASS: No legacy doc path references found.
[Gate Light] Checking for banned cmd syntax in PowerShell scripts...
Starting static scan for banned cmd syntax in .ps1 files...
Scanning targets: scripts/run_task.ps1, scripts/test_fail_budget.ps1, scripts/ps/Invoke-Step.ps1
Static scan PASSED.
[Gate Light] Checking for global healthcheck artifacts...
[Gate Light] Global Artifact Guard verified.
[Gate Light] Checking News Pull API Contract...
[Contract Check] Loading schema from: E:\OppRadar\OppRadar\contracts\news_pull_response.schema.json
[Contract Check] Validating Success Sample...
PASS
[Contract Check] Validating Error Sample...
PASS
[Contract Check] All samples validated against schema.
[Gate Light] Checking Rank V2 API Contract...
=== Rank V2 Contract Verification ===
Schema loaded.
Server already running.
Fetching http://localhost:53122/opportunities/rank_v2?provider=mock&limit=5&run_id=verify_rank_v2...
Received 5 items.
Validating against schema...
Schema Validation PASSED.
Response Hash: 7afefc77
::set-output name=rank_v2_hash::7afefc77
VERIFICATION_SUCCESS
[Gate Light] Checking Export V1 API Contract...
=== Export V1 Contract Verification ===
Schema loaded.
Server already running.
Generating Run assets via http://localhost:53122/scans/run...
Run assets generated. Run ID: scan_5de21574bdd01734
Fetching Export: http://localhost:53122/opportunities/runs/export_v1?run_id=scan_5de21574bdd01734...
Received Export JSON.
Validating against schema...
Export Schema Validation PASSED.
Export Hash: f430aefc
::set-output name=export_v1_hash::f430aefc
EXPORT_CONTRACT_VERIFICATION_SUCCESS
[Gate Light] Checking Ledger V0 API Contract...
=== Ledger V0 Contract Verification ===
Schema loaded.
Server already running.
Fetching /opportunities/ledger/query_v0?limit=1...
Validating against schema...
Validation PASSED.
[Gate Light] Checking healthcheck evidence...
[Gate Light] Using evidence directory: E:\OppRadar\rules\task-reports\2026-02
[Gate Light] Healthcheck evidence verified (Path + Content).
[Gate Light] Skipping DoD Evidence Excerpt Check (Preview Mode).
[Gate Light] Checking Deletion Audit (Locks & Runs)...
[Gate Light] Deletion Audit: No lock/index yet (Assuming Pre-Integrate or First Run in progress).
[Gate Light] Checking No Auto-Merge (Git Forbidden Commands)...
[Gate Light] No Auto-Merge verified.
[Gate Light] Checking Evidence Truth & Sufficiency (Hardening Rule)...
[Gate Light] Skipping DoD Healthcheck marker check (Preview Mode).
[Gate Light] Skipping Evidence Truth check (Generation Mode).
[Gate Light] Evidence Truth & Sufficiency verified.
[Gate Light] Checking CI Parity Preview...
[Gate Light] Checking Workflow Hardening (NoHistoricalEvidenceTouch & SnippetCommitMustMatch)...
[Gate Light] Fetching origin/main history for diff context...
[Gate Light] Allowed legacy task_id (transition): 260221_004f
[Gate Light] NoHistoricalEvidenceTouch verified.
[Gate Light] Skipping SnippetCommitMustMatch check (Preview Mode).
[Gate Light] Skipping GATE_LIGHT_EXIT Mechanism check (Preview Mode).
[Gate Light] Skipping Evidence Truth & Consistency check (Preview Mode).
[Gate Light] Checking Rank V2 Contract Version Guard...
[Gate Light] Base Commit: 2b7ad1a37e8a35d22f5bd953a9f1db49a0604379
[Gate Light] Schema Unchanged (3bd83a08). Version check skipped.
[Gate Light] Rank V2 Contract Version Guard PASS
[Gate Light] Checking Immutable Integrate & SafeCmd Enforcement...
[Gate Light] Immutable Integrate & SafeCmd Enforcement verified.
[Gate Light] Checking Two-Pass Evidence Truth & No Auto-Merge...
[Gate Light] Two-Pass Evidence Truth & No Auto-Merge verified.
[Gate Light] Skipping Postflight Envelope Validation (Preview Mode).
[Gate Light] PASS
GATE_LIGHT_EXIT=0
From https://github.com/dongyupeng2108-bot/OppOrder
 - [deleted]           (none)     -> origin/feat/docs-deliver-002-goals-260221_012b
 - [deleted]           (none)     -> origin/feat/docs-deliver-002-goals-260221_012c
 * [new branch]        feat/docs-deliver-002-goals-260221_012d -> origin/feat/docs-deliver-002-goals-260221_012d
From https://github.com/dongyupeng2108-bot/OppOrder
 * branch              main       -> FETCH_HEAD
    Preview Log: E:\OppRadar\rules\task-reports\2026-02\gate_light_preview_260221_012d.log
>>> [RunTask] Step 3.5: Error Digest (Pass 1)
>>> [RunTask] Generated Run ID: 20260221232936_0ade34f
>>> [RunTask] Step: Error Digest (Pass 1)
[ErrorDigest] Wrote NO_ERROR record to E:\OppRadar\rules\task-reports\2026-02\errors_260221_012d.jsonl
[ErrorDigest] Wrote summary to E:\OppRadar\rules\task-reports\2026-02\errors_summary_260221_012d.txt
>>> [RunTask] Step 3.6: Append Error Stats (Pass 1)
>>> [RunTask] Step: Append Error Stats
Appended 1 records to rules/task-reports/index/error_stats.jsonl
>>> [RunTask] Step 3.7: Three-Strike Governance
>>> [RunTask] Step: Three-Strike Governance
[ThreeStrike] No triggers detected (max count < 3).
>>> [RunTask] Step 4: Assemble Evidence
>>> [RunTask] Step: Assemble Evidence
[Assembler] Reading inputs for Task 260221_012d from E:\OppRadar\rules\task-reports\2026-02...
[Assembler] DEBUG taskId="260221_012d" evidenceDir="E:\\OppRadar\\rules\\task-reports\\2026-02"
[Assembler] DEBUG attestationPath="E:\\OppRadar\\rules\\task-reports\\2026-02\\preflight_attestation_260221_012d.json"
[Assembler] Wrote notify file: E:\OppRadar\rules\task-reports\2026-02\notify_260221_012d.txt
[Assembler] Updated result JSON: E:\OppRadar\rules\task-reports\2026-02\result_260221_012d.json
[Assembler] Wrote contract self-check: E:\OppRadar\rules\task-reports\2026-02\contract_self_check_260221_012d.txt
[Assembler] Updated notify with contract self-check: E:\OppRadar\rules\task-reports\2026-02\notify_260221_012d.txt
[Assembler] Updated result JSON after contract self-check: E:\OppRadar\rules\task-reports\2026-02\result_260221_012d.json
[Assembler] Wrote manifest: E:\OppRadar\rules\task-reports\2026-02\evidence_manifest_260221_012d.json
[Assembler] Wrote index: E:\OppRadar\rules\task-reports\2026-02\deliverables_index_260221_012d.json
[Assembler] Wrote snippet: E:\OppRadar\rules\task-reports\2026-02\trae_report_snippet_260221_012d.txt
[Assembler] SUCCESS: Assembled evidence for Task 260221_012d.
[State] VERIFYING (Pass 2)...
>>> [RunTask] Step 5: Pass 2 - Gate Light Verify
>>> [RunTask] Step: Pass 2 - Gate Light Verify
[Gate Light] DEBUG: Checking LATEST.json at E:\OppRadar\rules\LATEST.json
[Gate Light] Target locked via argument: 260221_012d
PR_TASK_ID_DETECTED=260221_012d
TARGET_TASK_ID=260221_012d
LATEST_TASK_ID=260221_012d
[Gate Light] LATEST.json consistency verified.
[Gate Light] Verifying task_id: 260221_012d
[Gate Light] Running Automation Pack V1 Hard Guards...
[Gate Light] Report Block Check Passed: notify_260221_012d.txt
[Gate Light] Report Block Check Passed: trae_report_snippet_260221_012d.txt
[Gate Light] Header Check Passed: TraeTask_260221_012d
[Gate Light] Preflight Attestation verified (Integrate Mode).
[Gate Light] Checking Open PR Guard Evidence...
[Gate Light] Recalculating Open PR Guard status...
[Gate Light] Open PR Guard Recalculation verified (PASS).
[Gate Light] Open PR Guard verified (blocking_count=0).
[Gate Light] Checking Workspace Healer Evidence...
[Gate Light] Workspace Healer verified (Clean Environment).
[Gate Light] Checking AutoPR Evidence...
[Gate Light] FAILED: AutoPR evidence missing: E:\OppRadar\rules\task-reports\2026-02\auto_pr_260221_012d.json
  ACTION: Ensure 'run_task.ps1' Step 9 (AutoPR Loop) executed. AutoPR is MANDATORY for Integrate mode.
[RunTask] FAILED: Step 'Pass 2 - Gate Light Verify' failed with exit code 1.

========== FAIL_ROOT_CAUSE_BLOCK ==========
Step: Pass 2 - Gate Light Verify
Command: node E:\OppRadar\scripts\gate_light_ci.mjs --task_id 260221_012d --mode Integrate --result_dir E:\OppRadar\rules\task-reports\2026-02 --run_id 20260221232936_0ade34f
Exit Code: 1
--- STDERR (Tail 80) ---
[Gate Light] FAILED: AutoPR evidence missing: E:\OppRadar\rules\task-reports\2026-02\auto_pr_260221_012d.json
  ACTION: Ensure 'run_task.ps1' Step 9 (AutoPR Loop) executed. AutoPR is MANDATORY for Integrate mode.

--- STDOUT (Tail 80) ---
[Gate Light] DEBUG: Checking LATEST.json at E:\OppRadar\rules\LATEST.json
[Gate Light] Target locked via argument: 260221_012d
PR_TASK_ID_DETECTED=260221_012d
TARGET_TASK_ID=260221_012d
LATEST_TASK_ID=260221_012d
[Gate Light] LATEST.json consistency verified.
[Gate Light] Verifying task_id: 260221_012d
[Gate Light] Running Automation Pack V1 Hard Guards...
[Gate Light] Report Block Check Passed: notify_260221_012d.txt
[Gate Light] Report Block Check Passed: trae_report_snippet_260221_012d.txt
[Gate Light] Header Check Passed: TraeTask_260221_012d
[Gate Light] Preflight Attestation verified (Integrate Mode).
[Gate Light] Checking Open PR Guard Evidence...
[Gate Light] Recalculating Open PR Guard status...
[Gate Light] Open PR Guard Recalculation verified (PASS).
[Gate Light] Open PR Guard verified (blocking_count=0).
[Gate Light] Checking Workspace Healer Evidence...
[Gate Light] Workspace Healer verified (Clean Environment).
[Gate Light] Checking AutoPR Evidence...

--- Context ---
Evidence Dir: E:\OppRadar\rules\task-reports\2026-02
Task ID: 260221_012d
Mode: Integrate
Branch: feat/docs-deliver-002-goals-260221_012c
HEAD: 0ade34fa
==========================================
[RunTask] FAILED: Step 'Pass 2 - Gate Light Verify' Exception: [RunTask] FAILED: Step 'Pass 2 - Gate Light Verify' failed with exit code 1.

========== FAIL_ROOT_CAUSE_BLOCK ==========
Step: Pass 2 - Gate Light Verify
Command: node E:\OppRadar\scripts\gate_light_ci.mjs --task_id 260221_012d --mode Integrate --result_dir E:\OppRadar\rules\task-reports\2026-02 --run_id 20260221232936_0ade34f
Exit Code: EXCEPTION
--- STDERR (Tail 80) ---
[Gate Light] FAILED: AutoPR evidence missing: E:\OppRadar\rules\task-reports\2026-02\auto_pr_260221_012d.json
  ACTION: Ensure 'run_task.ps1' Step 9 (AutoPR Loop) executed. AutoPR is MANDATORY for Integrate mode.

--- STDOUT (Tail 80) ---
[Gate Light] DEBUG: Checking LATEST.json at E:\OppRadar\rules\LATEST.json
[Gate Light] Target locked via argument: 260221_012d
PR_TASK_ID_DETECTED=260221_012d
TARGET_TASK_ID=260221_012d
LATEST_TASK_ID=260221_012d
[Gate Light] LATEST.json consistency verified.
[Gate Light] Verifying task_id: 260221_012d
[Gate Light] Running Automation Pack V1 Hard Guards...
[Gate Light] Report Block Check Passed: notify_260221_012d.txt
[Gate Light] Report Block Check Passed: trae_report_snippet_260221_012d.txt
[Gate Light] Header Check Passed: TraeTask_260221_012d
[Gate Light] Preflight Attestation verified (Integrate Mode).
[Gate Light] Checking Open PR Guard Evidence...
[Gate Light] Recalculating Open PR Guard status...
[Gate Light] Open PR Guard Recalculation verified (PASS).
[Gate Light] Open PR Guard verified (blocking_count=0).
[Gate Light] Checking Workspace Healer Evidence...
[Gate Light] Workspace Healer verified (Clean Environment).
[Gate Light] Checking AutoPR Evidence...

--- Context ---
Evidence Dir: E:\OppRadar\rules\task-reports\2026-02
Task ID: 260221_012d
Mode: Integrate
Branch: feat/docs-deliver-002-goals-260221_012c
HEAD: 0ade34fa
==========================================
PS>TerminatingError(): "[RunTask] FAILED: Step 'Pass 2 - Gate Light Verify' failed with exit code 1."
[RunTask] FAILED: Script execution error: [RunTask] FAILED: Step 'Pass 2 - Gate Light Verify' failed with exit code 1.
**********************
PowerShell transcript end
End time: 20260221232937
**********************
