**********************
Windows PowerShell 脚本开始
开始时间: 20260223095905
用户名: DESKTOP-BOHP945\ypdong
RunAs 用户: DESKTOP-BOHP945\ypdong
配置名称: 
计算机: DESKTOP-BOHP945 (Microsoft Windows NT 10.0.19045.0)
主机应用程序: C:\Windows\System32\WindowsPowerShell\v1.0\powershell.exe -NonInteractive -ExecutionPolicy Bypass -File .\scripts\run_task.ps1 -TaskId 260223_002a -Mode Integrate -Header FIX:继续 -AutoFixMax 0 -AutoPR 0
进程 ID: 23344
PSVersion: 5.1.19041.6456
PSEdition: Desktop
PSCompatibleVersions: 1.0, 2.0, 3.0, 4.0, 5.0, 5.1.19041.6456
BuildVersion: 10.0.19041.6456
CLRVersion: 4.0.30319.42000
WSManStackVersion: 3.0
PSRemotingProtocolVersion: 2.3
SerializationVersion: 1.1.0.1
**********************
已启动脚本，输出文件为 E:\OppRadar\rules\task-reports\2026-02\run_260223_002a.log
>>> [RunTask] Step 1: Preflight
>>> [RunTask] Step: Preflight
[Preflight] Starting checks for TaskId: 260223_002a | Mode: Integrate | Header: FIX:继续
[Preflight] Header 'FIX:继续' => Execution Allowed.
[Preflight] Git Status: Clean | Branch: fix/merge-log-260223_002a
[Preflight] Git Status: Clean | Branch: fix/merge-log-260223_002a
[Preflight] WARNING: Artifact 'result_260223_002a.json' already exists. Overwriting allowed in Dev/Integrate flow, but ensure this is intentional.
[Preflight] Checking Port 53122 Health...
[Preflight] Port 53122 is Healthy.
[Preflight] Attestation generated at: E:\OppRadar\rules\task-reports\2026-02\preflight_attestation_260223_002a.json
[Preflight] PASS
>>> [RunTask] Step 1.1: Update LATEST.json
    Updated rules/LATEST.json to 260223_002a
>>> [RunTask] Step 1.2: Open PR Guard
>>> [RunTask] Step: Open PR Guard
Wrote Open PR Guard evidence to E:\OppRadar\rules\task-reports\2026-02\open_pr_guard_260223_002a.json
    Open PR Guard PASS. Output: E:\OppRadar\rules\task-reports\2026-02\open_pr_guard_260223_002a.json
>>> [RunTask] Step 1.3: Contract Verification First
>>> [RunTask] Step: Contract Verification
[Contract First] Starting Early Contract Verification...
[Contract First] Verifying Rank V2 (/opportunities/rank_v2?limit=5&provider=mock)...
[Contract First] PASS: Rank V2
[Contract First] Verifying Export V1 (/opportunities/runs/export_v1?limit=5)...
[Contract First] PASS: Export V1
[Contract First] Verifying Ledger V0 (/opportunities/ledger/query_v0?limit=5)...
[Contract First] PASS: Ledger V0
[Contract First] All Contracts Verified Successfully.
>>> [RunTask] Step 1.5: Healthcheck Evidence
>>> [RunTask] Step: Healthcheck Root
>>> [RunTask] Step: Healthcheck Pairs
>>> [RunTask] Step 1.6: CI Parity Probe
>>> [RunTask] Step: CI Parity Probe
[CI Parity Probe] Running for task 260223_002a (JSON Mode)...
[CI Parity Probe] Evidence written to: E:\OppRadar\rules\task-reports\2026-02\ci_parity_260223_002a.json
From https://github.com/dongyupeng2108-bot/OppOrder
 * branch              main       -> FETCH_HEAD
[State] GENERATING EVIDENCE...
>>> [RunTask] Step 2: Generate Evidence
>>> [RunTask] Step: Generate Evidence
PS>TerminatingError(Wait-Process):“已停止该运行的命令，因为首选项变量“ErrorActionPreference”或通用参数设置为 Stop: 由于进程“node (23136)”未在指定的超时时间内停止，此命令已停止运行。”
[RunTask] FAILED: Step 'Generate Evidence' TIMED OUT after 0s.

========== FAIL_ROOT_CAUSE_BLOCK ==========
Step: Generate Evidence
Command: node E:\OppRadar\rules\task-reports\2026-02\generate_evidence_260223_002a.mjs
Exit Code: TIMEOUT
--- STDERR (Tail 80) ---

[RunTask] Step 'Generate Evidence' TIMED OUT
--- STDOUT (Tail 80) ---
--- Context ---
Evidence Dir: E:\OppRadar\rules\task-reports\2026-02
Task ID: 260223_002a
Mode: Integrate
Branch: fix/merge-log-260223_002a
HEAD: 04b83286
==========================================
[RunTask] FAILED: Step 'Generate Evidence' Exception: [RunTask] FAILED: Step 'Generate Evidence' TIMED OUT after 0s.

========== FAIL_ROOT_CAUSE_BLOCK ==========
Step: Generate Evidence
Command: node E:\OppRadar\rules\task-reports\2026-02\generate_evidence_260223_002a.mjs
Exit Code: EXCEPTION
--- STDERR (Tail 80) ---
--- STDOUT (Tail 80) ---
--- Context ---
Evidence Dir: E:\OppRadar\rules\task-reports\2026-02
Task ID: 260223_002a
Mode: Integrate
Branch: fix/merge-log-260223_002a
HEAD: 04b83286
==========================================
PS>TerminatingError():“[RunTask] FAILED: Step 'Generate Evidence' TIMED OUT after 0s.”
>> TerminatingError():“[RunTask] FAILED: Step 'Generate Evidence' TIMED OUT after 0s.”
[RunTask] FAILED: Script execution error: [RunTask] FAILED: Step 'Generate Evidence' TIMED OUT after 0s.
Escalation report generated: E:\OppRadar\rules\task-reports\2026-02\escalation_260223_002a.md
**********************
Windows PowerShell 脚本结束
结束时间: 20260223095910
**********************
