**********************
PowerShell transcript start
Start time: 20260221013510
Username: DESKTOP-BOHP945\ypdong
RunAs User: DESKTOP-BOHP945\ypdong
Configuration Name: 
Machine: DESKTOP-BOHP945 (Microsoft Windows NT 10.0.19045.0)
Host Application: C:\Program Files\PowerShell\7\pwsh.dll -noexit -command try { . "d:\Trae\resources\app\out\vs\workbench\contrib\terminal\common\scripts\shellIntegration.ps1" } catch {}
Process ID: 5172
PSVersion: 7.4.13
PSEdition: Core
GitCommitId: 7.4.13
OS: Microsoft Windows 10.0.19045
Platform: Win32NT
PSCompatibleVersions: 1.0, 2.0, 3.0, 4.0, 5.0, 5.1, 6.0, 7.0
PSRemotingProtocolVersion: 2.3
SerializationVersion: 1.1.0.1
WSManStackVersion: 3.0
**********************
Transcript started, output file is E:\OppRadar\rules\task-reports\2026-02\run_260221_002.log
>>> [RunTask] TaskId: 260221_002 | Mode: Integrate | Header: TraeTask_260221_002
>>> [RunTask] Evidence Dir: E:\OppRadar\rules\task-reports\2026-02
[State] INITIALIZING...
>>> [RunTask] Step 0: Service Policy (ensure_server_53122)
>>> [RunTask] Step: Service Policy
[Service Policy] Checking Port 53122...
[Service Policy] Server 53122 is ALREADY RUNNING and Healthy.
>>> [RunTask] Step 0.5: Workspace Healer
>>> [RunTask] Step: Workspace Healer
{
    "mode":  "EnforceClean",
    "branch":  "feat/mg3-codeowners-260219_004_fix",
    "cleaned_paths":  [

                      ],
    "after":  null,
    "head_commit":  "0234e7e62beae3b980460ba487629ff3e08e2959",
    "before":  {
                   "untracked_count":  2,
                   "tracked_changed_count":  6,
                   "sample_paths":  [
                                        "rules/LATEST.json",
                                        "rules/rules/PROJECT_RULES.md",
                                        "rules/rules/WORKFLOW.md",
                                        "rules/task-reports/governance-backlog/governance_principles.md",
                                        "rules/task-reports/index/error_stats.jsonl"
                                    ]
               },
    "repo_root":  "E:/OppRadar",
    "reason":  "Tracked changes detected. Please commit, stash, or run with -Mode Heal.",
    "result":  "FAIL"
}
[RunTask] FAILED: Step 'Workspace Healer' failed with exit code 1.

========== FAIL_ROOT_CAUSE_BLOCK ==========
Step: Workspace Healer
Command: powershell -NonInteractive -ExecutionPolicy Bypass -File E:\OppRadar\scripts\reset_workspace.ps1 -Mode EnforceClean
Exit Code: 1
--- STDERR (Tail 80) ---
--- STDOUT (Tail 80) ---
{
    "mode":  "EnforceClean",
    "branch":  "feat/mg3-codeowners-260219_004_fix",
    "cleaned_paths":  [

                      ],
    "after":  null,
    "head_commit":  "0234e7e62beae3b980460ba487629ff3e08e2959",
    "before":  {
                   "untracked_count":  2,
                   "tracked_changed_count":  6,
                   "sample_paths":  [
                                        "rules/LATEST.json",
                                        "rules/rules/PROJECT_RULES.md",
                                        "rules/rules/WORKFLOW.md",
                                        "rules/task-reports/governance-backlog/governance_principles.md",
                                        "rules/task-reports/index/error_stats.jsonl"
                                    ]
               },
    "repo_root":  "E:/OppRadar",
    "reason":  "Tracked changes detected. Please commit, stash, or run with -Mode Heal.",
    "result":  "FAIL"
}

--- Context ---
Evidence Dir: E:\OppRadar\rules\task-reports\2026-02
Task ID: 260221_002
Mode: Integrate
Branch: feat/mg3-codeowners-260219_004_fix
HEAD: 0234e7e
==========================================
[RunTask] FAILED: Step 'Workspace Healer' Exception: [RunTask] FAILED: Step 'Workspace Healer' failed with exit code 1.

========== FAIL_ROOT_CAUSE_BLOCK ==========
Step: Workspace Healer
Command: powershell -NonInteractive -ExecutionPolicy Bypass -File E:\OppRadar\scripts\reset_workspace.ps1 -Mode EnforceClean
Exit Code: EXCEPTION
--- STDERR (Tail 80) ---
--- STDOUT (Tail 80) ---
{
    "mode":  "EnforceClean",
    "branch":  "feat/mg3-codeowners-260219_004_fix",
    "cleaned_paths":  [

                      ],
    "after":  null,
    "head_commit":  "0234e7e62beae3b980460ba487629ff3e08e2959",
    "before":  {
                   "untracked_count":  2,
                   "tracked_changed_count":  6,
                   "sample_paths":  [
                                        "rules/LATEST.json",
                                        "rules/rules/PROJECT_RULES.md",
                                        "rules/rules/WORKFLOW.md",
                                        "rules/task-reports/governance-backlog/governance_principles.md",
                                        "rules/task-reports/index/error_stats.jsonl"
                                    ]
               },
    "repo_root":  "E:/OppRadar",
    "reason":  "Tracked changes detected. Please commit, stash, or run with -Mode Heal.",
    "result":  "FAIL"
}

--- Context ---
Evidence Dir: E:\OppRadar\rules\task-reports\2026-02
Task ID: 260221_002
Mode: Integrate
Branch: feat/mg3-codeowners-260219_004_fix
HEAD: 0234e7e
==========================================
PS>TerminatingError(): "[RunTask] FAILED: Step 'Workspace Healer' failed with exit code 1."
[RunTask] FAILED: Script execution error: [RunTask] FAILED: Step 'Workspace Healer' failed with exit code 1.
**********************
PowerShell transcript end
End time: 20260221013515
**********************
