**********************
PowerShell transcript start
Start time: 20260222185250
Username: DESKTOP-BOHP945\ypdong
RunAs User: DESKTOP-BOHP945\ypdong
Configuration Name: 
Machine: DESKTOP-BOHP945 (Microsoft Windows NT 10.0.19045.0)
Host Application: C:\Program Files\PowerShell\7\pwsh.dll -noexit -command try { . "d:\Trae\resources\app\out\vs\workbench\contrib\terminal\common\scripts\shellIntegration.ps1" } catch {}
Process ID: 16060
PSVersion: 7.4.13
PSEdition: Core
GitCommitId: 7.4.13
OS: Microsoft Windows 10.0.19045
Platform: Win32NT
PSCompatibleVersions: 1.0, 2.0, 3.0, 4.0, 5.0, 5.1, 6.0, 7.0
PSRemotingProtocolVersion: 2.3
SerializationVersion: 1.1.0.1
WSManStackVersion: 3.0
**********************
Transcript started, output file is E:\OppRadar\rules\task-reports\2026-02\run_260222_003a.log
>>> [RunTask] Step 1: Preflight
>>> [RunTask] Step: Preflight
[Preflight] Starting checks for TaskId: 260222_003a | Mode: Integrate | Header: TraeTask_260222_003a
[Preflight] Header 'TraeTask_260222_003a' => Execution Allowed.
[Preflight] ERROR: Git working directory is dirty (excluding current task evidence). Please commit or stash changes.
 M rules/task-reports/2026-02/.budget_260222_003a.json
 M rules/task-reports/2026-02/run_260222_003a.log
[RunTask] FAILED: Step 'Preflight' failed with exit code 1.

========== FAIL_ROOT_CAUSE_BLOCK ==========
Step: Preflight
Command: powershell -NonInteractive -ExecutionPolicy Bypass -File E:\OppRadar\scripts\preflight.ps1 -TaskId 260222_003a -Mode Integrate -Header TraeTask_260222_003a
Exit Code: 1
--- STDERR (Tail 80) ---
--- STDOUT (Tail 80) ---
[Preflight] Starting checks for TaskId: 260222_003a | Mode: Integrate | Header: TraeTask_260222_003a
[Preflight] Header 'TraeTask_260222_003a' => Execution Allowed.
[Preflight] ERROR: Git working directory is dirty (excluding current task evidence). Please commit or stash changes.
 M rules/task-reports/2026-02/.budget_260222_003a.json
 M rules/task-reports/2026-02/run_260222_003a.log

--- Context ---
Evidence Dir: E:\OppRadar\rules\task-reports\2026-02
Task ID: 260222_003a
Mode: Integrate
Branch: feat/speed-baseline-260222_003a
HEAD: 1ed45c08
==========================================
[RunTask] FAILED: Step 'Preflight' Exception: [RunTask] FAILED: Step 'Preflight' failed with exit code 1.

========== FAIL_ROOT_CAUSE_BLOCK ==========
Step: Preflight
Command: powershell -NonInteractive -ExecutionPolicy Bypass -File E:\OppRadar\scripts\preflight.ps1 -TaskId 260222_003a -Mode Integrate -Header TraeTask_260222_003a
Exit Code: EXCEPTION
--- STDERR (Tail 80) ---
--- STDOUT (Tail 80) ---
[Preflight] Starting checks for TaskId: 260222_003a | Mode: Integrate | Header: TraeTask_260222_003a
[Preflight] Header 'TraeTask_260222_003a' => Execution Allowed.
[Preflight] ERROR: Git working directory is dirty (excluding current task evidence). Please commit or stash changes.
 M rules/task-reports/2026-02/.budget_260222_003a.json
 M rules/task-reports/2026-02/run_260222_003a.log

--- Context ---
Evidence Dir: E:\OppRadar\rules\task-reports\2026-02
Task ID: 260222_003a
Mode: Integrate
Branch: feat/speed-baseline-260222_003a
HEAD: 1ed45c08
==========================================
PS>TerminatingError(): "[RunTask] FAILED: Step 'Preflight' failed with exit code 1."
>> TerminatingError(): "[RunTask] FAILED: Step 'Preflight' failed with exit code 1."
>> TerminatingError(): "[RunTask] FAILED: Step 'Preflight' failed with exit code 1."
[RunTask] FAILED: Script execution error: [RunTask] FAILED: Step 'Preflight' failed with exit code 1.
**********************
PowerShell transcript end
End time: 20260222185252
**********************
