**********************
PowerShell transcript start
Start time: 20260223131238
Username: DESKTOP-BOHP945\ypdong
RunAs User: DESKTOP-BOHP945\ypdong
Configuration Name: 
Machine: DESKTOP-BOHP945 (Microsoft Windows NT 10.0.19045.0)
Host Application: C:\Program Files\PowerShell\7\pwsh.dll -noexit -command try { . "d:\Trae\resources\app\out\vs\workbench\contrib\terminal\common\scripts\shellIntegration.ps1" } catch {}
Process ID: 23364
PSVersion: 7.4.13
PSEdition: Core
GitCommitId: 7.4.13
OS: Microsoft Windows 10.0.19045
Platform: Win32NT
PSCompatibleVersions: 1.0, 2.0, 3.0, 4.0, 5.0, 5.1, 6.0, 7.0
PSRemotingProtocolVersion: 2.3
SerializationVersion: 1.1.0.1
WSManStackVersion: 3.0
**********************
Transcript started, output file is E:\OppRadar\rules\task-reports\2026-02\run_260223_003b.log
>>> [RunTask] Step 1: Preflight
>>> [RunTask] Step: Preflight
[Preflight] Starting checks for TaskId: 260223_003b | Mode: Integrate | Header: TraeTask_260223_003b
[Preflight] Header 'TraeTask_260223_003b' => Execution Allowed.
[Preflight] Git Status: Clean | Branch: feat/stop-on-hardstop-260223_003b
[Preflight] Git Status: Clean | Branch: feat/stop-on-hardstop-260223_003b
[Preflight] WARNING: Artifact 'notify_260223_003b.txt' already exists. Overwriting allowed in Dev/Integrate flow, but ensure this is intentional.
[Preflight] WARNING: Artifact 'result_260223_003b.json' already exists. Overwriting allowed in Dev/Integrate flow, but ensure this is intentional.
[Preflight] WARNING: Artifact 'trae_report_snippet_260223_003b.txt' already exists. Overwriting allowed in Dev/Integrate flow, but ensure this is intentional.
[Preflight] WARNING: Artifact 'preflight_attestation_260223_003b.json' already exists. Overwriting allowed in Dev/Integrate flow, but ensure this is intentional.
[Preflight] Checking Port 53122 Health...
[Preflight] Port 53122 is Healthy.
[Preflight] Attestation generated at: E:\OppRadar\rules\task-reports\2026-02\preflight_attestation_260223_003b.json
[Preflight] PASS
PS>TerminatingError(run_task.ps1): "The running command stopped because the preference variable "ErrorActionPreference" or common parameter is set to Stop: [RunTask] FAILED: Integrate Fail Budget Exceeded (2/1)."
[RunTask] FAILED: Script execution error: [RunTask] FAILED: Integrate Fail Budget Exceeded (2/1).
HARD_STOP=1
HARD_STOP_REASON=LOOP_DETECTED
NEXT_ACTION=STOP_AND_REPORT
Escalation report generated: E:\OppRadar\rules\task-reports\2026-02\escalation_260223_003b.md
**********************
PowerShell transcript end
End time: 20260223131241
**********************
