**********************
Windows PowerShell 脚本开始
开始时间: 20260222235713
用户名: DESKTOP-BOHP945\ypdong
RunAs 用户: DESKTOP-BOHP945\ypdong
配置名称: 
计算机: DESKTOP-BOHP945 (Microsoft Windows NT 10.0.19045.0)
主机应用程序: C:\Windows\System32\WindowsPowerShell\v1.0\powershell.exe -NonInteractive -ExecutionPolicy Bypass -File scripts\run_task.ps1 -TaskId 260222_005b -Mode Integrate -Header FIX:速度测量口径升级
进程 ID: 13500
PSVersion: 5.1.19041.6456
PSEdition: Desktop
PSCompatibleVersions: 1.0, 2.0, 3.0, 4.0, 5.0, 5.1.19041.6456
BuildVersion: 10.0.19041.6456
CLRVersion: 4.0.30319.42000
WSManStackVersion: 3.0
PSRemotingProtocolVersion: 2.3
SerializationVersion: 1.1.0.1
**********************
已启动脚本，输出文件为 E:\OppRadar\rules\task-reports\2026-02\run_260222_005b.log
>>> [RunTask] Step 1: Preflight
>>> [RunTask] Step: Preflight
[Preflight] Starting checks for TaskId: 260222_005b | Mode: Integrate | Header: FIX:速度测量口径升级
[Preflight] Header 'FIX:速度测量口径升级' => Execution Allowed.
[Preflight] Git Status: Clean | Branch: feat/task-r-error-tiering-260222_005b
[Preflight] Git Status: Clean | Branch: feat/task-r-error-tiering-260222_005b
[Preflight] WARNING: Artifact 'result_260222_005b.json' already exists. Overwriting allowed in Dev/Integrate flow, but ensure this is intentional.
[Preflight] WARNING: Artifact 'preflight_attestation_260222_005b.json' already exists. Overwriting allowed in Dev/Integrate flow, but ensure this is intentional.
[Preflight] Checking Port 53122 Health...
[Preflight] Port 53122 is Healthy.
[Preflight] Attestation generated at: E:\OppRadar\rules\task-reports\2026-02\preflight_attestation_260222_005b.json
[Preflight] PASS
PS>TerminatingError(run_task.ps1):“已停止该运行的命令，因为首选项变量“ErrorActionPreference”或通用参数设置为 Stop: [RunTask] FAILED: Integrate Fail Budget Exceeded (2/1).”
[RunTask] FAILED: Script execution error: [RunTask] FAILED: Integrate Fail Budget Exceeded (2/1).
Escalation report generated: E:\OppRadar\rules\task-reports\2026-02\escalation_260222_005b.md
**********************
Windows PowerShell 脚本结束
结束时间: 20260222235716
**********************
