**********************
PowerShell transcript start
Start time: 20260222092858
Username: DESKTOP-BOHP945\ypdong
RunAs User: DESKTOP-BOHP945\ypdong
Configuration Name: 
Machine: DESKTOP-BOHP945 (Microsoft Windows NT 10.0.19045.0)
Host Application: C:\Program Files\PowerShell\7\pwsh.dll -noexit -command try { . "d:\Trae\resources\app\out\vs\workbench\contrib\terminal\common\scripts\shellIntegration.ps1" } catch {}
Process ID: 25716
PSVersion: 7.4.13
PSEdition: Core
GitCommitId: 7.4.13
OS: Microsoft Windows 10.0.19045
Platform: Win32NT
PSCompatibleVersions: 1.0, 2.0, 3.0, 4.0, 5.0, 5.1, 6.0, 7.0
PSRemotingProtocolVersion: 2.3
SerializationVersion: 1.1.0.1
WSManStackVersion: 3.0
**********************
Transcript started, output file is E:\OppRadar\rules\task-reports\2026-02\run_260222_001b.log
>>> [RunTask] TaskId: 260222_001b | Mode: Integrate | Header: TraeTask_260222_001b
>>> [RunTask] Evidence Dir: E:\OppRadar\rules\task-reports\2026-02
[State] INITIALIZING...
>>> [RunTask] Step 0: Service Policy (ensure_server_53122)
>>> [RunTask] Step: Service Policy
[Service Policy] Checking Port 53122...
[Service Policy] Server 53122 is ALREADY RUNNING and Healthy.
>>> [RunTask] Step 0.5: Workspace Healer
>>> [RunTask] Step: Workspace Healer
{
    "mode":  "EnforceClean",
    "branch":  "feat/preview-single-source-260222_001",
    "cleaned_paths":  [
                          "rules/task-reports",
                          "rules/reports",
                          "data/opps_ledger",
                          "rules/task-reports/locks",
                          "rules/task-reports/runs"
                      ],
    "after":  {
                  "untracked_count":  0,
                  "tracked_changed_count":  0,
                  "sample_paths":  {

                                   }
              },
    "head_commit":  "8e3e7008ac0ed75ce4809d852c16ae6614bd82db",
    "before":  {
                   "untracked_count":  0,
                   "tracked_changed_count":  0,
                   "sample_paths":  {

                                    }
               },
    "repo_root":  "E:/OppRadar",
    "reason":  null,
    "result":  "PASS"
}
    Workspace Healer PASS. Output: E:\OppRadar\rules\task-reports\2026-02\workspace_healer_260222_001b.json
>>> [RunTask] Step 1: Preflight
>>> [RunTask] Step: Preflight
[Preflight] Starting checks for TaskId: 260222_001b | Mode: Integrate | Header: TraeTask_260222_001b
[Preflight] Header 'TraeTask_260222_001b' => Execution Allowed.
[Preflight] Git Status: Clean | Branch: feat/preview-single-source-260222_001
[Preflight] Git Status: Clean | Branch: feat/preview-single-source-260222_001
[Preflight] Checking Port 53122 Health...
[Preflight] Port 53122 is Healthy.
[Preflight] Attestation generated at: E:\OppRadar\rules\task-reports\2026-02\preflight_attestation_260222_001b.json
[Preflight] PASS
>>> [RunTask] Step 1.1: Update LATEST.json
    Updated rules/LATEST.json to 260222_001b
>>> [RunTask] Step 1.2: Open PR Guard
>>> [RunTask] Step: Open PR Guard
Wrote Open PR Guard evidence to E:\OppRadar\rules\task-reports\2026-02\open_pr_guard_260222_001b.json
    Open PR Guard PASS. Output: E:\OppRadar\rules\task-reports\2026-02\open_pr_guard_260222_001b.json
>>> [RunTask] Step 1.3: Contract Verification First
>>> [RunTask] Step: Contract Verification
[Contract First] Starting Early Contract Verification...
[Contract First] Verifying Rank V2 (/opportunities/rank_v2?limit=5&provider=mock)...
[Contract First] PASS: Rank V2
[Contract First] Verifying Export V1 (/opportunities/runs/export_v1?limit=5)...
[Contract First] PASS: Export V1
[Contract First] Verifying Ledger V0 (/opportunities/ledger/query_v0?limit=5)...
[Contract First] PASS: Ledger V0
[Contract First] All Contracts Verified Successfully.
>>> [RunTask] Step 1.5: Healthcheck Evidence
>>> [RunTask] Step: Healthcheck Root
>>> [RunTask] Step: Healthcheck Pairs
>>> [RunTask] Step 1.6: CI Parity Probe
>>> [RunTask] Step: CI Parity Probe
[CI Parity Probe] Running for task 260222_001b (JSON Mode)...
[CI Parity Probe] Evidence written to: E:\OppRadar\rules\task-reports\2026-02\ci_parity_260222_001b.json
From https://github.com/dongyupeng2108-bot/OppOrder
 * branch              main       -> FETCH_HEAD
[State] GENERATING EVIDENCE...
>>> [RunTask] Step 2: Generate Evidence
>>> [RunTask] Step: Generate Evidence
[Evidence Generator] Running generation for Task 260222_001b...
[Evidence Generator] Wrote: rules\task-reports\2026-02\dod_evidence_260222_001b.txt
[CI Parity Probe] Running for task 260222_001b (JSON Mode)...
[CI Parity Probe] Evidence written to: rules\task-reports\2026-02\ci_parity_260222_001b.json
[Evidence Generator] SUCCESS: All evidence artifacts generated.
From https://github.com/dongyupeng2108-bot/OppOrder
 * branch              main       -> FETCH_HEAD
[State] VERIFYING (Pass 1)...
>>> [RunTask] Step 3: Pass 1 - Gate Light Preview
>>> [RunTask] Step: Pass 1 - Gate Light Preview
[Gate Light] DEBUG: Checking LATEST.json at E:\OppRadar\rules\LATEST.json
[Gate Light] Target locked via argument: 260222_001b
PR_TASK_ID_DETECTED=260222_001b
TARGET_TASK_ID=260222_001b
LATEST_TASK_ID=260222_001b
[Gate Light] LATEST.json consistency verified.
[Gate Light] Verifying task_id: 260222_001b
[Gate Light] Running Automation Pack V1 Hard Guards...
[Gate Light] Checking Workspace Healer Evidence...
[Gate Light] Workspace Healer verified (Clean Environment).
[Gate Light] Checking CI Parity JSON Evidence...
[Gate Light] DEBUG: is_shallow_repository=true
[Gate Light] DEBUG: HEAD=8e3e7008ac0ed75ce4809d852c16ae6614bd82db
[Gate Light] DEBUG: git merge-base origin/main HEAD=222556851b1d543a1c2df850c894910a9a1d9d7f
[Gate Light] DETECTED SHALLOW CLONE. Attempting to unshallow (Fix Strategy A)...
[Gate Light] Unshallow command executed.
[Gate Light] CI Parity JSON Evidence verified.
[Gate Light] Skipping Error Digest Validation (Preview Mode).
[Gate Light] Checking doc path standards...
[Gate Light] Doc path standards verified.
[Gate Light] Checking for legacy doc path references...
[CheckDocPathRefs] Scanning for legacy doc path references...
[CheckDocPathRefs] PASS: No legacy doc path references found.
[Gate Light] Checking for banned cmd syntax in PowerShell scripts...
Starting static scan for banned cmd syntax in .ps1 files...
Scanning targets: scripts/run_task.ps1, scripts/test_fail_budget.ps1, scripts/ps/Invoke-Step.ps1
Static scan PASSED.
[Gate Light] Checking for global healthcheck artifacts...
[Gate Light] Global Artifact Guard verified.
[Gate Light] Checking News Pull API Contract...
[Contract Check] Loading schema from: E:\OppRadar\OppRadar\contracts\news_pull_response.schema.json
[Contract Check] Validating Success Sample...
PASS
[Contract Check] Validating Error Sample...
PASS
[Contract Check] All samples validated against schema.
[Gate Light] Checking Rank V2 API Contract...
=== Rank V2 Contract Verification ===
Schema loaded.
Server already running.
Fetching http://localhost:53122/opportunities/rank_v2?provider=mock&limit=5&run_id=verify_rank_v2...
Received 5 items.
Validating against schema...
Schema Validation PASSED.
Response Hash: 82f2c67c
::set-output name=rank_v2_hash::82f2c67c
VERIFICATION_SUCCESS
[Gate Light] Checking Export V1 API Contract...
=== Export V1 Contract Verification ===
Schema loaded.
Server already running.
Generating Run assets via http://localhost:53122/scans/run...
Run assets generated. Run ID: scan_c4280dc8c4b5e1b5
Fetching Export: http://localhost:53122/opportunities/runs/export_v1?run_id=scan_c4280dc8c4b5e1b5...
Received Export JSON.
Validating against schema...
Export Schema Validation PASSED.
Export Hash: d014b848
::set-output name=export_v1_hash::d014b848
EXPORT_CONTRACT_VERIFICATION_SUCCESS
[Gate Light] Checking Ledger V0 API Contract...
=== Ledger V0 Contract Verification ===
Schema loaded.
Server already running.
Fetching /opportunities/ledger/query_v0?limit=1...
Validating against schema...
Validation PASSED.
[Gate Light] Checking healthcheck evidence...
[Gate Light] Using evidence directory: E:\OppRadar\rules\task-reports\2026-02
[Gate Light] Healthcheck evidence verified (Path + Content).
[Gate Light] Skipping DoD Evidence Excerpt Check (Preview Mode).
[Gate Light] Checking Deletion Audit (Locks & Runs)...
[Gate Light] Deletion Audit: No lock/index yet (Assuming Pre-Integrate or First Run in progress).
[Gate Light] Checking No Auto-Merge (Git Forbidden Commands)...
[Gate Light] No Auto-Merge verified.
[Gate Light] Checking Evidence Truth & Sufficiency (Hardening Rule)...
[Gate Light] Skipping DoD Healthcheck marker check (Preview Mode).
[Gate Light] Skipping Evidence Truth check (Generation Mode).
[Gate Light] Evidence Truth & Sufficiency verified.
[Gate Light] Checking CI Parity Preview...
[Gate Light] Checking Workflow Hardening (NoHistoricalEvidenceTouch & SnippetCommitMustMatch)...
[Gate Light] Fetching origin/main history for diff context...
[Gate Light] Allowed legacy task_id (transition): 260221_005r
[Gate Light] NoHistoricalEvidenceTouch verified.
[Gate Light] Skipping SnippetCommitMustMatch check (Preview Mode).
[Gate Light] Skipping GATE_LIGHT_EXIT Mechanism check (Preview Mode).
[Gate Light] Skipping Evidence Truth & Consistency check (Preview Mode).
[Gate Light] Checking Rank V2 Contract Version Guard...
[Gate Light] Base Commit: 222556851b1d543a1c2df850c894910a9a1d9d7f
[Gate Light] Schema Unchanged (3bd83a08). Version check skipped.
[Gate Light] Rank V2 Contract Version Guard PASS
[Gate Light] Checking Immutable Integrate & SafeCmd Enforcement...
[Gate Light] Immutable Integrate & SafeCmd Enforcement verified.
[Gate Light] Checking Two-Pass Evidence Truth & No Auto-Merge...
[Gate Light] Two-Pass Evidence Truth & No Auto-Merge verified.
[Gate Light] Skipping Postflight Envelope Validation (Preview Mode).
[Gate Light] PASS
GATE_LIGHT_EXIT=0
From https://github.com/dongyupeng2108-bot/OppOrder
 * branch              main       -> FETCH_HEAD
    Preview Log: E:\OppRadar\rules\task-reports\2026-02\gate_light_preview_260222_001b.log
>>> [RunTask] Step 3.5: Error Digest (Pass 1)
>>> [RunTask] Generated Run ID: 20260222092920_8e3e700
>>> [RunTask] Step: Error Digest (Pass 1)
[ErrorDigest] Wrote NO_ERROR record to E:\OppRadar\rules\task-reports\2026-02\errors_260222_001b.jsonl
[ErrorDigest] Wrote summary to E:\OppRadar\rules\task-reports\2026-02\errors_summary_260222_001b.txt
>>> [RunTask] Step 3.6: Append Error Stats (Pass 1)
>>> [RunTask] Step: Append Error Stats
Appended 1 records to rules/task-reports/index/error_stats.jsonl
>>> [RunTask] Step 3.7: Three-Strike Governance
>>> [RunTask] Step: Three-Strike Governance
[ThreeStrike] No triggers detected (max count < 3).
>>> [RunTask] Step 4: Assemble Evidence
>>> [RunTask] Step: Assemble Evidence
file:///E:/OppRadar/scripts/assemble_evidence.mjs:121
const hasBom = (buffer) => {
      ^

SyntaxError: Identifier 'hasBom' has already been declared
    at compileSourceTextModule (node:internal/modules/esm/utils:318:16)
    at ModuleLoader.moduleStrategy (node:internal/modules/esm/translators:111:18)
    at #translate (node:internal/modules/esm/loader:473:20)
    at afterLoad (node:internal/modules/esm/loader:529:29)
    at ModuleLoader.loadAndTranslate (node:internal/modules/esm/loader:534:12)
    at #getOrCreateModuleJobAfterResolve (node:internal/modules/esm/loader:571:36)
    at afterResolve (node:internal/modules/esm/loader:624:52)
    at ModuleLoader.getOrCreateModuleJob (node:internal/modules/esm/loader:630:12)
    at onImport.tracePromise.__proto__ (node:internal/modules/esm/loader:649:32)
    at TracingChannel.tracePromise (node:diagnostics_channel:350:14)

Node.js v24.13.0
[RunTask] FAILED: Step 'Assemble Evidence' failed with exit code 1.

========== FAIL_ROOT_CAUSE_BLOCK ==========
Step: Assemble Evidence
Command: node E:\OppRadar\scripts\assemble_evidence.mjs --task_id=260222_001b --evidence_dir=E:\OppRadar\rules\task-reports\2026-02 --mode=Integrate --phase=assemble
Exit Code: 1
--- STDERR (Tail 80) ---
file:///E:/OppRadar/scripts/assemble_evidence.mjs:121
const hasBom = (buffer) => {
      ^

SyntaxError: Identifier 'hasBom' has already been declared
    at compileSourceTextModule (node:internal/modules/esm/utils:318:16)
    at ModuleLoader.moduleStrategy (node:internal/modules/esm/translators:111:18)
    at #translate (node:internal/modules/esm/loader:473:20)
    at afterLoad (node:internal/modules/esm/loader:529:29)
    at ModuleLoader.loadAndTranslate (node:internal/modules/esm/loader:534:12)
    at #getOrCreateModuleJobAfterResolve (node:internal/modules/esm/loader:571:36)
    at afterResolve (node:internal/modules/esm/loader:624:52)
    at ModuleLoader.getOrCreateModuleJob (node:internal/modules/esm/loader:630:12)
    at onImport.tracePromise.__proto__ (node:internal/modules/esm/loader:649:32)
    at TracingChannel.tracePromise (node:diagnostics_channel:350:14)

Node.js v24.13.0

--- STDOUT (Tail 80) ---
--- Context ---
Evidence Dir: E:\OppRadar\rules\task-reports\2026-02
Task ID: 260222_001b
Mode: Integrate
Branch: feat/preview-single-source-260222_001
HEAD: 8e3e7008
==========================================
[RunTask] FAILED: Step 'Assemble Evidence' Exception: [RunTask] FAILED: Step 'Assemble Evidence' failed with exit code 1.

========== FAIL_ROOT_CAUSE_BLOCK ==========
Step: Assemble Evidence
Command: node E:\OppRadar\scripts\assemble_evidence.mjs --task_id=260222_001b --evidence_dir=E:\OppRadar\rules\task-reports\2026-02 --mode=Integrate --phase=assemble
Exit Code: EXCEPTION
--- STDERR (Tail 80) ---
file:///E:/OppRadar/scripts/assemble_evidence.mjs:121
const hasBom = (buffer) => {
      ^

SyntaxError: Identifier 'hasBom' has already been declared
    at compileSourceTextModule (node:internal/modules/esm/utils:318:16)
    at ModuleLoader.moduleStrategy (node:internal/modules/esm/translators:111:18)
    at #translate (node:internal/modules/esm/loader:473:20)
    at afterLoad (node:internal/modules/esm/loader:529:29)
    at ModuleLoader.loadAndTranslate (node:internal/modules/esm/loader:534:12)
    at #getOrCreateModuleJobAfterResolve (node:internal/modules/esm/loader:571:36)
    at afterResolve (node:internal/modules/esm/loader:624:52)
    at ModuleLoader.getOrCreateModuleJob (node:internal/modules/esm/loader:630:12)
    at onImport.tracePromise.__proto__ (node:internal/modules/esm/loader:649:32)
    at TracingChannel.tracePromise (node:diagnostics_channel:350:14)

Node.js v24.13.0

--- STDOUT (Tail 80) ---
--- Context ---
Evidence Dir: E:\OppRadar\rules\task-reports\2026-02
Task ID: 260222_001b
Mode: Integrate
Branch: feat/preview-single-source-260222_001
HEAD: 8e3e7008
==========================================
PS>TerminatingError(): "[RunTask] FAILED: Step 'Assemble Evidence' failed with exit code 1."
[RunTask] FAILED: Script execution error: [RunTask] FAILED: Step 'Assemble Evidence' failed with exit code 1.
**********************
PowerShell transcript end
End time: 20260222092921
**********************
