**********************
PowerShell transcript start
Start time: 20260221061824
Username: DESKTOP-BOHP945\ypdong
RunAs User: DESKTOP-BOHP945\ypdong
Configuration Name: 
Machine: DESKTOP-BOHP945 (Microsoft Windows NT 10.0.19045.0)
Host Application: C:\Program Files\PowerShell\7\pwsh.dll -noexit -command try { . "d:\Trae\resources\app\out\vs\workbench\contrib\terminal\common\scripts\shellIntegration.ps1" } catch {}
Process ID: 11868
PSVersion: 7.4.13
PSEdition: Core
GitCommitId: 7.4.13
OS: Microsoft Windows 10.0.19045
Platform: Win32NT
PSCompatibleVersions: 1.0, 2.0, 3.0, 4.0, 5.0, 5.1, 6.0, 7.0
PSRemotingProtocolVersion: 2.3
SerializationVersion: 1.1.0.1
WSManStackVersion: 3.0
**********************
Transcript started, output file is E:\OppRadar\rules\task-reports\2026-02\run_260221_002k.log
>>> [RunTask] TaskId: 260221_002k | Mode: Integrate | Header: TraeTask_260221_002k
>>> [RunTask] Evidence Dir: E:\OppRadar\rules\task-reports\2026-02
[State] INITIALIZING...
>>> [RunTask] Step 0: Service Policy (ensure_server_53122)
>>> [RunTask] Step: Service Policy
[Service Policy] Checking Port 53122...
[Service Policy] Server 53122 is ALREADY RUNNING and Healthy.
>>> [RunTask] Step 0.5: Workspace Healer
>>> [RunTask] Step: Workspace Healer
{
    "mode":  "EnforceClean",
    "branch":  "feat/mg3-codeowners-260219_004_fix",
    "cleaned_paths":  [
                          "rules/task-reports",
                          "rules/reports",
                          "data/opps_ledger",
                          "rules/task-reports/locks",
                          "rules/task-reports/runs"
                      ],
    "after":  {
                  "untracked_count":  0,
                  "tracked_changed_count":  0,
                  "sample_paths":  {

                                   }
              },
    "head_commit":  "39b872c5ba91d9d1826df1e29bdaa728e1514e7c",
    "before":  {
                   "untracked_count":  0,
                   "tracked_changed_count":  0,
                   "sample_paths":  {

                                    }
               },
    "repo_root":  "E:/OppRadar",
    "reason":  null,
    "result":  "PASS"
}
    Workspace Healer PASS. Output: E:\OppRadar\rules\task-reports\2026-02\workspace_healer_260221_002k.json
>>> [RunTask] Step 1: Preflight
>>> [RunTask] Step: Preflight
[Preflight] Starting checks for TaskId: 260221_002k | Mode: Integrate | Header: TraeTask_260221_002k
[Preflight] Header 'TraeTask_260221_002k' => Execution Allowed.
[Preflight] Git Status: Clean | Branch: feat/mg3-codeowners-260219_004_fix
[Preflight] Git Status: Clean | Branch: feat/mg3-codeowners-260219_004_fix
[Preflight] Checking Port 53122 Health...
[Preflight] Port 53122 is Healthy.
[Preflight] Attestation generated at: E:\OppRadar\rules\task-reports\2026-02\preflight_attestation_260221_002k.json
[Preflight] PASS
>>> [RunTask] Step 1.1: Update LATEST.json
    Updated rules/LATEST.json to 260221_002k
>>> [RunTask] Step 1.2: Open PR Guard
>>> [RunTask] Step: Open PR Guard
Wrote Open PR Guard evidence to E:\OppRadar\rules\task-reports\2026-02\open_pr_guard_260221_002k.json
    Open PR Guard PASS. Output: E:\OppRadar\rules\task-reports\2026-02\open_pr_guard_260221_002k.json
>>> [RunTask] Step 1.3: Contract Verification First
>>> [RunTask] Step: Contract Verification
[Contract First] Starting Early Contract Verification...
[Contract First] Verifying Rank V2 (/opportunities/rank_v2?limit=5&provider=mock)...
[Contract First] PASS: Rank V2
[Contract First] Verifying Export V1 (/opportunities/runs/export_v1?limit=5)...
[Contract First] PASS: Export V1
[Contract First] Verifying Ledger V0 (/opportunities/ledger/query_v0?limit=5)...
[Contract First] PASS: Ledger V0
[Contract First] All Contracts Verified Successfully.
>>> [RunTask] Step 1.5: Healthcheck Evidence
>>> [RunTask] Step: Healthcheck Root
>>> [RunTask] Step: Healthcheck Pairs
>>> [RunTask] Step 1.6: CI Parity Probe
>>> [RunTask] Step: CI Parity Probe
[CI Parity Probe] Running for task 260221_002k (JSON Mode)...
[CI Parity Probe] Evidence written to: E:\OppRadar\rules\task-reports\2026-02\ci_parity_260221_002k.json
From https://github.com/dongyupeng2108-bot/OppOrder
 * branch            main       -> FETCH_HEAD
[State] GENERATING EVIDENCE...
>>> [RunTask] Step 2: Skip Generation (Script not found)
[State] VERIFYING (Pass 1)...
>>> [RunTask] Step 3: Pass 1 - Gate Light Preview
>>> [RunTask] Step: Pass 1 - Gate Light Preview
[Gate Light] DEBUG: Checking LATEST.json at E:\OppRadar\rules\LATEST.json
[Gate Light] Target locked via argument: 260221_002k
[Gate Light] LATEST.json consistency verified.
[Gate Light] Verifying task_id: 260221_002k
[Gate Light] Running Automation Pack V1 Hard Guards...
[Gate Light] Checking Workspace Healer Evidence...
[Gate Light] Workspace Healer verified (Clean Environment).
[Gate Light] Checking CI Parity JSON Evidence...
[Gate Light] DEBUG: is_shallow_repository=true
[Gate Light] DEBUG: HEAD=39b872c5ba91d9d1826df1e29bdaa728e1514e7c
[Gate Light] DEBUG: git merge-base origin/main HEAD=0234e7e62beae3b980460ba487629ff3e08e2959
[Gate Light] DETECTED SHALLOW CLONE. Attempting to unshallow (Fix Strategy A)...
[Gate Light] Unshallow command executed.
[Gate Light] CI Parity JSON Evidence verified.
[Gate Light] Skipping Error Digest Validation (Preview Mode).
[Gate Light] Checking doc path standards...
[Gate Light] Doc path standards verified.
[Gate Light] Checking for legacy doc path references...
[CheckDocPathRefs] Scanning for legacy doc path references...
[CheckDocPathRefs] PASS: No legacy doc path references found.
[Gate Light] Checking for banned cmd syntax in PowerShell scripts...
Starting static scan for banned cmd syntax in .ps1 files...
Scanning targets: scripts/run_task.ps1, scripts/test_fail_budget.ps1, scripts/ps/Invoke-Step.ps1
Static scan PASSED.
[Gate Light] Checking for global healthcheck artifacts...
[Gate Light] Global Artifact Guard verified.
[Gate Light] Checking News Pull API Contract...
[Contract Check] Loading schema from: E:\OppRadar\OppRadar\contracts\news_pull_response.schema.json
[Contract Check] Validating Success Sample...
PASS
[Contract Check] Validating Error Sample...
PASS
[Contract Check] All samples validated against schema.
[Gate Light] Checking Rank V2 API Contract...
=== Rank V2 Contract Verification ===
Schema loaded.
Server already running.
Fetching http://localhost:53122/opportunities/rank_v2?provider=mock&limit=5&run_id=verify_rank_v2...
Received 5 items.
Validating against schema...
Schema Validation PASSED.
Response Hash: 5eebc0ce
::set-output name=rank_v2_hash::5eebc0ce
VERIFICATION_SUCCESS
[Gate Light] Checking Export V1 API Contract...
=== Export V1 Contract Verification ===
Schema loaded.
Server already running.
Generating Run assets via http://localhost:53122/scans/run...
Run assets generated. Run ID: scan_bd64b67b3bc7d5a6
Fetching Export: http://localhost:53122/opportunities/runs/export_v1?run_id=scan_bd64b67b3bc7d5a6...
Received Export JSON.
Validating against schema...
Export Schema Validation PASSED.
Export Hash: 477c3e6f
::set-output name=export_v1_hash::477c3e6f
EXPORT_CONTRACT_VERIFICATION_SUCCESS
[Gate Light] Checking Ledger V0 API Contract...
=== Ledger V0 Contract Verification ===
Schema loaded.
Server already running.
Fetching /opportunities/ledger/query_v0?limit=1...
Validating against schema...
Validation PASSED.
[Gate Light] Checking healthcheck evidence...
[Gate Light] Using evidence directory: E:\OppRadar\rules\task-reports\2026-02
[Gate Light] Healthcheck evidence verified (Path + Content).
[Gate Light] Skipping DoD Evidence Excerpt Check (Preview Mode).
[Gate Light] Checking Deletion Audit (Locks & Runs)...
[Gate Light] Deletion Audit: No lock/index yet (Assuming Pre-Integrate or First Run in progress).
[Gate Light] Checking No Auto-Merge (Git Forbidden Commands)...
[Gate Light] No Auto-Merge verified.
[Gate Light] Checking Evidence Truth & Sufficiency (Hardening Rule)...
[Gate Light] Skipping DoD Healthcheck marker check (Preview Mode).
[Gate Light] Skipping Evidence Truth check (Generation Mode).
[Gate Light] Evidence Truth & Sufficiency verified.
[Gate Light] Checking CI Parity Preview...
[Gate Light] Checking Workflow Hardening (NoHistoricalEvidenceTouch & SnippetCommitMustMatch)...
[Gate Light] Fetching origin/main history for diff context...
[Gate Light] Allowed legacy task_id (transition): 260219_004
[Gate Light] NoHistoricalEvidenceTouch verified.
[Gate Light] Skipping SnippetCommitMustMatch check (Preview Mode).
[Gate Light] Skipping GATE_LIGHT_EXIT Mechanism check (Preview Mode).
[Gate Light] Skipping Evidence Truth & Consistency check (Preview Mode).
[Gate Light] Checking Rank V2 Contract Version Guard...
[Gate Light] Base Commit: 0234e7e62beae3b980460ba487629ff3e08e2959
[Gate Light] Schema Unchanged (3bd83a08). Version check skipped.
[Gate Light] Rank V2 Contract Version Guard PASS
[Gate Light] Checking Immutable Integrate & SafeCmd Enforcement...
[Gate Light] Immutable Integrate & SafeCmd Enforcement verified.
[Gate Light] Checking Two-Pass Evidence Truth & No Auto-Merge...
[Gate Light] Two-Pass Evidence Truth & No Auto-Merge verified.
[Gate Light] Skipping Postflight Envelope Validation (Preview Mode).
[Gate Light] PASS
GATE_LIGHT_EXIT=0
From https://github.com/dongyupeng2108-bot/OppOrder
 * branch            main       -> FETCH_HEAD
    Preview Log: E:\OppRadar\rules\task-reports\2026-02\gate_light_preview_260221_002k.log
PreAssemblePrecheck FAILED. Missing files:
  - dod_evidence_260221_002k.txt
  - git_meta_260221_002k.json
  - result_260221_002k.json
PS>TerminatingError(PreAssemblePrecheck): "The running command stopped because the preference variable "ErrorActionPreference" or common parameter is set to Stop: Integrate Mode: Precheck failed. Cannot retry."
>> TerminatingError(PreAssemblePrecheck): "The running command stopped because the preference variable "ErrorActionPreference" or common parameter is set to Stop: Integrate Mode: Precheck failed. Cannot retry."
[RunTask] FAILED: Script execution error: Integrate Mode: Precheck failed. Cannot retry.
**********************
PowerShell transcript end
End time: 20260221061845
**********************
