**********************
Windows PowerShell 脚本开始
开始时间: 20260222102140
用户名: DESKTOP-BOHP945\ypdong
RunAs 用户: DESKTOP-BOHP945\ypdong
配置名称: 
计算机: DESKTOP-BOHP945 (Microsoft Windows NT 10.0.19045.0)
主机应用程序: C:\Windows\System32\WindowsPowerShell\v1.0\powershell.exe -NonInteractive -ExecutionPolicy Bypass -File scripts\run_task.ps1 -TaskId 260222_001d -Mode Integrate -Header FIX:继续260222_001d
进程 ID: 6296
PSVersion: 5.1.19041.6456
PSEdition: Desktop
PSCompatibleVersions: 1.0, 2.0, 3.0, 4.0, 5.0, 5.1.19041.6456
BuildVersion: 10.0.19041.6456
CLRVersion: 4.0.30319.42000
WSManStackVersion: 3.0
PSRemotingProtocolVersion: 2.3
SerializationVersion: 1.1.0.1
**********************
已启动脚本，输出文件为 E:\OppRadar\rules\task-reports\2026-02\run_260222_001d.log
>>> [RunTask] TaskId: 260222_001d | Mode: Integrate | Header: FIX:继续260222_001d
>>> [RunTask] Evidence Dir: E:\OppRadar\rules\task-reports\2026-02
[State] INITIALIZING...
>>> [RunTask] Step 0: Service Policy (ensure_server_53122)
>>> [RunTask] Step: Service Policy
[Service Policy] Checking Port 53122...
[Service Policy] Server 53122 is ALREADY RUNNING and Healthy.
>>> [RunTask] Step 0.5: Workspace Healer
>>> [RunTask] Step: Workspace Healer
{
    "mode":  "EnforceClean",
    "branch":  "feat/preview-single-source-260222_001",
    "cleaned_paths":  [

                      ],
    "after":  null,
    "head_commit":  "cef163774c7406968602200ba18ef87fb3ffabfe",
    "before":  {
                   "untracked_count":  0,
                   "tracked_changed_count":  1,
                   "sample_paths":  "rules/LATEST.json"
               },
    "repo_root":  "E:/OppRadar",
    "reason":  "Tracked changes detected. Please commit, stash, or run with -Mode Heal.",
    "result":  "FAIL"
}
[RunTask] FAILED: Step 'Workspace Healer' failed with exit code 1.

========== FAIL_ROOT_CAUSE_BLOCK ==========
Step: Workspace Healer
Command: powershell -NonInteractive -ExecutionPolicy Bypass -File E:\OppRadar\scripts\reset_workspace.ps1 -Mode EnforceClean
Exit Code: 1
--- STDERR (Tail 80) ---
--- STDOUT (Tail 80) ---
{
    "mode":  "EnforceClean",
    "branch":  "feat/preview-single-source-260222_001",
    "cleaned_paths":  [

                      ],
    "after":  null,
    "head_commit":  "cef163774c7406968602200ba18ef87fb3ffabfe",
    "before":  {
                   "untracked_count":  0,
                   "tracked_changed_count":  1,
                   "sample_paths":  "rules/LATEST.json"
               },
    "repo_root":  "E:/OppRadar",
    "reason":  "Tracked changes detected. Please commit, stash, or run with -Mode Heal.",
    "result":  "FAIL"
}

--- Context ---
Evidence Dir: E:\OppRadar\rules\task-reports\2026-02
Task ID: 260222_001d
Mode: Integrate
Branch: feat/preview-single-source-260222_001
HEAD: cef16377
==========================================
[RunTask] FAILED: Step 'Workspace Healer' Exception: [RunTask] FAILED: Step 'Workspace Healer' failed with exit code 1.

========== FAIL_ROOT_CAUSE_BLOCK ==========
Step: Workspace Healer
Command: powershell -NonInteractive -ExecutionPolicy Bypass -File E:\OppRadar\scripts\reset_workspace.ps1 -Mode EnforceClean
Exit Code: EXCEPTION
--- STDERR (Tail 80) ---
--- STDOUT (Tail 80) ---
{
    "mode":  "EnforceClean",
    "branch":  "feat/preview-single-source-260222_001",
    "cleaned_paths":  [

                      ],
    "after":  null,
    "head_commit":  "cef163774c7406968602200ba18ef87fb3ffabfe",
    "before":  {
                   "untracked_count":  0,
                   "tracked_changed_count":  1,
                   "sample_paths":  "rules/LATEST.json"
               },
    "repo_root":  "E:/OppRadar",
    "reason":  "Tracked changes detected. Please commit, stash, or run with -Mode Heal.",
    "result":  "FAIL"
}

--- Context ---
Evidence Dir: E:\OppRadar\rules\task-reports\2026-02
Task ID: 260222_001d
Mode: Integrate
Branch: feat/preview-single-source-260222_001
HEAD: cef16377
==========================================
PS>TerminatingError():“[RunTask] FAILED: Step 'Workspace Healer' failed with exit code 1.”
[RunTask] FAILED: Script execution error: [RunTask] FAILED: Step 'Workspace Healer' failed with exit code 1.
**********************
Windows PowerShell 脚本结束
结束时间: 20260222102143
**********************
