**********************
Windows PowerShell 脚本开始
开始时间: 20260222233709
用户名: DESKTOP-BOHP945\ypdong
RunAs 用户: DESKTOP-BOHP945\ypdong
配置名称: 
计算机: DESKTOP-BOHP945 (Microsoft Windows NT 10.0.19045.0)
主机应用程序: C:\Windows\System32\WindowsPowerShell\v1.0\powershell.exe -NonInteractive -ExecutionPolicy Bypass -File scripts\run_task.ps1 -TaskId 260222_004z -Mode Integrate -Header FIX:速度测量口径升级
进程 ID: 25216
PSVersion: 5.1.19041.6456
PSEdition: Desktop
PSCompatibleVersions: 1.0, 2.0, 3.0, 4.0, 5.0, 5.1.19041.6456
BuildVersion: 10.0.19041.6456
CLRVersion: 4.0.30319.42000
WSManStackVersion: 3.0
PSRemotingProtocolVersion: 2.3
SerializationVersion: 1.1.0.1
**********************
已启动脚本，输出文件为 E:\OppRadar\rules\task-reports\2026-02\run_260222_004z.log
>>> [RunTask] Step 1: Preflight
>>> [RunTask] Step: Preflight
[Preflight] Starting checks for TaskId: 260222_004z | Mode: Integrate | Header: FIX:速度测量口径升级
[Preflight] Header 'FIX:速度测量口径升级' => Execution Allowed.
[Preflight] Git Status: Clean | Branch: feat/task-r-error-tiering-260222_004z
[Preflight] Git Status: Clean | Branch: feat/task-r-error-tiering-260222_004z
[Preflight] WARNING: Artifact 'result_260222_004z.json' already exists. Overwriting allowed in Dev/Integrate flow, but ensure this is intentional.
[Preflight] Checking Port 53122 Health...
[Preflight] Port 53122 is Healthy.
[Preflight] Attestation generated at: E:\OppRadar\rules\task-reports\2026-02\preflight_attestation_260222_004z.json
[Preflight] PASS
>>> [RunTask] Step 1.1: Update LATEST.json
    Updated rules/LATEST.json to 260222_004z
>>> [RunTask] Step 1.2: Open PR Guard
>>> [RunTask] Step: Open PR Guard
Wrote Open PR Guard evidence to E:\OppRadar\rules\task-reports\2026-02\open_pr_guard_260222_004z.json
    Open PR Guard PASS. Output: E:\OppRadar\rules\task-reports\2026-02\open_pr_guard_260222_004z.json
>>> [RunTask] Step 1.3: Contract Verification First
>>> [RunTask] Step: Contract Verification
[Contract First] Starting Early Contract Verification...
[Contract First] Verifying Rank V2 (/opportunities/rank_v2?limit=5&provider=mock)...
[Contract First] PASS: Rank V2
[Contract First] Verifying Export V1 (/opportunities/runs/export_v1?limit=5)...
[Contract First] PASS: Export V1
[Contract First] Verifying Ledger V0 (/opportunities/ledger/query_v0?limit=5)...
[Contract First] PASS: Ledger V0
[Contract First] All Contracts Verified Successfully.
>>> [RunTask] Step 1.5: Healthcheck Evidence
>>> [RunTask] Step: Healthcheck Root
>>> [RunTask] Step: Healthcheck Pairs
>>> [RunTask] Step 1.6: CI Parity Probe
>>> [RunTask] Step: CI Parity Probe
[CI Parity Probe] Running for task 260222_004z (JSON Mode)...
[CI Parity Probe] Evidence written to: E:\OppRadar\rules\task-reports\2026-02\ci_parity_260222_004z.json
From https://github.com/dongyupeng2108-bot/OppOrder
 * branch              main       -> FETCH_HEAD
   eea28427..40051755  main       -> origin/main
[State] GENERATING EVIDENCE...
>>> [RunTask] Step 2: Generate Evidence
>>> [RunTask] Step: Generate Evidence
[Evidence Generator] Running generation for Task 260222_004z...
[Evidence Generator] Wrote: rules\task-reports\2026-02\dod_evidence_260222_004z.txt
[Evidence Generator] SUCCESS: All evidence artifacts generated.
[State] VERIFYING (Pass 1)...
>>> [RunTask] Step 3: Pass 1 - Gate Light Preview
>>> [RunTask] Step: Pass 1 - Gate Light Preview
[Gate Light] DEBUG: Checking LATEST.json at E:\OppRadar\rules\LATEST.json
[Gate Light] Target locked via argument: 260222_004z
PR_TASK_ID_DETECTED=260222_004z
TARGET_TASK_ID=260222_004z
LATEST_TASK_ID=260222_004z
[Gate Light] LATEST.json consistency verified.
[Gate Light] Verifying task_id: 260222_004z
[Gate Light] Running Automation Pack V1 Hard Guards...
[Gate Light] Checking Workspace Healer Evidence...
[Gate Light] Workspace Healer verified (Clean Environment).
[Gate Light] Checking CI Parity JSON Evidence...
[Gate Light] DEBUG: is_shallow_repository=true
[Gate Light] DEBUG: HEAD=2037cf4cce78d32e72d6244cdd79172c1dc7154d
[Gate Light] DEBUG: git merge-base origin/main HEAD=fde1e739e097b3f7c2722b70804edda1f5026d7a
[Gate Light] DETECTED SHALLOW CLONE. Attempting to unshallow (Fix Strategy A)...
[Gate Light] Unshallow command executed.
[Gate Light] CI Parity JSON Evidence verified.
[Gate Light] Skipping Error Digest Validation (Preview Mode).
[Gate Light] Checking doc path standards...
[Gate Light] Doc path standards verified.
[Gate Light] Checking for legacy doc path references...
[CheckDocPathRefs] Scanning for legacy doc path references...
[CheckDocPathRefs] PASS: No legacy doc path references found.
[Gate Light] Checking for banned cmd syntax in PowerShell scripts...
Starting static scan for banned cmd syntax in .ps1 files...
Scanning targets: scripts/run_task.ps1, scripts/test_fail_budget.ps1, scripts/ps/Invoke-Step.ps1
Static scan PASSED.
[Gate Light] Checking for global healthcheck artifacts...
[Gate Light] Global Artifact Guard verified.
[Gate Light] Checking News Pull API Contract...
[Contract Check] Loading schema from: E:\OppRadar\OppRadar\contracts\news_pull_response.schema.json
[Contract Check] Validating Success Sample...
PASS
[Contract Check] Validating Error Sample...
PASS
[Contract Check] All samples validated against schema.
[Gate Light] Checking Rank V2 API Contract...
=== Rank V2 Contract Verification ===
Schema loaded.
Server already running.
Fetching http://localhost:53122/opportunities/rank_v2?provider=mock&limit=5&run_id=verify_rank_v2...
Received 5 items.
Validating against schema...
Schema Validation PASSED.
Response Hash: fe4d7a9b
::set-output name=rank_v2_hash::fe4d7a9b
VERIFICATION_SUCCESS
[Gate Light] Checking Export V1 API Contract...
=== Export V1 Contract Verification ===
Schema loaded.
Server already running.
Generating Run assets via http://localhost:53122/scans/run...
Run assets generated. Run ID: scan_3590443714ec18bc
Fetching Export: http://localhost:53122/opportunities/runs/export_v1?run_id=scan_3590443714ec18bc...
Received Export JSON.
Validating against schema...
Export Schema Validation PASSED.
Export Hash: ab2454ec
::set-output name=export_v1_hash::ab2454ec
EXPORT_CONTRACT_VERIFICATION_SUCCESS
[Gate Light] Checking Ledger V0 API Contract...
=== Ledger V0 Contract Verification ===
Schema loaded.
Server already running.
Fetching /opportunities/ledger/query_v0?limit=1...
Validating against schema...
Validation PASSED.
[Gate Light] Checking healthcheck evidence...
[Gate Light] Using evidence directory: E:\OppRadar\rules\task-reports\2026-02
[Gate Light] Healthcheck evidence verified (Path + Content).
[Gate Light] Skipping DoD Evidence Excerpt Check (Preview Mode).
[Gate Light] Checking Deletion Audit (Locks & Runs)...
[Gate Light] Deletion Audit: No lock/index yet (Assuming Pre-Integrate or First Run in progress).
[Gate Light] Checking No Auto-Merge (Git Forbidden Commands)...
[Gate Light] No Auto-Merge verified.
[Gate Light] Checking Evidence Truth & Sufficiency (Hardening Rule)...
[Gate Light] Skipping DoD Healthcheck marker check (Preview Mode).
[Gate Light] Skipping Evidence Truth check (Generation Mode).
[Gate Light] Evidence Truth & Sufficiency verified.
[Gate Light] Checking CI Parity Preview...
[Gate Light] Checking Workflow Hardening (NoHistoricalEvidenceTouch & SnippetCommitMustMatch)...
[Gate Light] Fetching origin/main history for diff context...
[Gate Light] Allowed legacy task_id (transition): 260222_004x
From https://github.com/dongyupeng2108-bot/OppOrder
 * branch              main       -> FETCH_HEAD
[Gate Light] FAILED: NoHistoricalEvidenceTouch violation. Found modifications to historical evidence:
  - M rules/task-reports/index/task_id_history.jsonl
Fix Suggestion: Use 'git restore --source=origin/main -- <path>' to revert, or ensure new files contain '260222_004z'.
[RunTask] FAILED: Step 'Pass 1 - Gate Light Preview' failed with exit code 1.

========== FAIL_ROOT_CAUSE_BLOCK ==========
Step: Pass 1 - Gate Light Preview
Command: node E:\OppRadar\scripts\gate_light_ci.mjs --task_id 260222_004z --result_dir E:\OppRadar\rules\task-reports\2026-02
Exit Code: 1
--- STDERR (Tail 80) ---
From https://github.com/dongyupeng2108-bot/OppOrder
 * branch              main       -> FETCH_HEAD
[Gate Light] FAILED: NoHistoricalEvidenceTouch violation. Found modifications to historical evidence:
  - M rules/task-reports/index/task_id_history.jsonl
Fix Suggestion: Use 'git restore --source=origin/main -- <path>' to revert, or ensure new files contain '260222_004z'.

--- STDOUT (Tail 80) ---
LATEST_TASK_ID=260222_004z
[Gate Light] LATEST.json consistency verified.
[Gate Light] Verifying task_id: 260222_004z
[Gate Light] Running Automation Pack V1 Hard Guards...
[Gate Light] Checking Workspace Healer Evidence...
[Gate Light] Workspace Healer verified (Clean Environment).
[Gate Light] Checking CI Parity JSON Evidence...
[Gate Light] DEBUG: is_shallow_repository=true
[Gate Light] DEBUG: HEAD=2037cf4cce78d32e72d6244cdd79172c1dc7154d
[Gate Light] DEBUG: git merge-base origin/main HEAD=fde1e739e097b3f7c2722b70804edda1f5026d7a
[Gate Light] DETECTED SHALLOW CLONE. Attempting to unshallow (Fix Strategy A)...
[Gate Light] Unshallow command executed.
[Gate Light] CI Parity JSON Evidence verified.
[Gate Light] Skipping Error Digest Validation (Preview Mode).
[Gate Light] Checking doc path standards...
[Gate Light] Doc path standards verified.
[Gate Light] Checking for legacy doc path references...
[CheckDocPathRefs] Scanning for legacy doc path references...
[CheckDocPathRefs] PASS: No legacy doc path references found.
[Gate Light] Checking for banned cmd syntax in PowerShell scripts...
Starting static scan for banned cmd syntax in .ps1 files...
Scanning targets: scripts/run_task.ps1, scripts/test_fail_budget.ps1, scripts/ps/Invoke-Step.ps1
Static scan PASSED.
[Gate Light] Checking for global healthcheck artifacts...
[Gate Light] Global Artifact Guard verified.
[Gate Light] Checking News Pull API Contract...
[Contract Check] Loading schema from: E:\OppRadar\OppRadar\contracts\news_pull_response.schema.json
[Contract Check] Validating Success Sample...
PASS
[Contract Check] Validating Error Sample...
PASS
[Contract Check] All samples validated against schema.
[Gate Light] Checking Rank V2 API Contract...
=== Rank V2 Contract Verification ===
Schema loaded.
Server already running.
Fetching http://localhost:53122/opportunities/rank_v2?provider=mock&limit=5&run_id=verify_rank_v2...
Received 5 items.
Validating against schema...
Schema Validation PASSED.
Response Hash: fe4d7a9b
::set-output name=rank_v2_hash::fe4d7a9b
VERIFICATION_SUCCESS
[Gate Light] Checking Export V1 API Contract...
=== Export V1 Contract Verification ===
Schema loaded.
Server already running.
Generating Run assets via http://localhost:53122/scans/run...
Run assets generated. Run ID: scan_3590443714ec18bc
Fetching Export: http://localhost:53122/opportunities/runs/export_v1?run_id=scan_3590443714ec18bc...
Received Export JSON.
Validating against schema...
Export Schema Validation PASSED.
Export Hash: ab2454ec
::set-output name=export_v1_hash::ab2454ec
EXPORT_CONTRACT_VERIFICATION_SUCCESS
[Gate Light] Checking Ledger V0 API Contract...
=== Ledger V0 Contract Verification ===
Schema loaded.
Server already running.
Fetching /opportunities/ledger/query_v0?limit=1...
Validating against schema...
Validation PASSED.
[Gate Light] Checking healthcheck evidence...
[Gate Light] Using evidence directory: E:\OppRadar\rules\task-reports\2026-02
[Gate Light] Healthcheck evidence verified (Path + Content).
[Gate Light] Skipping DoD Evidence Excerpt Check (Preview Mode).
[Gate Light] Checking Deletion Audit (Locks & Runs)...
[Gate Light] Deletion Audit: No lock/index yet (Assuming Pre-Integrate or First Run in progress).
[Gate Light] Checking No Auto-Merge (Git Forbidden Commands)...
[Gate Light] No Auto-Merge verified.
[Gate Light] Checking Evidence Truth & Sufficiency (Hardening Rule)...
[Gate Light] Skipping DoD Healthcheck marker check (Preview Mode).
[Gate Light] Skipping Evidence Truth check (Generation Mode).
[Gate Light] Evidence Truth & Sufficiency verified.
[Gate Light] Checking CI Parity Preview...
[Gate Light] Checking Workflow Hardening (NoHistoricalEvidenceTouch & SnippetCommitMustMatch)...
[Gate Light] Fetching origin/main history for diff context...
[Gate Light] Allowed legacy task_id (transition): 260222_004x

--- Context ---
Evidence Dir: E:\OppRadar\rules\task-reports\2026-02
Task ID: 260222_004z
Mode: Integrate
Branch: feat/task-r-error-tiering-260222_004z
HEAD: 2037cf4c
==========================================
[RunTask] FAILED: Step 'Pass 1 - Gate Light Preview' Exception: [RunTask] FAILED: Step 'Pass 1 - Gate Light Preview' failed with exit code 1.

========== FAIL_ROOT_CAUSE_BLOCK ==========
Step: Pass 1 - Gate Light Preview
Command: node E:\OppRadar\scripts\gate_light_ci.mjs --task_id 260222_004z --result_dir E:\OppRadar\rules\task-reports\2026-02
Exit Code: EXCEPTION
--- STDERR (Tail 80) ---
From https://github.com/dongyupeng2108-bot/OppOrder
 * branch              main       -> FETCH_HEAD
[Gate Light] FAILED: NoHistoricalEvidenceTouch violation. Found modifications to historical evidence:
  - M rules/task-reports/index/task_id_history.jsonl
Fix Suggestion: Use 'git restore --source=origin/main -- <path>' to revert, or ensure new files contain '260222_004z'.

--- STDOUT (Tail 80) ---
LATEST_TASK_ID=260222_004z
[Gate Light] LATEST.json consistency verified.
[Gate Light] Verifying task_id: 260222_004z
[Gate Light] Running Automation Pack V1 Hard Guards...
[Gate Light] Checking Workspace Healer Evidence...
[Gate Light] Workspace Healer verified (Clean Environment).
[Gate Light] Checking CI Parity JSON Evidence...
[Gate Light] DEBUG: is_shallow_repository=true
[Gate Light] DEBUG: HEAD=2037cf4cce78d32e72d6244cdd79172c1dc7154d
[Gate Light] DEBUG: git merge-base origin/main HEAD=fde1e739e097b3f7c2722b70804edda1f5026d7a
[Gate Light] DETECTED SHALLOW CLONE. Attempting to unshallow (Fix Strategy A)...
[Gate Light] Unshallow command executed.
[Gate Light] CI Parity JSON Evidence verified.
[Gate Light] Skipping Error Digest Validation (Preview Mode).
[Gate Light] Checking doc path standards...
[Gate Light] Doc path standards verified.
[Gate Light] Checking for legacy doc path references...
[CheckDocPathRefs] Scanning for legacy doc path references...
[CheckDocPathRefs] PASS: No legacy doc path references found.
[Gate Light] Checking for banned cmd syntax in PowerShell scripts...
Starting static scan for banned cmd syntax in .ps1 files...
Scanning targets: scripts/run_task.ps1, scripts/test_fail_budget.ps1, scripts/ps/Invoke-Step.ps1
Static scan PASSED.
[Gate Light] Checking for global healthcheck artifacts...
[Gate Light] Global Artifact Guard verified.
[Gate Light] Checking News Pull API Contract...
[Contract Check] Loading schema from: E:\OppRadar\OppRadar\contracts\news_pull_response.schema.json
[Contract Check] Validating Success Sample...
PASS
[Contract Check] Validating Error Sample...
PASS
[Contract Check] All samples validated against schema.
[Gate Light] Checking Rank V2 API Contract...
=== Rank V2 Contract Verification ===
Schema loaded.
Server already running.
Fetching http://localhost:53122/opportunities/rank_v2?provider=mock&limit=5&run_id=verify_rank_v2...
Received 5 items.
Validating against schema...
Schema Validation PASSED.
Response Hash: fe4d7a9b
::set-output name=rank_v2_hash::fe4d7a9b
VERIFICATION_SUCCESS
[Gate Light] Checking Export V1 API Contract...
=== Export V1 Contract Verification ===
Schema loaded.
Server already running.
Generating Run assets via http://localhost:53122/scans/run...
Run assets generated. Run ID: scan_3590443714ec18bc
Fetching Export: http://localhost:53122/opportunities/runs/export_v1?run_id=scan_3590443714ec18bc...
Received Export JSON.
Validating against schema...
Export Schema Validation PASSED.
Export Hash: ab2454ec
::set-output name=export_v1_hash::ab2454ec
EXPORT_CONTRACT_VERIFICATION_SUCCESS
[Gate Light] Checking Ledger V0 API Contract...
=== Ledger V0 Contract Verification ===
Schema loaded.
Server already running.
Fetching /opportunities/ledger/query_v0?limit=1...
Validating against schema...
Validation PASSED.
[Gate Light] Checking healthcheck evidence...
[Gate Light] Using evidence directory: E:\OppRadar\rules\task-reports\2026-02
[Gate Light] Healthcheck evidence verified (Path + Content).
[Gate Light] Skipping DoD Evidence Excerpt Check (Preview Mode).
[Gate Light] Checking Deletion Audit (Locks & Runs)...
[Gate Light] Deletion Audit: No lock/index yet (Assuming Pre-Integrate or First Run in progress).
[Gate Light] Checking No Auto-Merge (Git Forbidden Commands)...
[Gate Light] No Auto-Merge verified.
[Gate Light] Checking Evidence Truth & Sufficiency (Hardening Rule)...
[Gate Light] Skipping DoD Healthcheck marker check (Preview Mode).
[Gate Light] Skipping Evidence Truth check (Generation Mode).
[Gate Light] Evidence Truth & Sufficiency verified.
[Gate Light] Checking CI Parity Preview...
[Gate Light] Checking Workflow Hardening (NoHistoricalEvidenceTouch & SnippetCommitMustMatch)...
[Gate Light] Fetching origin/main history for diff context...
[Gate Light] Allowed legacy task_id (transition): 260222_004x

--- Context ---
Evidence Dir: E:\OppRadar\rules\task-reports\2026-02
Task ID: 260222_004z
Mode: Integrate
Branch: feat/task-r-error-tiering-260222_004z
HEAD: 2037cf4c
==========================================
PS>TerminatingError():“[RunTask] FAILED: Step 'Pass 1 - Gate Light Preview' failed with exit code 1.”
>> TerminatingError():“[RunTask] FAILED: Step 'Pass 1 - Gate Light Preview' failed with exit code 1.”
>> TerminatingError():“[RunTask] FAILED: Step 'Pass 1 - Gate Light Preview' failed with exit code 1.”
>> TerminatingError():“[RunTask] FAILED: Step 'Pass 1 - Gate Light Preview' failed with exit code 1.”
[RunTask] FAILED: Script execution error: [RunTask] FAILED: Step 'Pass 1 - Gate Light Preview' failed with exit code 1.
Escalation report generated: E:\OppRadar\rules\task-reports\2026-02\escalation_260222_004z.md
**********************
Windows PowerShell 脚本结束
结束时间: 20260222233728
**********************
