**********************
Windows PowerShell 脚本开始
开始时间: 20260223205536
用户名: DESKTOP-BOHP945\ypdong
RunAs 用户: DESKTOP-BOHP945\ypdong
配置名称: 
计算机: DESKTOP-BOHP945 (Microsoft Windows NT 10.0.19045.0)
主机应用程序: C:\Windows\System32\WindowsPowerShell\v1.0\powershell.exe -ExecutionPolicy Bypass -File scripts/run_task.ps1 -TaskId 260223_005 -Mode Dev
进程 ID: 14364
PSVersion: 5.1.19041.6456
PSEdition: Desktop
PSCompatibleVersions: 1.0, 2.0, 3.0, 4.0, 5.0, 5.1.19041.6456
BuildVersion: 10.0.19041.6456
CLRVersion: 4.0.30319.42000
WSManStackVersion: 3.0
PSRemotingProtocolVersion: 2.3
SerializationVersion: 1.1.0.1
**********************
已启动脚本，输出文件为 E:\OppRadar\rules\task-reports\2026-02\run_260223_005.log
>>> [RunTask] Step 1: Preflight
>>> [RunTask] Step: Preflight
[Preflight] Starting checks for TaskId: 260223_005 | Mode: Dev | Header: TraeTask_260223_005
[Preflight] Header 'TraeTask_260223_005' => Execution Allowed.
[Preflight] Git Status: Clean | Branch: feat/cleanup-node-260223_005
[Preflight] Git Status: Clean | Branch: feat/cleanup-node-260223_005
[Preflight] WARNING: Artifact 'result_260223_005.json' already exists. Overwriting allowed in Dev/Integrate flow, but ensure this is intentional.
[Preflight] Attestation generated at: E:\OppRadar\rules\task-reports\2026-02\preflight_attestation_260223_005.json
[Preflight] PASS
>>> [RunTask] Step 1.1: Update LATEST.json
    Updated rules/LATEST.json to 260223_005
>>> [RunTask] Step 1.3: Contract Verification First
>>> [RunTask] Step: Contract Verification
[Contract First] Starting Early Contract Verification...
[Contract First] Verifying Rank V2 (/opportunities/rank_v2?limit=5&provider=mock)...
[Contract First] PASS: Rank V2
[Contract First] Verifying Export V1 (/opportunities/runs/export_v1?limit=5)...
[Contract First] PASS: Export V1
[Contract First] Verifying Ledger V0 (/opportunities/ledger/query_v0?limit=5)...
[Contract First] PASS: Ledger V0
[Contract First] All Contracts Verified Successfully.
>>> [RunTask] Step 1.5: Healthcheck Evidence
>>> [RunTask] Step: Healthcheck Root
>>> [RunTask] Step: Healthcheck Pairs
>>> [RunTask] Step 1.6: CI Parity Probe
>>> [RunTask] Step: CI Parity Probe
[CI Parity Probe] Running for task 260223_005 (JSON Mode)...
[CI Parity Probe] Evidence written to: E:\OppRadar\rules\task-reports\2026-02\ci_parity_260223_005.json
From https://github.com/dongyupeng2108-bot/OppOrder
 * branch              main       -> FETCH_HEAD
[State] GENERATING EVIDENCE...
>>> [RunTask] Step 2: Generate Evidence
STEP_TIMEOUT_SEC=120 step=Generate Evidence
>>> [RunTask] Step: Generate Evidence
Verifying ops_cleanup_patterns.mjs (Dry Run)...
Cleanup Dry Run Output: {"op":"cleanup_batch","patterns_count":1,"dry_run":true}
{"pattern":"rules/task-reports/2026-02/test_cleanup_260223_005_*.txt","matched":2,"deleted":2,"ok":true}

Dry run verification passed.
Evidence generation complete.
[State] VERIFYING (Pass 1)...
>>> [RunTask] Step 3: Pass 1 - Gate Light Preview
>>> [RunTask] Step: Pass 1 - Gate Light Preview
[Gate Light] DEBUG: Checking LATEST.json at E:\OppRadar\rules\LATEST.json
[Gate Light] Target locked via argument: 260223_005
PR_TASK_ID_DETECTED=260223_005
TARGET_TASK_ID=260223_005
LATEST_TASK_ID=260223_005
[Gate Light] LATEST.json consistency verified.
[Gate Light] Verifying task_id: 260223_005
[Gate Light] Running Automation Pack V1 Hard Guards...
[Gate Light] Checking Workspace Healer Evidence...
[Gate Light] Workspace Healer verified (Clean Environment).
[Gate Light] Checking CI Parity JSON Evidence...
[Gate Light] DEBUG: is_shallow_repository=true
[Gate Light] DEBUG: HEAD=d95251ef7e3172f2a5ca8ed7148e4aeb12f02ce3
[Gate Light] DEBUG: git merge-base origin/main HEAD=276a86c768b3923007860b9e3cece4662d525136
[Gate Light] DETECTED SHALLOW CLONE. Attempting to unshallow (Fix Strategy A)...
[Gate Light] Unshallow command executed.
[Gate Light] CI Parity JSON Evidence verified.
[Gate Light] Skipping Error Digest Validation (Preview Mode).
[Gate Light] Checking doc path standards...
[Gate Light] Doc path standards verified.
[Gate Light] Checking for legacy doc path references...
[CheckDocPathRefs] Scanning for legacy doc path references...
[CheckDocPathRefs] PASS: No legacy doc path references found.
[Gate Light] Checking for banned cmd syntax in PowerShell scripts...
Starting static scan for banned cmd syntax in .ps1 files...
Scanning targets: scripts/run_task.ps1, scripts/test_fail_budget.ps1, scripts/ps/Invoke-Step.ps1
Static scan PASSED.
[Gate Light] Checking for global healthcheck artifacts...
[Gate Light] Global Artifact Guard verified.
[Gate Light] Checking News Pull API Contract...
[Contract Check] Loading schema from: E:\OppRadar\OppRadar\contracts\news_pull_response.schema.json
[Contract Check] Validating Success Sample...
PASS
[Contract Check] Validating Error Sample...
PASS
[Contract Check] All samples validated against schema.
[Gate Light] Checking Rank V2 API Contract...
=== Rank V2 Contract Verification ===
Schema loaded.
Server already running.
Fetching http://localhost:53122/opportunities/rank_v2?provider=mock&limit=5&run_id=verify_rank_v2...
Received 5 items.
Validating against schema...
Schema Validation PASSED.
Response Hash: 5a20c1f8
::set-output name=rank_v2_hash::5a20c1f8
VERIFICATION_SUCCESS
[Gate Light] Checking Export V1 API Contract...
=== Export V1 Contract Verification ===
Schema loaded.
Server already running.
Generating Run assets via http://localhost:53122/scans/run...
Run assets generated. Run ID: scan_3246b6f927e166dd
Fetching Export: http://localhost:53122/opportunities/runs/export_v1?run_id=scan_3246b6f927e166dd...
Received Export JSON.
Validating against schema...
Export Schema Validation PASSED.
Export Hash: 7ca82bb6
::set-output name=export_v1_hash::7ca82bb6
EXPORT_CONTRACT_VERIFICATION_SUCCESS
[Gate Light] Checking Ledger V0 API Contract...
=== Ledger V0 Contract Verification ===
Schema loaded.
Server already running.
Fetching /opportunities/ledger/query_v0?limit=1...
Validating against schema...
Validation PASSED.
[Gate Light] Checking healthcheck evidence...
[Gate Light] Using evidence directory: E:\OppRadar\rules\task-reports\2026-02
[Gate Light] Healthcheck evidence verified (Path + Content).
[Gate Light] Skipping DoD Evidence Excerpt Check (Preview Mode).
[Gate Light] Checking Deletion Audit (Locks & Runs)...
[Gate Light] Deletion Audit: No lock/index yet (Assuming Pre-Integrate or First Run in progress).
[Gate Light] Checking No Auto-Merge (Git Forbidden Commands)...
[Gate Light] No Auto-Merge verified.
[Gate Light] Checking Evidence Truth & Sufficiency (Hardening Rule)...
[Gate Light] Skipping DoD Healthcheck marker check (Preview Mode).
[Gate Light] Skipping Evidence Truth check (Generation Mode).
[Gate Light] Evidence Truth & Sufficiency verified.
[Gate Light] Checking CI Parity Preview...
[Gate Light] Checking Workflow Hardening (NoHistoricalEvidenceTouch & SnippetCommitMustMatch)...
[Gate Light] Fetching origin/main history for diff context...
[Gate Light] Allowed legacy task_id (transition): 260223_004
[Gate Light] NoHistoricalEvidenceTouch verified.
[Gate Light] Skipping SnippetCommitMustMatch check (Preview Mode).
[Gate Light] Skipping GATE_LIGHT_EXIT Mechanism check (Preview Mode).
[Gate Light] Skipping Evidence Truth & Consistency check (Preview Mode).
[Gate Light] Checking Rank V2 Contract Version Guard...
[Gate Light] Base Commit: 276a86c768b3923007860b9e3cece4662d525136
[Gate Light] Schema Unchanged (3bd83a08). Version check skipped.
[Gate Light] Rank V2 Contract Version Guard PASS
[Gate Light] Checking Immutable Integrate & SafeCmd Enforcement...
[Gate Light] Immutable Integrate & SafeCmd Enforcement verified.
[Gate Light] Checking Two-Pass Evidence Truth & No Auto-Merge...
[Gate Light] Two-Pass Evidence Truth & No Auto-Merge verified.
[Gate Light] Skipping Postflight Envelope Validation (Preview Mode).
[Gate Light] PASS
GATE_LIGHT_EXIT=0
From https://github.com/dongyupeng2108-bot/OppOrder
 * branch              main       -> FETCH_HEAD
    Preview Log: E:\OppRadar\rules\task-reports\2026-02\gate_light_preview_260223_005.log
>>> [RunTask] Step 3.5: Error Digest (Pass 1)
>>> [RunTask] Generated Run ID: 20260223205553_d95251e
>>> [RunTask] Step: Error Digest (Pass 1)
[ErrorDigest] Wrote NO_ERROR record to E:\OppRadar\rules\task-reports\2026-02\errors_260223_005.jsonl
[ErrorDigest] Wrote summary to E:\OppRadar\rules\task-reports\2026-02\errors_summary_260223_005.txt
>>> [RunTask] Step 4: Skip Assemble Evidence (Dev Mode)
>>> [RunTask] Step 5: Skip Pass 2 Verify (Dev Mode)
>>> [RunTask] SUCCESS: Task 260223_005 (Dev) Completed.
**********************
Windows PowerShell 脚本结束
结束时间: 20260223205553
**********************
