**********************
Windows PowerShell 脚本开始
开始时间: 20260222001101
用户名: DESKTOP-BOHP945\ypdong
RunAs 用户: DESKTOP-BOHP945\ypdong
配置名称: 
计算机: DESKTOP-BOHP945 (Microsoft Windows NT 10.0.19045.0)
主机应用程序: C:\Windows\System32\WindowsPowerShell\v1.0\powershell.exe -NonInteractive -ExecutionPolicy Bypass -File scripts/run_task.ps1 -TaskId 260221_012f -Mode Dev -Header TraeTask_260221_012f
进程 ID: 4784
PSVersion: 5.1.19041.6456
PSEdition: Desktop
PSCompatibleVersions: 1.0, 2.0, 3.0, 4.0, 5.0, 5.1.19041.6456
BuildVersion: 10.0.19041.6456
CLRVersion: 4.0.30319.42000
WSManStackVersion: 3.0
PSRemotingProtocolVersion: 2.3
SerializationVersion: 1.1.0.1
**********************
已启动脚本，输出文件为 E:\OppRadar\rules\task-reports\2026-02\run_260221_012f.log
>>> [RunTask] TaskId: 260221_012f | Mode: Dev | Header: TraeTask_260221_012f
>>> [RunTask] Evidence Dir: E:\OppRadar\rules\task-reports\2026-02
[State] INITIALIZING...
>>> [RunTask] Step 0: Service Policy (ensure_server_53122)
>>> [RunTask] Step: Service Policy
[Service Policy] Checking Port 53122...
[Service Policy] Server 53122 is ALREADY RUNNING and Healthy.
>>> [RunTask] Step 0.5: Workspace Healer
>>> [RunTask] Step: Workspace Healer
{
    "mode":  "EnforceClean",
    "branch":  "feat/docs-deliver-002-goals-260221_012f",
    "cleaned_paths":  [
                          "rules/task-reports",
                          "rules/reports",
                          "data/opps_ledger",
                          "rules/task-reports/locks",
                          "rules/task-reports/runs"
                      ],
    "after":  {
                  "untracked_count":  0,
                  "tracked_changed_count":  0,
                  "sample_paths":  {

                                   }
              },
    "head_commit":  "398a6a877696c80b420719ac2fa84f1595692ee1",
    "before":  {
                   "untracked_count":  0,
                   "tracked_changed_count":  0,
                   "sample_paths":  {

                                    }
               },
    "repo_root":  "E:/OppRadar",
    "reason":  null,
    "result":  "PASS"
}
    Workspace Healer PASS. Output: E:\OppRadar\rules\task-reports\2026-02\workspace_healer_260221_012f.json
>>> [RunTask] Step 1: Preflight
>>> [RunTask] Step: Preflight
[Preflight] Starting checks for TaskId: 260221_012f | Mode: Dev | Header: TraeTask_260221_012f
[Preflight] Header 'TraeTask_260221_012f' => Execution Allowed.
[Preflight] Git Status: Clean | Branch: feat/docs-deliver-002-goals-260221_012f
[Preflight] Git Status: Clean | Branch: feat/docs-deliver-002-goals-260221_012f
[Preflight] Attestation generated at: E:\OppRadar\rules\task-reports\2026-02\preflight_attestation_260221_012f.json
[Preflight] PASS
>>> [RunTask] Step 1.1: Update LATEST.json
    Updated rules/LATEST.json to 260221_012f
>>> [RunTask] Step 1.3: Contract Verification First
>>> [RunTask] Step: Contract Verification
[Contract First] Starting Early Contract Verification...
[Contract First] Verifying Rank V2 (/opportunities/rank_v2?limit=5&provider=mock)...
[Contract First] PASS: Rank V2
[Contract First] Verifying Export V1 (/opportunities/runs/export_v1?limit=5)...
[Contract First] PASS: Export V1
[Contract First] Verifying Ledger V0 (/opportunities/ledger/query_v0?limit=5)...
[Contract First] PASS: Ledger V0
[Contract First] All Contracts Verified Successfully.
>>> [RunTask] Step 1.5: Healthcheck Evidence
>>> [RunTask] Step: Healthcheck Root
>>> [RunTask] Step: Healthcheck Pairs
>>> [RunTask] Step 1.6: CI Parity Probe
>>> [RunTask] Step: CI Parity Probe
[CI Parity Probe] Running for task 260221_012f (JSON Mode)...
[CI Parity Probe] Evidence written to: E:\OppRadar\rules\task-reports\2026-02\ci_parity_260221_012f.json
From https://github.com/dongyupeng2108-bot/OppOrder
 * branch              main       -> FETCH_HEAD
[State] GENERATING EVIDENCE...
>>> [RunTask] Step 2: Generate Evidence
>>> [RunTask] Step: Generate Evidence
[State] VERIFYING (Pass 1)...
>>> [RunTask] Step 3: Pass 1 - Gate Light Preview
>>> [RunTask] Step: Pass 1 - Gate Light Preview
[Gate Light] DEBUG: Checking LATEST.json at E:\OppRadar\rules\LATEST.json
[Gate Light] Target locked via argument: 260221_012f
PR_TASK_ID_DETECTED=260221_012f
TARGET_TASK_ID=260221_012f
LATEST_TASK_ID=260221_012f
[Gate Light] LATEST.json consistency verified.
[Gate Light] Verifying task_id: 260221_012f
[Gate Light] Running Automation Pack V1 Hard Guards...
[Gate Light] Checking Workspace Healer Evidence...
[Gate Light] Workspace Healer verified (Clean Environment).
[Gate Light] Checking CI Parity JSON Evidence...
[Gate Light] DEBUG: is_shallow_repository=true
[Gate Light] DEBUG: HEAD=398a6a877696c80b420719ac2fa84f1595692ee1
[Gate Light] DEBUG: git merge-base origin/main HEAD=2b7ad1a37e8a35d22f5bd953a9f1db49a0604379
[Gate Light] DETECTED SHALLOW CLONE. Attempting to unshallow (Fix Strategy A)...
[Gate Light] Unshallow command executed.
[Gate Light] CI Parity JSON Evidence verified.
[Gate Light] Skipping Error Digest Validation (Preview Mode).
[Gate Light] Checking doc path standards...
[Gate Light] Doc path standards verified.
[Gate Light] Checking for legacy doc path references...
[CheckDocPathRefs] Scanning for legacy doc path references...
[CheckDocPathRefs] PASS: No legacy doc path references found.
[Gate Light] Checking for banned cmd syntax in PowerShell scripts...
Starting static scan for banned cmd syntax in .ps1 files...
Scanning targets: scripts/run_task.ps1, scripts/test_fail_budget.ps1, scripts/ps/Invoke-Step.ps1
Static scan PASSED.
[Gate Light] Checking for global healthcheck artifacts...
[Gate Light] Global Artifact Guard verified.
[Gate Light] Checking News Pull API Contract...
[Contract Check] Loading schema from: E:\OppRadar\OppRadar\contracts\news_pull_response.schema.json
[Contract Check] Validating Success Sample...
PASS
[Contract Check] Validating Error Sample...
PASS
[Contract Check] All samples validated against schema.
[Gate Light] Checking Rank V2 API Contract...
=== Rank V2 Contract Verification ===
Schema loaded.
Server already running.
Fetching http://localhost:53122/opportunities/rank_v2?provider=mock&limit=5&run_id=verify_rank_v2...
Received 5 items.
Validating against schema...
Schema Validation PASSED.
Response Hash: 7f4cb9da
::set-output name=rank_v2_hash::7f4cb9da
VERIFICATION_SUCCESS
[Gate Light] Checking Export V1 API Contract...
=== Export V1 Contract Verification ===
Schema loaded.
Server already running.
Generating Run assets via http://localhost:53122/scans/run...
Run assets generated. Run ID: scan_770a1d42dcb9424f
Fetching Export: http://localhost:53122/opportunities/runs/export_v1?run_id=scan_770a1d42dcb9424f...
Received Export JSON.
Validating against schema...
Export Schema Validation PASSED.
Export Hash: fa251659
::set-output name=export_v1_hash::fa251659
EXPORT_CONTRACT_VERIFICATION_SUCCESS
[Gate Light] Checking Ledger V0 API Contract...
=== Ledger V0 Contract Verification ===
Schema loaded.
Server already running.
Fetching /opportunities/ledger/query_v0?limit=1...
Validating against schema...
Validation PASSED.
[Gate Light] Checking healthcheck evidence...
[Gate Light] Using evidence directory: E:\OppRadar\rules\task-reports\2026-02
[Gate Light] Healthcheck evidence verified (Path + Content).
[Gate Light] Skipping DoD Evidence Excerpt Check (Preview Mode).
[Gate Light] Checking Deletion Audit (Locks & Runs)...
[Gate Light] Deletion Audit: No lock/index yet (Assuming Pre-Integrate or First Run in progress).
[Gate Light] Checking No Auto-Merge (Git Forbidden Commands)...
[Gate Light] No Auto-Merge verified.
[Gate Light] Checking Evidence Truth & Sufficiency (Hardening Rule)...
[Gate Light] Skipping DoD Healthcheck marker check (Preview Mode).
[Gate Light] Skipping Evidence Truth check (Generation Mode).
[Gate Light] Evidence Truth & Sufficiency verified.
[Gate Light] Checking CI Parity Preview...
[Gate Light] Checking Workflow Hardening (NoHistoricalEvidenceTouch & SnippetCommitMustMatch)...
[Gate Light] Fetching origin/main history for diff context...
[Gate Light] Allowed legacy task_id (transition): 260221_004f
[Gate Light] NoHistoricalEvidenceTouch verified.
[Gate Light] Skipping SnippetCommitMustMatch check (Preview Mode).
[Gate Light] Skipping GATE_LIGHT_EXIT Mechanism check (Preview Mode).
[Gate Light] Skipping Evidence Truth & Consistency check (Preview Mode).
[Gate Light] Checking Rank V2 Contract Version Guard...
[Gate Light] Base Commit: 2b7ad1a37e8a35d22f5bd953a9f1db49a0604379
[Gate Light] Schema Unchanged (3bd83a08). Version check skipped.
[Gate Light] Rank V2 Contract Version Guard PASS
[Gate Light] Checking Immutable Integrate & SafeCmd Enforcement...
[Gate Light] Immutable Integrate & SafeCmd Enforcement verified.
[Gate Light] Checking Two-Pass Evidence Truth & No Auto-Merge...
[Gate Light] Two-Pass Evidence Truth & No Auto-Merge verified.
[Gate Light] Skipping Postflight Envelope Validation (Preview Mode).
[Gate Light] PASS
GATE_LIGHT_EXIT=0
From https://github.com/dongyupeng2108-bot/OppOrder
 * branch              main       -> FETCH_HEAD
    Preview Log: E:\OppRadar\rules\task-reports\2026-02\gate_light_preview_260221_012f.log
>>> [RunTask] Step 3.5: Error Digest (Pass 1)
>>> [RunTask] Generated Run ID: 20260222001121_398a6a8
>>> [RunTask] Step: Error Digest (Pass 1)
[ErrorDigest] Wrote NO_ERROR record to E:\OppRadar\rules\task-reports\2026-02\errors_260221_012f.jsonl
[ErrorDigest] Wrote summary to E:\OppRadar\rules\task-reports\2026-02\errors_summary_260221_012f.txt
>>> [RunTask] Step 4: Assemble Evidence
>>> [RunTask] Step: Assemble Evidence
[Assembler] Reading inputs for Task 260221_012f from E:\OppRadar\rules\task-reports\2026-02...
[Assembler] DEBUG taskId="260221_012f" evidenceDir="E:\\OppRadar\\rules\\task-reports\\2026-02"
[Assembler] DEBUG attestationPath="E:\\OppRadar\\rules\\task-reports\\2026-02\\preflight_attestation_260221_012f.json"
[Assembler] Wrote notify file: E:\OppRadar\rules\task-reports\2026-02\notify_260221_012f.txt
[Assembler] Updated result JSON: E:\OppRadar\rules\task-reports\2026-02\result_260221_012f.json
[Assembler] Wrote contract self-check: E:\OppRadar\rules\task-reports\2026-02\contract_self_check_260221_012f.txt
[Assembler] Updated notify with contract self-check: E:\OppRadar\rules\task-reports\2026-02\notify_260221_012f.txt
[Assembler] Updated result JSON after contract self-check: E:\OppRadar\rules\task-reports\2026-02\result_260221_012f.json
[Assembler] Wrote manifest: E:\OppRadar\rules\task-reports\2026-02\evidence_manifest_260221_012f.json
[Assembler] Wrote index: E:\OppRadar\rules\task-reports\2026-02\deliverables_index_260221_012f.json
[Assembler] Wrote snippet: E:\OppRadar\rules\task-reports\2026-02\trae_report_snippet_260221_012f.txt
[Assembler] SUCCESS: Assembled evidence for Task 260221_012f.
[State] VERIFYING (Pass 2)...
>>> [RunTask] Step 5: Pass 2 - Gate Light Verify
>>> [RunTask] Step: Pass 2 - Gate Light Verify
[Gate Light] DEBUG: Checking LATEST.json at E:\OppRadar\rules\LATEST.json
[Gate Light] Target locked via argument: 260221_012f
PR_TASK_ID_DETECTED=260221_012f
TARGET_TASK_ID=260221_012f
LATEST_TASK_ID=260221_012f
[Gate Light] LATEST.json consistency verified.
[Gate Light] Verifying task_id: 260221_012f
[Gate Light] Running Automation Pack V1 Hard Guards...
[Gate Light] Report Block Check Passed: notify_260221_012f.txt
[Gate Light] Report Block Check Passed: trae_report_snippet_260221_012f.txt
[Gate Light] Header Check Passed: TraeTask_260221_012f
[Gate Light] Checking Workspace Healer Evidence...
[Gate Light] Workspace Healer verified (Clean Environment).
[Gate Light] Checking CI Parity JSON Evidence...
[Gate Light] DEBUG: is_shallow_repository=true
[Gate Light] DEBUG: HEAD=398a6a877696c80b420719ac2fa84f1595692ee1
[Gate Light] DEBUG: git merge-base origin/main HEAD=2b7ad1a37e8a35d22f5bd953a9f1db49a0604379
[Gate Light] DETECTED SHALLOW CLONE. Attempting to unshallow (Fix Strategy A)...
[Gate Light] Unshallow command executed.
[Gate Light] CI Parity JSON Evidence verified.
[Gate Light] Checking Error Digest Evidence...
[Gate Light] Error Digest Evidence Verified.
[Gate Light] Checking doc path standards...
[Gate Light] Doc path standards verified.
[Gate Light] Checking for legacy doc path references...
[CheckDocPathRefs] Scanning for legacy doc path references...
[CheckDocPathRefs] PASS: No legacy doc path references found.
[Gate Light] Checking for banned cmd syntax in PowerShell scripts...
Starting static scan for banned cmd syntax in .ps1 files...
Scanning targets: scripts/run_task.ps1, scripts/test_fail_budget.ps1, scripts/ps/Invoke-Step.ps1
Static scan PASSED.
[Gate Light] Checking for global healthcheck artifacts...
[Gate Light] Global Artifact Guard verified.
[Gate Light] Checking News Pull API Contract...
[Contract Check] Loading schema from: E:\OppRadar\OppRadar\contracts\news_pull_response.schema.json
[Contract Check] Validating Success Sample...
PASS
[Contract Check] Validating Error Sample...
PASS
[Contract Check] All samples validated against schema.
[Gate Light] Checking Rank V2 API Contract...
=== Rank V2 Contract Verification ===
Schema loaded.
Server already running.
Fetching http://localhost:53122/opportunities/rank_v2?provider=mock&limit=5&run_id=verify_rank_v2...
Received 5 items.
Validating against schema...
Schema Validation PASSED.
Response Hash: a429be31
::set-output name=rank_v2_hash::a429be31
VERIFICATION_SUCCESS
[Gate Light] Checking Export V1 API Contract...
=== Export V1 Contract Verification ===
Schema loaded.
Server already running.
Generating Run assets via http://localhost:53122/scans/run...
Run assets generated. Run ID: scan_ad46b61676de4fb3
Fetching Export: http://localhost:53122/opportunities/runs/export_v1?run_id=scan_ad46b61676de4fb3...
Received Export JSON.
Validating against schema...
Export Schema Validation PASSED.
Export Hash: c273263f
::set-output name=export_v1_hash::c273263f
EXPORT_CONTRACT_VERIFICATION_SUCCESS
[Gate Light] Checking Ledger V0 API Contract...
=== Ledger V0 Contract Verification ===
Schema loaded.
Server already running.
Fetching /opportunities/ledger/query_v0?limit=1...
Validating against schema...
Validation PASSED.
[Gate Light] Checking healthcheck evidence...
[Gate Light] Using evidence directory: E:\OppRadar\rules\task-reports\2026-02
[Gate Light] Healthcheck evidence verified (Path + Content).
[Gate Light] Checking DoD Evidence Excerpts...
[Gate Light] DoD Evidence Excerpts verified.
[Gate Light] Checking Deletion Audit (Locks & Runs)...
[Gate Light] Deletion Audit: No lock/index yet (Assuming Pre-Integrate or First Run in progress).
[Gate Light] Checking No Auto-Merge (Git Forbidden Commands)...
[Gate Light] No Auto-Merge verified.
[Gate Light] Checking Evidence Truth & Sufficiency (Hardening Rule)...
[Gate Light] Evidence Truth (Two-Pass) verified.
[Gate Light] Evidence Truth & Sufficiency verified.
[Gate Light] Checking CI Parity Preview...
[Gate Light] CI Parity Preview verified.
[Gate Light] Checking Workflow Hardening (NoHistoricalEvidenceTouch & SnippetCommitMustMatch)...
[Gate Light] Fetching origin/main history for diff context...
[Gate Light] Allowed legacy task_id (transition): 260221_004f
[Gate Light] NoHistoricalEvidenceTouch verified.
[Gate Light] Snippet commit (398a6a877696c80b420719ac2fa84f1595692ee1) != HEAD (398a6a87). Checking for code drift...
[Gate Light] SnippetCommitMustMatch verified (Evidence/Docs-only update detected).
[Gate Light] SnippetCommitMustMatch verified.
[Gate Light] Checking GATE_LIGHT_EXIT Mechanism...
[Gate Light] GATE_LIGHT_EXIT Mechanism verified.
[Gate Light] Checking Evidence Truth & Consistency...
[Gate Light] Evidence Truth & Consistency verified.
[Gate Light] Checking Rank V2 Contract Version Guard...
[Gate Light] Base Commit: 2b7ad1a37e8a35d22f5bd953a9f1db49a0604379
[Gate Light] Schema Unchanged (3bd83a08). Version check skipped.
[Gate Light] Rank V2 Contract Version Guard PASS
[Gate Light] Checking Immutable Integrate & SafeCmd Enforcement...
[Gate Light] Immutable Integrate & SafeCmd Enforcement verified.
[Gate Light] Checking Two-Pass Evidence Truth & No Auto-Merge...
[Gate Light] Two-Pass Evidence Truth & No Auto-Merge verified.
[Gate Light] Executing: node scripts/postflight_validate_envelope.mjs --task_id 260221_012f --result_dir E:\OppRadar\rules\task-reports\2026-02 --report_dir E:\OppRadar\rules\task-reports\2026-02
[Postflight] Validating 260221_012f in E:\OppRadar\rules\task-reports\2026-02...
[Postflight] Running Evidence Smoke Test for 260221_012f...
[SmokeTest] Running Evidence Smoke Test for Task 260221_012f in E:\OppRadar\rules\task-reports\2026-02...
[SmokeTest] PASS: All 16 required files exist and manifest is valid.
[Postflight] Report: E:\OppRadar\rules\task-reports\2026-02\260221_012f.json
[Postflight] Envelope: E:\OppRadar\rules\task-reports\envelopes\260221_012f.envelope.json
[Postflight] PASS
[Gate Light] PASS
GATE_LIGHT_EXIT=0
From https://github.com/dongyupeng2108-bot/OppOrder
 * branch              main       -> FETCH_HEAD
    Verify Log: E:\OppRadar\rules\task-reports\2026-02\gate_light_verify_260221_012f.log
>>> [RunTask] SUCCESS: Task 260221_012f (Dev) Completed.
**********************
Windows PowerShell 脚本结束
结束时间: 20260222001134
**********************
