**********************
PowerShell transcript start
Start time: 20260221194355
Username: DESKTOP-BOHP945\ypdong
RunAs User: DESKTOP-BOHP945\ypdong
Configuration Name: 
Machine: DESKTOP-BOHP945 (Microsoft Windows NT 10.0.19045.0)
Host Application: C:\Program Files\PowerShell\7\pwsh.dll -noexit -command try { . "d:\Trae\resources\app\out\vs\workbench\contrib\terminal\common\scripts\shellIntegration.ps1" } catch {}
Process ID: 16704
PSVersion: 7.4.13
PSEdition: Core
GitCommitId: 7.4.13
OS: Microsoft Windows 10.0.19045
Platform: Win32NT
PSCompatibleVersions: 1.0, 2.0, 3.0, 4.0, 5.0, 5.1, 6.0, 7.0
PSRemotingProtocolVersion: 2.3
SerializationVersion: 1.1.0.1
WSManStackVersion: 3.0
**********************
Transcript started, output file is E:\OppRadar\rules\task-reports\2026-02\run_260221_004e.log
>>> [RunTask] TaskId: 260221_004e | Mode: Integrate | Header: TraeTask_260221_004e
>>> [RunTask] Evidence Dir: E:\OppRadar\rules\task-reports\2026-02
[State] INITIALIZING...
>>> [RunTask] Step 0: Service Policy (ensure_server_53122)
>>> [RunTask] Step: Service Policy
[Service Policy] Checking Port 53122...
[Service Policy] Server 53122 is ALREADY RUNNING and Healthy.
>>> [RunTask] Step 0.5: Workspace Healer
>>> [RunTask] Step: Workspace Healer
{
    "mode":  "EnforceClean",
    "branch":  "feat/docs-deliver-002-goals-260221_004",
    "cleaned_paths":  [
                          "rules/task-reports",
                          "rules/reports",
                          "data/opps_ledger",
                          "rules/task-reports/locks",
                          "rules/task-reports/runs"
                      ],
    "after":  {
                  "untracked_count":  0,
                  "tracked_changed_count":  0,
                  "sample_paths":  {

                                   }
              },
    "head_commit":  "1d85e5b71bb2e4352bc567621a2676e00f604285",
    "before":  {
                   "untracked_count":  0,
                   "tracked_changed_count":  0,
                   "sample_paths":  {

                                    }
               },
    "repo_root":  "E:/OppRadar",
    "reason":  null,
    "result":  "PASS"
}
    Workspace Healer PASS. Output: E:\OppRadar\rules\task-reports\2026-02\workspace_healer_260221_004e.json
>>> [RunTask] Step 1: Preflight
>>> [RunTask] Step: Preflight
[Preflight] Starting checks for TaskId: 260221_004e | Mode: Integrate | Header: TraeTask_260221_004e
[Preflight] Header 'TraeTask_260221_004e' => Execution Allowed.
[Preflight] Git Status: Clean | Branch: feat/docs-deliver-002-goals-260221_004
[Preflight] Git Status: Clean | Branch: feat/docs-deliver-002-goals-260221_004
[Preflight] Checking Port 53122 Health...
[Preflight] Port 53122 is Healthy.
[Preflight] Attestation generated at: E:\OppRadar\rules\task-reports\2026-02\preflight_attestation_260221_004e.json
[Preflight] PASS
>>> [RunTask] Step 1.1: Update LATEST.json
    Updated rules/LATEST.json to 260221_004e
>>> [RunTask] Step 1.2: Open PR Guard
>>> [RunTask] Step: Open PR Guard
Wrote Open PR Guard evidence to E:\OppRadar\rules\task-reports\2026-02\open_pr_guard_260221_004e.json
    Open PR Guard PASS. Output: E:\OppRadar\rules\task-reports\2026-02\open_pr_guard_260221_004e.json
>>> [RunTask] Step 1.3: Contract Verification First
>>> [RunTask] Step: Contract Verification
[Contract First] Starting Early Contract Verification...
[Contract First] Verifying Rank V2 (/opportunities/rank_v2?limit=5&provider=mock)...
[Contract First] PASS: Rank V2
[Contract First] Verifying Export V1 (/opportunities/runs/export_v1?limit=5)...
[Contract First] PASS: Export V1
[Contract First] Verifying Ledger V0 (/opportunities/ledger/query_v0?limit=5)...
[Contract First] PASS: Ledger V0
[Contract First] All Contracts Verified Successfully.
>>> [RunTask] Step 1.5: Healthcheck Evidence
>>> [RunTask] Step: Healthcheck Root
>>> [RunTask] Step: Healthcheck Pairs
>>> [RunTask] Step 1.6: CI Parity Probe
>>> [RunTask] Step: CI Parity Probe
[CI Parity Probe] Running for task 260221_004e (JSON Mode)...
[CI Parity Probe] Evidence written to: E:\OppRadar\rules\task-reports\2026-02\ci_parity_260221_004e.json
From https://github.com/dongyupeng2108-bot/OppOrder
 * branch              main       -> FETCH_HEAD
[State] GENERATING EVIDENCE...
>>> [RunTask] Step 2: Generate Evidence
>>> [RunTask] Step: Generate Evidence
[State] VERIFYING (Pass 1)...
>>> [RunTask] Step 3: Pass 1 - Gate Light Preview
>>> [RunTask] Step: Pass 1 - Gate Light Preview
[Gate Light] DEBUG: Checking LATEST.json at E:\OppRadar\rules\LATEST.json
[Gate Light] Target locked via argument: 260221_004e
PR_TASK_ID_DETECTED=260221_004e
TARGET_TASK_ID=260221_004e
LATEST_TASK_ID=260221_004e
[Gate Light] LATEST.json consistency verified.
[Gate Light] Verifying task_id: 260221_004e
[Gate Light] Running Automation Pack V1 Hard Guards...
[Gate Light] Checking Workspace Healer Evidence...
[Gate Light] Workspace Healer verified (Clean Environment).
[Gate Light] Checking CI Parity JSON Evidence...
[Gate Light] DEBUG: is_shallow_repository=true
[Gate Light] DEBUG: HEAD=1d85e5b71bb2e4352bc567621a2676e00f604285
[Gate Light] DEBUG: git merge-base origin/main HEAD=fc027430dde7e3364b2455cc4077789d1c052923
[Gate Light] DETECTED SHALLOW CLONE. Attempting to unshallow (Fix Strategy A)...
[Gate Light] Unshallow command executed.
[Gate Light] CI Parity JSON Evidence verified.
[Gate Light] Skipping Error Digest Validation (Preview Mode).
[Gate Light] Checking doc path standards...
[Gate Light] Doc path standards verified.
[Gate Light] Checking for legacy doc path references...
[CheckDocPathRefs] Scanning for legacy doc path references...
[CheckDocPathRefs] PASS: No legacy doc path references found.
[Gate Light] Checking for banned cmd syntax in PowerShell scripts...
Starting static scan for banned cmd syntax in .ps1 files...
Scanning targets: scripts/run_task.ps1, scripts/test_fail_budget.ps1, scripts/ps/Invoke-Step.ps1
Static scan PASSED.
[Gate Light] Checking for global healthcheck artifacts...
[Gate Light] Global Artifact Guard verified.
[Gate Light] Checking News Pull API Contract...
[Contract Check] Loading schema from: E:\OppRadar\OppRadar\contracts\news_pull_response.schema.json
[Contract Check] Validating Success Sample...
PASS
[Contract Check] Validating Error Sample...
PASS
[Contract Check] All samples validated against schema.
[Gate Light] Checking Rank V2 API Contract...
=== Rank V2 Contract Verification ===
Schema loaded.
Server already running.
Fetching http://localhost:53122/opportunities/rank_v2?provider=mock&limit=5&run_id=verify_rank_v2...
Received 5 items.
Validating against schema...
Schema Validation PASSED.
Response Hash: 3b13e546
::set-output name=rank_v2_hash::3b13e546
VERIFICATION_SUCCESS
[Gate Light] Checking Export V1 API Contract...
=== Export V1 Contract Verification ===
Schema loaded.
Server already running.
Generating Run assets via http://localhost:53122/scans/run...
Run assets generated. Run ID: scan_f3c4779fc53c016a
Fetching Export: http://localhost:53122/opportunities/runs/export_v1?run_id=scan_f3c4779fc53c016a...
Received Export JSON.
Validating against schema...
Export Schema Validation PASSED.
Export Hash: cd66dc4a
::set-output name=export_v1_hash::cd66dc4a
EXPORT_CONTRACT_VERIFICATION_SUCCESS
[Gate Light] Checking Ledger V0 API Contract...
=== Ledger V0 Contract Verification ===
Schema loaded.
Server already running.
Fetching /opportunities/ledger/query_v0?limit=1...
Validating against schema...
Validation PASSED.
[Gate Light] Checking healthcheck evidence...
[Gate Light] Using evidence directory: E:\OppRadar\rules\task-reports\2026-02
[Gate Light] Healthcheck evidence verified (Path + Content).
[Gate Light] Skipping DoD Evidence Excerpt Check (Preview Mode).
[Gate Light] Checking Deletion Audit (Locks & Runs)...
[Gate Light] Deletion Audit: No lock/index yet (Assuming Pre-Integrate or First Run in progress).
[Gate Light] Checking No Auto-Merge (Git Forbidden Commands)...
[Gate Light] No Auto-Merge verified.
[Gate Light] Checking Evidence Truth & Sufficiency (Hardening Rule)...
[Gate Light] Skipping DoD Healthcheck marker check (Preview Mode).
[Gate Light] Skipping Evidence Truth check (Generation Mode).
[Gate Light] Evidence Truth & Sufficiency verified.
[Gate Light] Checking CI Parity Preview...
[Gate Light] Checking Workflow Hardening (NoHistoricalEvidenceTouch & SnippetCommitMustMatch)...
[Gate Light] Fetching origin/main history for diff context...
[Gate Light] Allowed legacy task_id (transition): 260221_003b
[Gate Light] NoHistoricalEvidenceTouch verified.
[Gate Light] Skipping SnippetCommitMustMatch check (Preview Mode).
[Gate Light] Skipping GATE_LIGHT_EXIT Mechanism check (Preview Mode).
[Gate Light] Skipping Evidence Truth & Consistency check (Preview Mode).
[Gate Light] Checking Rank V2 Contract Version Guard...
[Gate Light] Base Commit: fc027430dde7e3364b2455cc4077789d1c052923
[Gate Light] Schema Unchanged (3bd83a08). Version check skipped.
[Gate Light] Rank V2 Contract Version Guard PASS
[Gate Light] Checking Immutable Integrate & SafeCmd Enforcement...
[Gate Light] Immutable Integrate & SafeCmd Enforcement verified.
[Gate Light] Checking Two-Pass Evidence Truth & No Auto-Merge...
[Gate Light] Two-Pass Evidence Truth & No Auto-Merge verified.
[Gate Light] Skipping Postflight Envelope Validation (Preview Mode).
[Gate Light] PASS
GATE_LIGHT_EXIT=0
From https://github.com/dongyupeng2108-bot/OppOrder
 * branch              main       -> FETCH_HEAD
    Preview Log: E:\OppRadar\rules\task-reports\2026-02\gate_light_preview_260221_004e.log
>>> [RunTask] Step 3.5: Error Digest (Pass 1)
>>> [RunTask] Generated Run ID: 20260221194416_1d85e5b
>>> [RunTask] Step: Error Digest (Pass 1)
[ErrorDigest] Wrote NO_ERROR record to E:\OppRadar\rules\task-reports\2026-02\errors_260221_004e.jsonl
[ErrorDigest] Wrote summary to E:\OppRadar\rules\task-reports\2026-02\errors_summary_260221_004e.txt
>>> [RunTask] Step 3.6: Append Error Stats (Pass 1)
>>> [RunTask] Step: Append Error Stats
Appended 1 records to rules/task-reports/index/error_stats.jsonl
>>> [RunTask] Step 3.7: Three-Strike Governance
>>> [RunTask] Step: Three-Strike Governance
[ThreeStrike] No triggers detected (max count < 3).
>>> [RunTask] Step 4: Assemble Evidence
>>> [RunTask] Step: Assemble Evidence
[Assembler] Reading inputs for Task 260221_004e from E:\OppRadar\rules\task-reports\2026-02...
[Assembler] DEBUG taskId="260221_004e" evidenceDir="E:\\OppRadar\\rules\\task-reports\\2026-02"
[Assembler] DEBUG attestationPath="E:\\OppRadar\\rules\\task-reports\\2026-02\\preflight_attestation_260221_004e.json"
[Assembler] Wrote notify file: E:\OppRadar\rules\task-reports\2026-02\notify_260221_004e.txt
[Assembler] Updated result JSON: E:\OppRadar\rules\task-reports\2026-02\result_260221_004e.json
[Assembler] Wrote manifest: E:\OppRadar\rules\task-reports\2026-02\evidence_manifest_260221_004e.json
[Assembler] Wrote index: E:\OppRadar\rules\task-reports\2026-02\deliverables_index_260221_004e.json
[Assembler] Wrote snippet: E:\OppRadar\rules\task-reports\2026-02\trae_report_snippet_260221_004e.txt
[Assembler] SUCCESS: Assembled evidence for Task 260221_004e.
>>> [RunTask] Step 9: AutoPR Loop
[AutoPR] Loop Iteration 1 (Max Fixes: 1)...
>>> [AutoPR] Running CI Watch...
[AutoPR] CI Failed (Exit Code 2).
[AutoPR] Attempting AutoFix (1/1)...
>>> [AutoPR] Running AutoFix...
[AutoPR] Loop Iteration 2 (Max Fixes: 1)...
>>> [AutoPR] Running CI Watch...
[AutoPR] CI Failed (Exit Code 2).
PS>TerminatingError(run_task.ps1): "The running command stopped because the preference variable "ErrorActionPreference" or common parameter is set to Stop: [AutoPR] AutoFix limit reached (1). CI still failing."
[RunTask] FAILED: Script execution error: [AutoPR] AutoFix limit reached (1). CI still failing.
**********************
PowerShell transcript end
End time: 20260221194429
**********************
