**********************
Windows PowerShell 脚本开始
开始时间: 20260217071818
用户名: DESKTOP-BOHP945\ypdong
RunAs 用户: DESKTOP-BOHP945\ypdong
配置名称: 
计算机: DESKTOP-BOHP945 (Microsoft Windows NT 10.0.19045.0)
主机应用程序: C:\Windows\System32\WindowsPowerShell\v1.0\powershell.exe -ExecutionPolicy Bypass -File scripts/run_task.ps1 -TaskId 260216_006 -Mode Integrate -Header TraeTask_
进程 ID: 18380
PSVersion: 5.1.19041.6456
PSEdition: Desktop
PSCompatibleVersions: 1.0, 2.0, 3.0, 4.0, 5.0, 5.1.19041.6456
BuildVersion: 10.0.19041.6456
CLRVersion: 4.0.30319.42000
WSManStackVersion: 3.0
PSRemotingProtocolVersion: 2.3
SerializationVersion: 1.1.0.1
**********************
已启动脚本，输出文件为 E:\OppRadar\rules\task-reports\2026-02\run_260216_006.log
>>> [RunTask] TaskId: 260216_006 | Mode: Integrate | Header: TraeTask_
>>> [RunTask] Evidence Dir: E:\OppRadar\rules\task-reports\2026-02
[State] INITIALIZING...
>>> [RunTask] Step 0: Service Policy (ensure_server_53122)
[Service Policy] Checking Port 53122...
[Service Policy] Server 53122 is ALREADY RUNNING and Healthy.
>>> [RunTask] Step 1: Preflight
[Preflight] Starting checks for TaskId: 260216_006 | Mode: Integrate | Header: TraeTask_
[Preflight] Header 'TraeTask_' => Execution Allowed.
[Preflight] Git Status: Clean | Branch: feat/p5-plan-snapshot-refactor-260216_006
[Preflight] WARNING: Artifact 'notify_260216_006.txt' already exists. Overwriting allowed in Dev/Integrate flow, but ensure this is intentional.
[Preflight] WARNING: Artifact 'result_260216_006.json' already exists. Overwriting allowed in Dev/Integrate flow, but ensure this is intentional.
[Preflight] WARNING: Artifact 'trae_report_snippet_260216_006.txt' already exists. Overwriting allowed in Dev/Integrate flow, but ensure this is intentional.
[Preflight] WARNING: Artifact 'preflight_attestation_260216_006.json' already exists. Overwriting allowed in Dev/Integrate flow, but ensure this is intentional.
[Preflight] Checking Port 53122 Health...
[Preflight] Port 53122 is Healthy.
[Preflight] Attestation generated at: E:\OppRadar\rules\task-reports\2026-02\preflight_attestation_260216_006.json
[Preflight] PASS
>>> [RunTask] Step 1.2: Open PR Guard

    Open PR Guard PASS. Output: E:\OppRadar\rules\task-reports\2026-02\open_pr_guard_260216_006.json
>>> [RunTask] Step 1.3: Contract Verification First

>>> [RunTask] Step 1.4: Workspace Healer
    Workspace Healer PASS. Output: E:\OppRadar\rules\task-reports\2026-02\workspace_healer_260216_006.json
>>> [RunTask] Step 1.5: Healthcheck Evidence


[State] GENERATING EVIDENCE...
>>> [RunTask] Step 2: Generate Evidence

[State] VERIFYING (Pass 1)...
>>> [RunTask] Step 3: Pass 1 - Gate Light Preview

    Preview Log: E:\OppRadar\rules\task-reports\2026-02\gate_light_preview_260216_006.log
>>> [RunTask] Step 4: Assemble Evidence

[State] VERIFYING (Pass 2)...
>>> [RunTask] Step 5: Pass 2 - Gate Light Verify

    Verify Log: E:\OppRadar\rules\task-reports\2026-02\gate_light_verify_260216_006.log
[State] POSTFLIGHT...
>>> [RunTask] Step 6: Postflight (Integrate)

>>> [RunTask] Step 7: Update Evidence with Verify Logs

    Updated notify and index with Verify logs.
[State] ARCHIVING...
>>> [RunTask] Step 8: Archive & Lock
>>> [RunTask] Step 8.1: Evidence Smoke Test

    Evidence Smoke Test PASS.
**********************
Windows PowerShell 脚本结束
结束时间: 20260217071831
**********************
