[Gate Light] DEBUG: Checking LATEST.json at E:\OppRadar\rules\LATEST.json
[Gate Light] Target locked via argument: 260218_022
[Gate Light] LATEST.json consistency verified.
[Gate Light] Verifying task_id: 260218_022
[Gate Light] Running Automation Pack V1 Hard Guards...
[Gate Light] Report Block Check Passed: notify_260218_022.txt
[Gate Light] Report Block Check Passed: trae_report_snippet_260218_022.txt
[Gate Light] Header Check Passed: TraeTask_260218_022
[Gate Light] Preflight Attestation verified (Integrate Mode).
[Gate Light] Checking Open PR Guard Evidence...
[Gate Light] Recalculating Open PR Guard status...
[Gate Light] Open PR Guard Recalculation verified (PASS).
[Gate Light] Open PR Guard verified (blocking_count=0).
[Gate Light] Checking Workspace Healer Evidence...
[Gate Light] Workspace Healer verified (Clean Environment).
[Gate Light] Checking CI Parity JSON Evidence...
[Gate Light] DEBUG: is_shallow_repository=true
[Gate Light] DEBUG: HEAD=dadfaa5f9fba13f1b7717b1ba82dd95b2f86ad9f
[Gate Light] DEBUG: git merge-base origin/main HEAD=f8dcdbadde616cb39b7afaf60ac4764f0d0c1473
[Gate Light] DETECTED SHALLOW CLONE. Attempting to unshallow (Fix Strategy A)...
[Gate Light] Unshallow command executed.
[Gate Light] CI Parity JSON Evidence verified.
[Gate Light] Checking Error Digest Evidence...
[Gate Light] Error Digest Evidence Verified.
[Gate Light] Checking doc path standards...
[Gate Light] Doc path standards verified.
[Gate Light] Checking for legacy doc path references...
[CheckDocPathRefs] Scanning for legacy doc path references...
[CheckDocPathRefs] PASS: No legacy doc path references found.
[Gate Light] Checking for banned cmd syntax in PowerShell scripts...
Starting static scan for banned cmd syntax in .ps1 files...
Scanning targets: scripts/run_task.ps1, scripts/test_fail_budget.ps1, scripts/ps/Invoke-Step.ps1
Static scan PASSED.
[Gate Light] Checking for global healthcheck artifacts...
[Gate Light] Global Artifact Guard verified.
[Gate Light] Checking News Pull API Contract...
[Contract Check] Loading schema from: E:\OppRadar\OppRadar\contracts\news_pull_response.schema.json
[Contract Check] Validating Success Sample...
PASS
[Contract Check] Validating Error Sample...
PASS
[Contract Check] All samples validated against schema.
[Gate Light] Checking Rank V2 API Contract...
=== Rank V2 Contract Verification ===
Schema loaded.
Server already running.
Fetching http://localhost:53122/opportunities/rank_v2?provider=mock&limit=5&run_id=verify_rank_v2...
Received 5 items.
Validating against schema...
Schema Validation PASSED.
Response Hash: a9d1b9e9
::set-output name=rank_v2_hash::a9d1b9e9
VERIFICATION_SUCCESS
[Gate Light] Checking Export V1 API Contract...
=== Export V1 Contract Verification ===
Schema loaded.
Server already running.
Generating Run assets via http://localhost:53122/scans/run...
Run assets generated. Run ID: scan_568b0a5c9de4f561
Fetching Export: http://localhost:53122/opportunities/runs/export_v1?run_id=scan_568b0a5c9de4f561...
Received Export JSON.
Validating against schema...
Export Schema Validation PASSED.
Export Hash: 71e52d43
::set-output name=export_v1_hash::71e52d43
EXPORT_CONTRACT_VERIFICATION_SUCCESS
[Gate Light] Checking Ledger V0 API Contract...
=== Ledger V0 Contract Verification ===
Schema loaded.
Server already running.
Fetching /opportunities/ledger/query_v0?limit=1...
Validating against schema...
Validation PASSED.
[Gate Light] Checking healthcheck evidence...
[Gate Light] Using evidence directory: E:\OppRadar\rules\task-reports\2026-02
[Gate Light] Healthcheck evidence verified (Path + Content).
[Gate Light] Checking DoD Evidence Excerpts...
[Gate Light] DoD Evidence Excerpts verified.
[Gate Light] Checking Deletion Audit (Locks & Runs)...
[Gate Light] Deletion Audit: No lock/index yet (Assuming Pre-Integrate or First Run in progress).
[Gate Light] Checking No Auto-Merge (Git Forbidden Commands)...
[Gate Light] No Auto-Merge verified.
[Gate Light] Checking Evidence Truth & Sufficiency (Hardening Rule)...
[Gate Light] Evidence Truth (Two-Pass) verified.
[Gate Light] Evidence Truth & Sufficiency verified.
[Gate Light] Checking CI Parity Preview...
[Gate Light] CI Parity Preview verified.
[Gate Light] Checking Workflow Hardening (NoHistoricalEvidenceTouch & SnippetCommitMustMatch)...
[Gate Light] Fetching origin/main history for diff context...
[Gate Light] Allowed legacy task_id (transition): 260218_019
[Gate Light] NoHistoricalEvidenceTouch verified.
[Gate Light] Snippet commit (HEAD) != HEAD (dadfaa5). Checking for code drift...
[Gate Light] SnippetCommitMustMatch verified (Evidence/Docs-only update detected).
[Gate Light] SnippetCommitMustMatch verified.
[Gate Light] Checking GATE_LIGHT_EXIT Mechanism...
[Gate Light] GATE_LIGHT_EXIT Mechanism verified.
[Gate Light] Checking Evidence Truth & Consistency...
[Gate Light] Evidence Truth & Consistency verified.
[Gate Light] Checking Rank V2 Contract Version Guard...
[Gate Light] Base Commit: f8dcdbadde616cb39b7afaf60ac4764f0d0c1473
[Gate Light] Schema Unchanged (3bd83a08). Version check skipped.
[Gate Light] Rank V2 Contract Version Guard PASS
[Gate Light] Checking Immutable Integrate & SafeCmd Enforcement...
[Gate Light] Immutable Integrate & SafeCmd Enforcement verified.
[Gate Light] Checking Two-Pass Evidence Truth & No Auto-Merge...
[Gate Light] Two-Pass Evidence Truth & No Auto-Merge verified.
[Gate Light] Checking Error Stats Index & Three-Strike Governance...
[Gate Light] Error Stats Index verified (found records for task_id/run_id).
[Gate Light] Three-Strike recalculation verified.
[Gate Light] Executing: node scripts/postflight_validate_envelope.mjs --task_id 260218_022 --result_dir E:\OppRadar\rules\task-reports\2026-02 --report_dir E:\OppRadar\rules\task-reports\2026-02
[Postflight] Validating 260218_022 in E:\OppRadar\rules\task-reports\2026-02...
[Postflight] Running Evidence Smoke Test for 260218_022...
[SmokeTest] Running Evidence Smoke Test for Task 260218_022 in E:\OppRadar\rules\task-reports\2026-02...
[SmokeTest] PASS: All 16 required files exist and manifest is valid.
[Postflight] Report: E:\OppRadar\rules\task-reports\2026-02\260218_022.json
[Postflight] Envelope: E:\OppRadar\rules\task-reports\envelopes\260218_022.envelope.json
[Postflight] PASS
[Gate Light] PASS
GATE_LIGHT_EXIT=0

From https://github.com/dongyupeng2108-bot/OppOrder
 * branch            main       -> FETCH_HEAD
[Postflight] Validating 260218_022 in E:\OppRadar\rules\task-reports\2026-02...
[Postflight] Running Evidence Smoke Test for 260218_022...
[SmokeTest] Running Evidence Smoke Test for Task 260218_022 in E:\OppRadar\rules\task-reports\2026-02...
[SmokeTest] PASS: All 16 required files exist and manifest is valid.
[Postflight] Report: E:\OppRadar\rules\reports\postflight\260218_022.json
[Postflight] Envelope: E:\OppRadar\rules\reports\envelopes\260218_022.envelope.json
[Postflight] PASS

