[Gate Light] DEBUG: Checking LATEST.json at E:\OppRadar\rules\LATEST.json
[Gate Light] Target locked via argument: 260216_002
[Gate Light] LATEST.json consistency verified.
[Gate Light] Verifying task_id: 260216_002
[Gate Light] Running Automation Pack V1 Hard Guards...
[Gate Light] Report Block Check Passed: notify_260216_002.txt
[Gate Light] Report Block Check Passed: trae_report_snippet_260216_002.txt
[Gate Light] Preflight Attestation verified (Integrate Mode).
[Gate Light] Checking Open PR Guard Evidence...
[Gate Light] Open PR Guard verified (blocking_count=0).
[Gate Light] Checking Workspace Healer Evidence...
[Gate Light] Workspace Healer verified (Clean Environment).
[Gate Light] Checking CI Parity JSON Evidence...
[Gate Light] CI Parity JSON Evidence verified.
[Gate Light] Checking doc path standards...
[Gate Light] Doc path standards verified.
[Gate Light] Checking for legacy doc path references...
[CheckDocPathRefs] Scanning for legacy doc path references...
[CheckDocPathRefs] PASS: No legacy doc path references found.
[Gate Light] Checking for global healthcheck artifacts...
[Gate Light] Global Artifact Guard verified.
[Gate Light] Checking News Pull API Contract...
[Contract Check] Loading schema from: E:\OppRadar\OppRadar\contracts\news_pull_response.schema.json
[Contract Check] Validating Success Sample...
PASS
[Contract Check] Validating Error Sample...
PASS
[Contract Check] All samples validated against schema.
[Gate Light] Checking Rank V2 API Contract...
=== Rank V2 Contract Verification ===
Schema loaded.
Server already running.
Fetching http://localhost:53122/opportunities/rank_v2?provider=mock&limit=5&run_id=verify_rank_v2...
Received 5 items.
Validating against schema...
Schema Validation PASSED.
Response Hash: 2d8ced0c
::set-output name=rank_v2_hash::2d8ced0c
VERIFICATION_SUCCESS
[Gate Light] Checking Export V1 API Contract...
=== Export V1 Contract Verification ===
Schema loaded.
Server already running.
Generating Run assets via http://localhost:53122/scans/run...
Run assets generated. Run ID: scan_c2e9c320b665b697
Fetching Export: http://localhost:53122/opportunities/runs/export_v1?run_id=scan_c2e9c320b665b697...
Received Export JSON.
Validating against schema...
Export Schema Validation PASSED.
Export Hash: 6c1feef5
::set-output name=export_v1_hash::6c1feef5
EXPORT_CONTRACT_VERIFICATION_SUCCESS
[Gate Light] Checking Ledger V0 API Contract...
=== Ledger V0 Contract Verification ===
Schema loaded.
Server already running.
Fetching /opportunities/ledger/query_v0?limit=1...
Validating against schema...
Validation PASSED.
[Gate Light] Checking healthcheck evidence...
[Gate Light] Healthcheck evidence verified (Path + Content).
[Gate Light] Checking DoD Evidence Excerpts...
[Gate Light] DoD Evidence Excerpts verified.
[Gate Light] Checking Deletion Audit (Locks & Runs)...
[Gate Light] Deletion Audit verified (Lock & Run exist for Run 20260216043111_ec3fd27).
[Gate Light] Checking No Auto-Merge (Git Forbidden Commands)...
[Gate Light] No Auto-Merge verified.
[Gate Light] Checking Evidence Truth & Sufficiency (Hardening Rule)...
[Gate Light] Evidence Truth (Two-Pass) verified.
[Gate Light] Evidence Truth & Sufficiency verified.
[Gate Light] Checking CI Parity Preview...
[Gate Light] CI Parity Preview verified.
[Gate Light] Checking Workflow Hardening (NoHistoricalEvidenceTouch & SnippetCommitMustMatch)...
[Gate Light] Fetching origin/main history for diff context...
[Gate Light] Allowed legacy task_id (transition): 260216_001
[Gate Light] NoHistoricalEvidenceTouch verified.
[Gate Light] Snippet commit (ec3fd27983e671ecfad90aa8e34171ca8a721433) != HEAD (ec3fd27). Checking for code drift...
[Gate Light] SnippetCommitMustMatch verified (Evidence/Docs-only update detected).
[Gate Light] SnippetCommitMustMatch verified.
[Gate Light] Checking GATE_LIGHT_EXIT Mechanism...
[Gate Light] GATE_LIGHT_EXIT Mechanism verified.
[Gate Light] Checking Evidence Truth & Consistency...
[Gate Light] Evidence Truth & Consistency verified.
[Gate Light] Checking Rank V2 Contract Version Guard...
[Gate Light] Base Commit: 84b5961be1ca698b358dd2a66d4fb2c32e19a2d1
[Gate Light] Schema Unchanged (3bd83a08). Version check skipped.
[Gate Light] Rank V2 Contract Version Guard PASS
[Gate Light] Checking Immutable Integrate & SafeCmd Enforcement...
[Gate Light] FAILED: Immutable Integrate violation. Found multiple run directories for task 260216_002:
  - 20260216041347_1e9431e
  - 20260216043111_ec3fd27
Action: This task is immutable. Use a new task_id for new changes.
