**********************
PowerShell transcript start
Start time: 20260224021101
Username: DESKTOP-BOHP945\ypdong
RunAs User: DESKTOP-BOHP945\ypdong
Configuration Name: 
Machine: DESKTOP-BOHP945 (Microsoft Windows NT 10.0.19045.0)
Host Application: C:\Program Files\PowerShell\7\pwsh.dll -noexit -command try { . "d:\Trae\resources\app\out\vs\workbench\contrib\terminal\common\scripts\shellIntegration.ps1" } catch {}
Process ID: 2116
PSVersion: 7.4.13
PSEdition: Core
GitCommitId: 7.4.13
OS: Microsoft Windows 10.0.19045
Platform: Win32NT
PSCompatibleVersions: 1.0, 2.0, 3.0, 4.0, 5.0, 5.1, 6.0, 7.0
PSRemotingProtocolVersion: 2.3
SerializationVersion: 1.1.0.1
WSManStackVersion: 3.0
**********************
Transcript started, output file is E:\OppRadar\rules\task-reports\2026-02\run_260223_007.log
>>> [RunTask] Step 1: Preflight
>>> [RunTask] Step: Preflight
[Preflight] Starting checks for TaskId: 260223_007 | Mode: Integrate | Header: TraeTask_260223_007
[Preflight] Header 'TraeTask_260223_007' => Execution Allowed.
[Preflight] Git Status: Clean | Branch: feat/ops-node-scan-260223_007
[Preflight] Git Status: Clean | Branch: feat/ops-node-scan-260223_007
[Preflight] WARNING: Artifact 'notify_260223_007.txt' already exists. Overwriting allowed in Dev/Integrate flow, but ensure this is intentional.
[Preflight] WARNING: Artifact 'result_260223_007.json' already exists. Overwriting allowed in Dev/Integrate flow, but ensure this is intentional.
[Preflight] WARNING: Artifact 'trae_report_snippet_260223_007.txt' already exists. Overwriting allowed in Dev/Integrate flow, but ensure this is intentional.
[Preflight] WARNING: Artifact 'preflight_attestation_260223_007.json' already exists. Overwriting allowed in Dev/Integrate flow, but ensure this is intentional.
[Preflight] Checking Port 53122 Health...
[Preflight] Port 53122 is Healthy.
[Preflight] Attestation generated at: E:\OppRadar\rules\task-reports\2026-02\preflight_attestation_260223_007.json
[Preflight] PASS


>>> [RunTask] Step 1.1: Update LATEST.json
    Updated rules/LATEST.json to 260223_007
>>> [RunTask] Step 1.2: Open PR Guard
>>> [RunTask] Step: Open PR Guard
Wrote Open PR Guard evidence to E:\OppRadar\rules\task-reports\2026-02\open_pr_guard_260223_007.json


    Open PR Guard PASS. Output: E:\OppRadar\rules\task-reports\2026-02\open_pr_guard_260223_007.json
>>> [RunTask] Step 1.3: Contract Verification First
>>> [RunTask] Step: Contract Verification
[Contract First] Starting Early Contract Verification...
[Contract First] Verifying Rank V2 (/opportunities/rank_v2?limit=5&provider=mock)...
[Contract First] PASS: Rank V2
[Contract First] Verifying Export V1 (/opportunities/runs/export_v1?limit=5)...
[Contract First] PASS: Export V1
[Contract First] Verifying Ledger V0 (/opportunities/ledger/query_v0?limit=5)...
[Contract First] PASS: Ledger V0
[Contract First] All Contracts Verified Successfully.


>>> [RunTask] Step 1.5: Healthcheck Evidence
>>> [RunTask] Step: Healthcheck Root


>>> [RunTask] Step: Healthcheck Pairs


>>> [RunTask] Step 1.6: CI Parity Probe
>>> [RunTask] Step: CI Parity Probe
[CI Parity Probe] Running for task 260223_007 (JSON Mode)...
[CI Parity Probe] Evidence written to: E:\OppRadar\rules\task-reports\2026-02\ci_parity_260223_007.json
From https://github.com/dongyupeng2108-bot/OppOrder
 * branch              main       -> FETCH_HEAD


[State] GENERATING EVIDENCE...
>>> [RunTask] Step 2: Generate Evidence


STEP_TIMEOUT_SEC=120 step=Generate Evidence
>>> [RunTask] Step: Generate Evidence
[Evidence Generator] Running generation for Task 260223_007...
Verifying ops_scan_text.mjs...
Caught expected error from dry run.
Scan Output (JSON Error Check): {"error":"Missing required arguments: --globs or --pattern"}

Scan verification passed: Found pattern in WORKFLOW.md
Evidence generation complete.


[State] VERIFYING (Pass 1)...
>>> [RunTask] Step 3: Pass 1 - Gate Light Preview
>>> [RunTask] Step: Pass 1 - Gate Light Preview
[Gate Light] DEBUG: Checking LATEST.json at E:\OppRadar\rules\LATEST.json
[Gate Light] Target locked via argument: 260223_007
PR_TASK_ID_DETECTED=260223_007
TARGET_TASK_ID=260223_007
LATEST_TASK_ID=260223_007
[Gate Light] LATEST.json consistency verified.
[Gate Light] Verifying task_id: 260223_007
[Gate Light] Running Automation Pack V1 Hard Guards...
[Gate Light] Report Block Check Passed: notify_260223_007.txt
[Gate Light] Report Block Check Passed: trae_report_snippet_260223_007.txt
[Gate Light] Header Check Passed: TraeTask_260223_007
[Gate Light] Checking Workspace Healer Evidence...
[Gate Light] Workspace Healer verified (Clean Environment).
[Gate Light] Checking CI Parity JSON Evidence...
[Gate Light] DEBUG: is_shallow_repository=true
[Gate Light] DEBUG: HEAD=9dded2308ea6f463675d564438795a6061b01794
[Gate Light] DEBUG: git merge-base origin/main HEAD=0026448f848fd03cee6e5acd650577dfd4e9299e
[Gate Light] DETECTED SHALLOW CLONE. Attempting to unshallow (Fix Strategy A)...
[Gate Light] Unshallow command executed.
[Gate Light] CI Parity JSON Evidence verified.
[Gate Light] Skipping Error Digest Validation (Preview Mode).
[Gate Light] Checking doc path standards...
[Gate Light] Doc path standards verified.
[Gate Light] Checking for legacy doc path references...
[CheckDocPathRefs] Scanning for legacy doc path references...
[CheckDocPathRefs] PASS: No legacy doc path references found.
[Gate Light] Checking for banned cmd syntax in PowerShell scripts...
Starting static scan for banned cmd syntax in .ps1 files...
Scanning targets: scripts/run_task.ps1, scripts/test_fail_budget.ps1, scripts/ps/Invoke-Step.ps1
Static scan PASSED.
[Gate Light] Checking for global healthcheck artifacts...
[Gate Light] Global Artifact Guard verified.
[Gate Light] Checking News Pull API Contract...
[Contract Check] Loading schema from: E:\OppRadar\OppRadar\contracts\news_pull_response.schema.json
[Contract Check] Validating Success Sample...
PASS
[Contract Check] Validating Error Sample...
PASS
[Contract Check] All samples validated against schema.
[Gate Light] Checking Rank V2 API Contract...
=== Rank V2 Contract Verification ===
Schema loaded.
Server already running.
Fetching http://localhost:53122/opportunities/rank_v2?provider=mock&limit=5&run_id=verify_rank_v2...
Received 5 items.
Validating against schema...
Schema Validation PASSED.
Response Hash: 938a1165
::set-output name=rank_v2_hash::938a1165
VERIFICATION_SUCCESS
[Gate Light] Checking Export V1 API Contract...
=== Export V1 Contract Verification ===
Schema loaded.
Server already running.
Generating Run assets via http://localhost:53122/scans/run...
Run assets generated. Run ID: scan_0fd0f222f4d6aaed
Fetching Export: http://localhost:53122/opportunities/runs/export_v1?run_id=scan_0fd0f222f4d6aaed...
Received Export JSON.
Validating against schema...
Export Schema Validation PASSED.
Export Hash: f6ae0969
::set-output name=export_v1_hash::f6ae0969
EXPORT_CONTRACT_VERIFICATION_SUCCESS
[Gate Light] Checking Ledger V0 API Contract...
=== Ledger V0 Contract Verification ===
Schema loaded.
Server already running.
Fetching /opportunities/ledger/query_v0?limit=1...
Validating against schema...
Validation PASSED.
[Gate Light] Checking healthcheck evidence...
[Gate Light] Using evidence directory: E:\OppRadar\rules\task-reports\2026-02
[Gate Light] Healthcheck evidence verified (Path + Content).
[Gate Light] Skipping DoD Evidence Excerpt Check (Preview Mode).
[Gate Light] Checking Deletion Audit (Locks & Runs)...
From https://github.com/dongyupeng2108-bot/OppOrder
 * branch              main       -> FETCH_HEAD
[BLOCK] DELETION_AUDIT_VIOLATION
[DETAIL] Missing lock or run dir for task_id=260223_007
   - Missing Lock: rules/task-reports/locks/260223_007.lock.json
   - Missing RunDir: rules/task-reports/runs/260223_007/20260223_260223_007_fix
[ACTION] Do NOT delete locks/runs. Use new task_id to redo evidence.
[RunTask] FAILED: Step 'Pass 1 - Gate Light Preview' failed with exit code 41.

========== FAIL_ROOT_CAUSE_BLOCK ==========
Step: Pass 1 - Gate Light Preview
Command: node E:\OppRadar\scripts\gate_light_ci.mjs --task_id 260223_007 --result_dir E:\OppRadar\rules\task-reports\2026-02
Exit Code: 41
--- STDERR (Tail 80) ---
From https://github.com/dongyupeng2108-bot/OppOrder
 * branch              main       -> FETCH_HEAD
[BLOCK] DELETION_AUDIT_VIOLATION
[DETAIL] Missing lock or run dir for task_id=260223_007
   - Missing Lock: rules/task-reports/locks/260223_007.lock.json
   - Missing RunDir: rules/task-reports/runs/260223_007/20260223_260223_007_fix
[ACTION] Do NOT delete locks/runs. Use new task_id to redo evidence.

--- STDOUT (Tail 80) ---
[Gate Light] DEBUG: Checking LATEST.json at E:\OppRadar\rules\LATEST.json
[Gate Light] Target locked via argument: 260223_007
PR_TASK_ID_DETECTED=260223_007
TARGET_TASK_ID=260223_007
LATEST_TASK_ID=260223_007
[Gate Light] LATEST.json consistency verified.
[Gate Light] Verifying task_id: 260223_007
[Gate Light] Running Automation Pack V1 Hard Guards...
[Gate Light] Report Block Check Passed: notify_260223_007.txt
[Gate Light] Report Block Check Passed: trae_report_snippet_260223_007.txt
[Gate Light] Header Check Passed: TraeTask_260223_007
[Gate Light] Checking Workspace Healer Evidence...
[Gate Light] Workspace Healer verified (Clean Environment).
[Gate Light] Checking CI Parity JSON Evidence...
[Gate Light] DEBUG: is_shallow_repository=true
[Gate Light] DEBUG: HEAD=9dded2308ea6f463675d564438795a6061b01794
[Gate Light] DEBUG: git merge-base origin/main HEAD=0026448f848fd03cee6e5acd650577dfd4e9299e
[Gate Light] DETECTED SHALLOW CLONE. Attempting to unshallow (Fix Strategy A)...
[Gate Light] Unshallow command executed.
[Gate Light] CI Parity JSON Evidence verified.
[Gate Light] Skipping Error Digest Validation (Preview Mode).
[Gate Light] Checking doc path standards...
[Gate Light] Doc path standards verified.
[Gate Light] Checking for legacy doc path references...
[CheckDocPathRefs] Scanning for legacy doc path references...
[CheckDocPathRefs] PASS: No legacy doc path references found.
[Gate Light] Checking for banned cmd syntax in PowerShell scripts...
Starting static scan for banned cmd syntax in .ps1 files...
Scanning targets: scripts/run_task.ps1, scripts/test_fail_budget.ps1, scripts/ps/Invoke-Step.ps1
Static scan PASSED.
[Gate Light] Checking for global healthcheck artifacts...
[Gate Light] Global Artifact Guard verified.
[Gate Light] Checking News Pull API Contract...
[Contract Check] Loading schema from: E:\OppRadar\OppRadar\contracts\news_pull_response.schema.json
[Contract Check] Validating Success Sample...
PASS
[Contract Check] Validating Error Sample...
PASS
[Contract Check] All samples validated against schema.
[Gate Light] Checking Rank V2 API Contract...
=== Rank V2 Contract Verification ===
Schema loaded.
Server already running.
Fetching http://localhost:53122/opportunities/rank_v2?provider=mock&limit=5&run_id=verify_rank_v2...
Received 5 items.
Validating against schema...
Schema Validation PASSED.
Response Hash: 938a1165
::set-output name=rank_v2_hash::938a1165
VERIFICATION_SUCCESS
[Gate Light] Checking Export V1 API Contract...
=== Export V1 Contract Verification ===
Schema loaded.
Server already running.
Generating Run assets via http://localhost:53122/scans/run...
Run assets generated. Run ID: scan_0fd0f222f4d6aaed
Fetching Export: http://localhost:53122/opportunities/runs/export_v1?run_id=scan_0fd0f222f4d6aaed...
Received Export JSON.
Validating against schema...
Export Schema Validation PASSED.
Export Hash: f6ae0969
::set-output name=export_v1_hash::f6ae0969
EXPORT_CONTRACT_VERIFICATION_SUCCESS
[Gate Light] Checking Ledger V0 API Contract...
=== Ledger V0 Contract Verification ===
Schema loaded.
Server already running.
Fetching /opportunities/ledger/query_v0?limit=1...
Validating against schema...
Validation PASSED.
[Gate Light] Checking healthcheck evidence...
[Gate Light] Using evidence directory: E:\OppRadar\rules\task-reports\2026-02
[Gate Light] Healthcheck evidence verified (Path + Content).
[Gate Light] Skipping DoD Evidence Excerpt Check (Preview Mode).
[Gate Light] Checking Deletion Audit (Locks & Runs)...

--- Context ---
Evidence Dir: E:\OppRadar\rules\task-reports\2026-02
Task ID: 260223_007
Mode: Integrate
Branch: feat/ops-node-scan-260223_007
HEAD: 9dded230
==========================================
[RunTask] FAILED: Step 'Pass 1 - Gate Light Preview' Exception: [RunTask] FAILED: Step 'Pass 1 - Gate Light Preview' failed with exit code 41.

========== FAIL_ROOT_CAUSE_BLOCK ==========
Step: Pass 1 - Gate Light Preview
Command: node E:\OppRadar\scripts\gate_light_ci.mjs --task_id 260223_007 --result_dir E:\OppRadar\rules\task-reports\2026-02
Exit Code: EXCEPTION
--- STDERR (Tail 80) ---
From https://github.com/dongyupeng2108-bot/OppOrder
 * branch              main       -> FETCH_HEAD
[BLOCK] DELETION_AUDIT_VIOLATION
[DETAIL] Missing lock or run dir for task_id=260223_007
   - Missing Lock: rules/task-reports/locks/260223_007.lock.json
   - Missing RunDir: rules/task-reports/runs/260223_007/20260223_260223_007_fix
[ACTION] Do NOT delete locks/runs. Use new task_id to redo evidence.

--- STDOUT (Tail 80) ---
[Gate Light] DEBUG: Checking LATEST.json at E:\OppRadar\rules\LATEST.json
[Gate Light] Target locked via argument: 260223_007
PR_TASK_ID_DETECTED=260223_007
TARGET_TASK_ID=260223_007
LATEST_TASK_ID=260223_007
[Gate Light] LATEST.json consistency verified.
[Gate Light] Verifying task_id: 260223_007
[Gate Light] Running Automation Pack V1 Hard Guards...
[Gate Light] Report Block Check Passed: notify_260223_007.txt
[Gate Light] Report Block Check Passed: trae_report_snippet_260223_007.txt
[Gate Light] Header Check Passed: TraeTask_260223_007
[Gate Light] Checking Workspace Healer Evidence...
[Gate Light] Workspace Healer verified (Clean Environment).
[Gate Light] Checking CI Parity JSON Evidence...
[Gate Light] DEBUG: is_shallow_repository=true
[Gate Light] DEBUG: HEAD=9dded2308ea6f463675d564438795a6061b01794
[Gate Light] DEBUG: git merge-base origin/main HEAD=0026448f848fd03cee6e5acd650577dfd4e9299e
[Gate Light] DETECTED SHALLOW CLONE. Attempting to unshallow (Fix Strategy A)...
[Gate Light] Unshallow command executed.
[Gate Light] CI Parity JSON Evidence verified.
[Gate Light] Skipping Error Digest Validation (Preview Mode).
[Gate Light] Checking doc path standards...
[Gate Light] Doc path standards verified.
[Gate Light] Checking for legacy doc path references...
[CheckDocPathRefs] Scanning for legacy doc path references...
[CheckDocPathRefs] PASS: No legacy doc path references found.
[Gate Light] Checking for banned cmd syntax in PowerShell scripts...
Starting static scan for banned cmd syntax in .ps1 files...
Scanning targets: scripts/run_task.ps1, scripts/test_fail_budget.ps1, scripts/ps/Invoke-Step.ps1
Static scan PASSED.
[Gate Light] Checking for global healthcheck artifacts...
[Gate Light] Global Artifact Guard verified.
[Gate Light] Checking News Pull API Contract...
[Contract Check] Loading schema from: E:\OppRadar\OppRadar\contracts\news_pull_response.schema.json
[Contract Check] Validating Success Sample...
PASS
[Contract Check] Validating Error Sample...
PASS
[Contract Check] All samples validated against schema.
[Gate Light] Checking Rank V2 API Contract...
=== Rank V2 Contract Verification ===
Schema loaded.
Server already running.
Fetching http://localhost:53122/opportunities/rank_v2?provider=mock&limit=5&run_id=verify_rank_v2...
Received 5 items.
Validating against schema...
Schema Validation PASSED.
Response Hash: 938a1165
::set-output name=rank_v2_hash::938a1165
VERIFICATION_SUCCESS
[Gate Light] Checking Export V1 API Contract...
=== Export V1 Contract Verification ===
Schema loaded.
Server already running.
Generating Run assets via http://localhost:53122/scans/run...
Run assets generated. Run ID: scan_0fd0f222f4d6aaed
Fetching Export: http://localhost:53122/opportunities/runs/export_v1?run_id=scan_0fd0f222f4d6aaed...
Received Export JSON.
Validating against schema...
Export Schema Validation PASSED.
Export Hash: f6ae0969
::set-output name=export_v1_hash::f6ae0969
EXPORT_CONTRACT_VERIFICATION_SUCCESS
[Gate Light] Checking Ledger V0 API Contract...
=== Ledger V0 Contract Verification ===
Schema loaded.
Server already running.
Fetching /opportunities/ledger/query_v0?limit=1...
Validating against schema...
Validation PASSED.
[Gate Light] Checking healthcheck evidence...
[Gate Light] Using evidence directory: E:\OppRadar\rules\task-reports\2026-02
[Gate Light] Healthcheck evidence verified (Path + Content).
[Gate Light] Skipping DoD Evidence Excerpt Check (Preview Mode).
[Gate Light] Checking Deletion Audit (Locks & Runs)...

--- Context ---
Evidence Dir: E:\OppRadar\rules\task-reports\2026-02
Task ID: 260223_007
Mode: Integrate
Branch: feat/ops-node-scan-260223_007
HEAD: 9dded230
==========================================


PS>TerminatingError(): "[RunTask] FAILED: Step 'Pass 1 - Gate Light Preview' failed with exit code 41."
>> TerminatingError(): "[RunTask] FAILED: Step 'Pass 1 - Gate Light Preview' failed with exit code 41."
>> TerminatingError(): "[RunTask] FAILED: Step 'Pass 1 - Gate Light Preview' failed with exit code 41."
>> TerminatingError(): "[RunTask] FAILED: Step 'Pass 1 - Gate Light Preview' failed with exit code 41."
[RunTask] FAILED: Script execution error: [RunTask] FAILED: Step 'Pass 1 - Gate Light Preview' failed with exit code 41.
HARD_STOP=1
HARD_STOP_REASON=LOOP_DETECTED
NEXT_ACTION=STOP_AND_REPORT
Escalation report generated: E:\OppRadar\rules\task-reports\2026-02\escalation_260223_007.md
**********************
PowerShell transcript end
End time: 20260224021122
**********************
