**********************
Windows PowerShell 脚本开始
开始时间: 20260218121159
用户名: DESKTOP-BOHP945\ypdong
RunAs 用户: DESKTOP-BOHP945\ypdong
配置名称: 
计算机: DESKTOP-BOHP945 (Microsoft Windows NT 10.0.19045.0)
主机应用程序: C:\Windows\System32\WindowsPowerShell\v1.0\powershell.exe -ExecutionPolicy Bypass -File scripts/run_task.ps1 -TaskId 260218_014 -Mode Integrate -Header TraeTask_
进程 ID: 16348
PSVersion: 5.1.19041.6456
PSEdition: Desktop
PSCompatibleVersions: 1.0, 2.0, 3.0, 4.0, 5.0, 5.1.19041.6456
BuildVersion: 10.0.19041.6456
CLRVersion: 4.0.30319.42000
WSManStackVersion: 3.0
PSRemotingProtocolVersion: 2.3
SerializationVersion: 1.1.0.1
**********************
已启动脚本，输出文件为 E:\OppRadar\rules\task-reports\2026-02\run_260218_014.log
>>> [RunTask] TaskId: 260218_014 | Mode: Integrate | Header: TraeTask_
>>> [RunTask] Evidence Dir: E:\OppRadar\rules\task-reports\2026-02
[State] INITIALIZING...
>>> [RunTask] Step 0: Service Policy (ensure_server_53122)
>>> [RunTask] Step: Service Policy
[Service Policy] Checking Port 53122...
[Service Policy] Server 53122 is ALREADY RUNNING and Healthy.
>>> [RunTask] Step 0.5: Workspace Healer
>>> [RunTask] Step: Workspace Healer
    Workspace Healer PASS. Output: E:\OppRadar\rules\task-reports\2026-02\workspace_healer_260218_014.json
[DEBUG] Attestation exists BEFORE Preflight (unexpected)
>>> [RunTask] Step 1: Preflight
>>> [RunTask] Step: Preflight
[Preflight] Starting checks for TaskId: 260218_014 | Mode: Integrate | Header: TraeTask_
[Preflight] Header 'TraeTask_' => Execution Allowed.
[Preflight] Git Status: Clean | Branch: feat/fix-ci-shallow-260218_014
[Preflight] Git Status: Clean | Branch: feat/fix-ci-shallow-260218_014
[Preflight] WARNING: Artifact 'notify_260218_014.txt' already exists. Overwriting allowed in Dev/Integrate flow, but ensure this is intentional.
[Preflight] WARNING: Artifact 'result_260218_014.json' already exists. Overwriting allowed in Dev/Integrate flow, but ensure this is intentional.
[Preflight] WARNING: Artifact 'trae_report_snippet_260218_014.txt' already exists. Overwriting allowed in Dev/Integrate flow, but ensure this is intentional.
[Preflight] WARNING: Artifact 'preflight_attestation_260218_014.json' already exists. Overwriting allowed in Dev/Integrate flow, but ensure this is intentional.
[Preflight] Checking Port 53122 Health...
[Preflight] Port 53122 is Healthy.
[Preflight] Attestation generated at: E:\OppRadar\rules\task-reports\2026-02\preflight_attestation_260218_014.json
[Preflight] PASS
>>> [RunTask] Step 1.2: Open PR Guard
>>> [RunTask] Step: Open PR Guard
[OpenPRGuard] Checking open PRs for Task ID: 260218_014 (Mode: Integrate)...
[OpenPRGuard] Exempting PR #110 (Task 260218_013) due to Explicit Supersede.
[OpenPRGuard] PASS: No blocking PRs found.
    Open PR Guard PASS. Output: E:\OppRadar\rules\task-reports\2026-02\open_pr_guard_260218_014.json
>>> [RunTask] Step 1.3: Contract Verification First
>>> [RunTask] Step: Contract Verification
[Contract First] Starting Early Contract Verification...
[Contract First] Verifying Rank V2 (/opportunities/rank_v2?limit=5&provider=mock)...
[Contract First] PASS: Rank V2
[Contract First] Verifying Export V1 (/opportunities/runs/export_v1?limit=5)...
[Contract First] PASS: Export V1
[Contract First] Verifying Ledger V0 (/opportunities/ledger/query_v0?limit=5)...
[Contract First] PASS: Ledger V0
[Contract First] All Contracts Verified Successfully.
>>> [RunTask] Step 1.5: Healthcheck Evidence
>>> [RunTask] Step: Healthcheck Root
>>> [RunTask] Step: Healthcheck Pairs
>>> [RunTask] Step 1.6: CI Parity Probe
>>> [RunTask] Step: CI Parity Probe
[CI Parity Probe] Running for task 260218_014 (JSON Mode)...
[CI Parity Probe] Evidence written to: E:\OppRadar\rules\task-reports\2026-02\ci_parity_260218_014.json
From https://github.com/dongyupeng2108-bot/OppOrder
 * branch            main       -> FETCH_HEAD
[State] GENERATING EVIDENCE...
[DEBUG] Attestation exists BEFORE Evidence Generation.
>>> [RunTask] Step 2: Generate Evidence
>>> [RunTask] Step: Generate Evidence
Generating Evidence for Task 260218_014...
PASS: fetch-depth: 0 found in gate-light.yml
PASS: Unshallow logic found in gate_light_ci.mjs
Running CI Parity Probe...
[CI Parity Probe] Running for task 260218_014 (JSON Mode)...
[CI Parity Probe] Evidence written to: E:\OppRadar\rules\task-reports\2026-02\ci_parity_260218_014.json
PASS: ci_parity_probe output contains is_shallow_repo=true
Generated: E:\OppRadar\rules\task-reports\2026-02\dod_evidence_260218_014.txt
Generated: git_meta_260218_014.json
Generated: result_260218_014.json
SUCCESS: Evidence Generation Complete.
From https://github.com/dongyupeng2108-bot/OppOrder
 * branch            main       -> FETCH_HEAD
[DEBUG] Attestation exists AFTER Evidence Generation.
[State] VERIFYING (Pass 1)...
>>> [RunTask] Step 3: Pass 1 - Gate Light Preview
>>> [RunTask] Step: Pass 1 - Gate Light Preview
    Preview Log: E:\OppRadar\rules\task-reports\2026-02\gate_light_preview_260218_014.log
>>> [RunTask] Step 4: Assemble Evidence
>>> [RunTask] Step: Assemble Evidence
[Assembler] Reading inputs for Task 260218_014 from E:\OppRadar\rules\task-reports\2026-02...
[Assembler] DEBUG taskId="260218_014" evidenceDir="E:\\OppRadar\\rules\\task-reports\\2026-02"
[Assembler] DEBUG attestationPath="E:\\OppRadar\\rules\\task-reports\\2026-02\\preflight_attestation_260218_014.json"
[Assembler] Wrote notify file: E:\OppRadar\rules\task-reports\2026-02\notify_260218_014.txt
[Assembler] Updated result JSON: E:\OppRadar\rules\task-reports\2026-02\result_260218_014.json
[Assembler] Wrote manifest: E:\OppRadar\rules\task-reports\2026-02\evidence_manifest_260218_014.json
[Assembler] Wrote index: E:\OppRadar\rules\task-reports\2026-02\deliverables_index_260218_014.json
[Assembler] Wrote snippet: E:\OppRadar\rules\task-reports\2026-02\trae_report_snippet_260218_014.txt
[Assembler] SUCCESS: Assembled evidence for Task 260218_014.
[State] VERIFYING (Pass 2)...
>>> [RunTask] Step 5: Pass 2 - Gate Light Verify
>>> [RunTask] Step: Pass 2 - Gate Light Verify
    Verify Log: E:\OppRadar\rules\task-reports\2026-02\gate_light_verify_260218_014.log
[State] POSTFLIGHT...
>>> [RunTask] Step 6: Postflight (Integrate)
>>> [RunTask] Step: Postflight
>>> [RunTask] Step 7: Update Evidence with Verify Logs
>>> [RunTask] Step: Update Evidence
[Assembler] Reading inputs for Task 260218_014 from E:\OppRadar\rules\task-reports\2026-02...
[Assembler] DEBUG taskId="260218_014" evidenceDir="E:\\OppRadar\\rules\\task-reports\\2026-02"
[Assembler] DEBUG attestationPath="E:\\OppRadar\\rules\\task-reports\\2026-02\\preflight_attestation_260218_014.json"
[Assembler] Wrote notify file: E:\OppRadar\rules\task-reports\2026-02\notify_260218_014.txt
[Assembler] Updated result JSON: E:\OppRadar\rules\task-reports\2026-02\result_260218_014.json
[Assembler] Wrote manifest: E:\OppRadar\rules\task-reports\2026-02\evidence_manifest_260218_014.json
[Assembler] Wrote index: E:\OppRadar\rules\task-reports\2026-02\deliverables_index_260218_014.json
[Assembler] Wrote snippet: E:\OppRadar\rules\task-reports\2026-02\trae_report_snippet_260218_014.txt
[Assembler] SUCCESS: Assembled evidence for Task 260218_014.
    Updated notify and index with Verify logs.
[State] ARCHIVING...
>>> [RunTask] Step 8: Archive & Lock
>>> [RunTask] Step 8.1: Evidence Smoke Test
>>> [RunTask] Step: Evidence Smoke Test
[SmokeTest] Running Evidence Smoke Test for Task 260218_014 in E:\OppRadar\rules\task-reports\2026-02...
[SmokeTest] PASS: All 15 required files exist and manifest is valid.
    Evidence Smoke Test PASS.
**********************
Windows PowerShell 脚本结束
结束时间: 20260218121234
**********************
