**********************
PowerShell transcript start
Start time: 20260223145722
Username: DESKTOP-BOHP945\ypdong
RunAs User: DESKTOP-BOHP945\ypdong
Configuration Name: 
Machine: DESKTOP-BOHP945 (Microsoft Windows NT 10.0.19045.0)
Host Application: C:\Program Files\PowerShell\7\pwsh.dll -noexit -command try { . "d:\Trae\resources\app\out\vs\workbench\contrib\terminal\common\scripts\shellIntegration.ps1" } catch {}
Process ID: 12752
PSVersion: 7.4.13
PSEdition: Core
GitCommitId: 7.4.13
OS: Microsoft Windows 10.0.19045
Platform: Win32NT
PSCompatibleVersions: 1.0, 2.0, 3.0, 4.0, 5.0, 5.1, 6.0, 7.0
PSRemotingProtocolVersion: 2.3
SerializationVersion: 1.1.0.1
WSManStackVersion: 3.0
**********************
Transcript started, output file is E:\OppRadar\rules\task-reports\2026-02\run_260223_003e.log
>>> [RunTask] Step 1: Preflight
>>> [RunTask] Step: Preflight
[Preflight] Starting checks for TaskId: 260223_003e | Mode: Integrate | Header: TraeTask_260223_003e
[Preflight] Header 'TraeTask_260223_003e' => Execution Allowed.
[Preflight] Git Status: Clean | Branch: feat/stop-on-hardstop-260223_003e
[Preflight] Git Status: Clean | Branch: feat/stop-on-hardstop-260223_003e
[Preflight] WARNING: Artifact 'notify_260223_003e.txt' already exists. Overwriting allowed in Dev/Integrate flow, but ensure this is intentional.
[Preflight] WARNING: Artifact 'result_260223_003e.json' already exists. Overwriting allowed in Dev/Integrate flow, but ensure this is intentional.
[Preflight] WARNING: Artifact 'trae_report_snippet_260223_003e.txt' already exists. Overwriting allowed in Dev/Integrate flow, but ensure this is intentional.
[Preflight] WARNING: Artifact 'preflight_attestation_260223_003e.json' already exists. Overwriting allowed in Dev/Integrate flow, but ensure this is intentional.
[Preflight] Checking Port 53122 Health...
[Preflight] Port 53122 is Healthy.
[Preflight] Attestation generated at: E:\OppRadar\rules\task-reports\2026-02\preflight_attestation_260223_003e.json
[Preflight] PASS
>>> [RunTask] Step 1.1: Update LATEST.json
    Updated rules/LATEST.json to 260223_003e
>>> [RunTask] Step 1.2: Open PR Guard
>>> [RunTask] Step: Open PR Guard
Wrote Open PR Guard evidence to E:\OppRadar\rules\task-reports\2026-02\open_pr_guard_260223_003e.json
    Open PR Guard PASS. Output: E:\OppRadar\rules\task-reports\2026-02\open_pr_guard_260223_003e.json
>>> [RunTask] Step 1.3: Contract Verification First
>>> [RunTask] Step: Contract Verification
[Contract First] Starting Early Contract Verification...
[Contract First] Verifying Rank V2 (/opportunities/rank_v2?limit=5&provider=mock)...
[Contract First] PASS: Rank V2
[Contract First] Verifying Export V1 (/opportunities/runs/export_v1?limit=5)...
[Contract First] PASS: Export V1
[Contract First] Verifying Ledger V0 (/opportunities/ledger/query_v0?limit=5)...
[Contract First] PASS: Ledger V0
[Contract First] All Contracts Verified Successfully.
>>> [RunTask] Step 1.5: Healthcheck Evidence
>>> [RunTask] Step: Healthcheck Root
>>> [RunTask] Step: Healthcheck Pairs
>>> [RunTask] Step 1.6: CI Parity Probe
>>> [RunTask] Step: CI Parity Probe
[CI Parity Probe] Running for task 260223_003e (JSON Mode)...
[CI Parity Probe] Evidence written to: E:\OppRadar\rules\task-reports\2026-02\ci_parity_260223_003e.json
From https://github.com/dongyupeng2108-bot/OppOrder
 * branch              main       -> FETCH_HEAD
[State] GENERATING EVIDENCE...
>>> [RunTask] Step 2: Generate Evidence
STEP_TIMEOUT_SEC=120 step=Generate Evidence
>>> [RunTask] Step: Generate Evidence
Generating minimal evidence for 260223_003e...
Generated git_meta_260223_003e.json
Generated result_260223_003e.json
Generated dod_evidence_260223_003e.txt
Generated speed_wall_260223_003e.json
Generated gate_light_profile_260223_003e.json
Generated speed_top5_260223_003e.txt
Done.
[State] VERIFYING (Pass 1)...
>>> [RunTask] Step 3: Pass 1 - Gate Light Preview
>>> [RunTask] Step: Pass 1 - Gate Light Preview
[Gate Light] DEBUG: Checking LATEST.json at E:\OppRadar\rules\LATEST.json
[Gate Light] Target locked via argument: 260223_003e
PR_TASK_ID_DETECTED=260223_003e
TARGET_TASK_ID=260223_003e
LATEST_TASK_ID=260223_003e
[Gate Light] LATEST.json consistency verified.
[Gate Light] Verifying task_id: 260223_003e
[Gate Light] Running Automation Pack V1 Hard Guards...
[Gate Light] Report Block Check Passed: notify_260223_003e.txt
[Gate Light] Report Block Check Passed: trae_report_snippet_260223_003e.txt
[Gate Light] Header Check Passed: TraeTask_260223_003e
[Gate Light] Checking Workspace Healer Evidence...
[Gate Light] Workspace Healer verified (Clean Environment).
[Gate Light] Checking CI Parity JSON Evidence...
[Gate Light] DEBUG: is_shallow_repository=true
[Gate Light] DEBUG: HEAD=e4675d1b0eaed47916cc9dd8874388aacaa95da3
[Gate Light] DEBUG: git merge-base origin/main HEAD=36748cafa812f5868ebb22b8cee9878b0880b713
[Gate Light] DETECTED SHALLOW CLONE. Attempting to unshallow (Fix Strategy A)...
[Gate Light] Unshallow command executed.
[Gate Light] CI Parity JSON Evidence verified.
[Gate Light] Skipping Error Digest Validation (Preview Mode).
[Gate Light] Checking doc path standards...
[Gate Light] Doc path standards verified.
[Gate Light] Checking for legacy doc path references...
[CheckDocPathRefs] Scanning for legacy doc path references...
[CheckDocPathRefs] PASS: No legacy doc path references found.
[Gate Light] Checking for banned cmd syntax in PowerShell scripts...
Starting static scan for banned cmd syntax in .ps1 files...
Scanning targets: scripts/run_task.ps1, scripts/test_fail_budget.ps1, scripts/ps/Invoke-Step.ps1
Static scan PASSED.
[Gate Light] Checking for global healthcheck artifacts...
[Gate Light] Global Artifact Guard verified.
[Gate Light] Checking News Pull API Contract...
[Contract Check] Loading schema from: E:\OppRadar\OppRadar\contracts\news_pull_response.schema.json
[Contract Check] Validating Success Sample...
PASS
[Contract Check] Validating Error Sample...
PASS
[Contract Check] All samples validated against schema.
[Gate Light] Checking Rank V2 API Contract...
=== Rank V2 Contract Verification ===
Schema loaded.
Server already running.
Fetching http://localhost:53122/opportunities/rank_v2?provider=mock&limit=5&run_id=verify_rank_v2...
Received 5 items.
Validating against schema...
Schema Validation PASSED.
Response Hash: 2a47ffb5
::set-output name=rank_v2_hash::2a47ffb5
VERIFICATION_SUCCESS
[Gate Light] Checking Export V1 API Contract...
=== Export V1 Contract Verification ===
Schema loaded.
Server already running.
Generating Run assets via http://localhost:53122/scans/run...
Run assets generated. Run ID: scan_9ded5d072c93f331
Fetching Export: http://localhost:53122/opportunities/runs/export_v1?run_id=scan_9ded5d072c93f331...
Received Export JSON.
Validating against schema...
Export Schema Validation PASSED.
Export Hash: 48ad3252
::set-output name=export_v1_hash::48ad3252
EXPORT_CONTRACT_VERIFICATION_SUCCESS
[Gate Light] Checking Ledger V0 API Contract...
=== Ledger V0 Contract Verification ===
Schema loaded.
Server already running.
Fetching /opportunities/ledger/query_v0?limit=1...
Validating against schema...
Validation PASSED.
[Gate Light] Checking healthcheck evidence...
[Gate Light] Using evidence directory: E:\OppRadar\rules\task-reports\2026-02
[Gate Light] Healthcheck evidence verified (Path + Content).
[Gate Light] Skipping DoD Evidence Excerpt Check (Preview Mode).
[Gate Light] Checking Deletion Audit (Locks & Runs)...
[Gate Light] Deletion Audit: No lock/index yet (Assuming Pre-Integrate or First Run in progress).
[Gate Light] Checking No Auto-Merge (Git Forbidden Commands)...
[Gate Light] No Auto-Merge verified.
[Gate Light] Checking Evidence Truth & Sufficiency (Hardening Rule)...
[Gate Light] Skipping DoD Healthcheck marker check (Preview Mode).
[Gate Light] Skipping Evidence Truth check (Generation Mode).
[Gate Light] Evidence Truth & Sufficiency verified.
[Gate Light] Checking CI Parity Preview...
[Gate Light] CI Parity Preview verified.
[Gate Light] Checking Workflow Hardening (NoHistoricalEvidenceTouch & SnippetCommitMustMatch)...
[Gate Light] Fetching origin/main history for diff context...
[Gate Light] Allowed legacy task_id (transition): 260223_002d
[Gate Light] NoHistoricalEvidenceTouch verified.
[Gate Light] Skipping SnippetCommitMustMatch check (Preview Mode).
[Gate Light] Skipping GATE_LIGHT_EXIT Mechanism check (Preview Mode).
[Gate Light] Skipping Evidence Truth & Consistency check (Preview Mode).
[Gate Light] Checking Rank V2 Contract Version Guard...
[Gate Light] Base Commit: 36748cafa812f5868ebb22b8cee9878b0880b713
[Gate Light] Schema Unchanged (3bd83a08). Version check skipped.
[Gate Light] Rank V2 Contract Version Guard PASS
[Gate Light] Checking Immutable Integrate & SafeCmd Enforcement...
[Gate Light] Immutable Integrate & SafeCmd Enforcement verified.
[Gate Light] Checking Two-Pass Evidence Truth & No Auto-Merge...
[Gate Light] Two-Pass Evidence Truth & No Auto-Merge verified.
[Gate Light] Skipping Postflight Envelope Validation (Preview Mode).
[Gate Light] PASS
GATE_LIGHT_EXIT=0
From https://github.com/dongyupeng2108-bot/OppOrder
 * branch              main       -> FETCH_HEAD
    Preview Log: E:\OppRadar\rules\task-reports\2026-02\gate_light_preview_260223_003e.log
>>> [RunTask] Step 3.5: Error Digest (Pass 1)
>>> [RunTask] Generated Run ID: 20260223145740_e4675d1
>>> [RunTask] Step: Error Digest (Pass 1)
[ErrorDigest] Wrote 1 errors to E:\OppRadar\rules\task-reports\2026-02\errors_260223_003e.jsonl
[ErrorDigest] Wrote summary to E:\OppRadar\rules\task-reports\2026-02\errors_summary_260223_003e.txt
>>> [RunTask] Step 3.6: Append Error Stats (Pass 1)
>>> [RunTask] Step: Append Error Stats
Appended 1 records to rules/task-reports/index/error_stats.jsonl
>>> [RunTask] Step 3.7: Three-Strike Governance
>>> [RunTask] Step: Three-Strike Governance
[ThreeStrike] No triggers detected (max count < 3).
>>> [RunTask] Step 4: Assemble Evidence
>>> [RunTask] Step: Assemble Evidence
[Assembler] Reading inputs for Task 260223_003e from E:\OppRadar\rules\task-reports\2026-02...
[Assembler] DEBUG taskId="260223_003e" evidenceDir="E:\\OppRadar\\rules\\task-reports\\2026-02"
[Assembler] DEBUG attestationPath="E:\\OppRadar\\rules\\task-reports\\2026-02\\preflight_attestation_260223_003e.json"
[Assembler] Wrote notify file: E:\OppRadar\rules\task-reports\2026-02\notify_260223_003e.txt
[Assembler] Updated result JSON: E:\OppRadar\rules\task-reports\2026-02\result_260223_003e.json
[Extract Preview] Wrote preview to: E:\OppRadar\rules\task-reports\2026-02\gate_light_preview_260223_003e.txt
[Snippet Builder] Building report snippet for task 260223_003e...
[Snippet Builder] Wrote snippet to: E:\OppRadar\rules\task-reports\2026-02\trae_report_snippet_260223_003e.txt
[Snippet Builder] NOTE: Notify/Result/Index updates must be handled by the caller (dev_batch_mode).
[Assembler] Wrote preview compare: E:\OppRadar\rules\task-reports\2026-02\preview_cmp_260223_003e.txt
[Assembler] Wrote contract self-check: E:\OppRadar\rules\task-reports\2026-02\contract_self_check_260223_003e.txt
[Assembler] Updated notify with contract self-check: E:\OppRadar\rules\task-reports\2026-02\notify_260223_003e.txt
[Assembler] Updated result JSON after contract self-check: E:\OppRadar\rules\task-reports\2026-02\result_260223_003e.json
[Assembler] Wrote manifest: E:\OppRadar\rules\task-reports\2026-02\evidence_manifest_260223_003e.json
[Assembler] Wrote index: E:\OppRadar\rules\task-reports\2026-02\deliverables_index_260223_003e.json
[Postflight] Validating 260223_003e in E:\OppRadar\rules\task-reports\2026-02...
[Postflight] Running Evidence Smoke Test for 260223_003e...
[SmokeTest] Running Evidence Smoke Test for Task 260223_003e in E:\OppRadar\rules\task-reports\2026-02...
[SmokeTest] PASS: All 22 required files exist and manifest is valid.
[Postflight] Report: E:\OppRadar\rules\task-reports\2026-02\260223_003e.json
[Postflight] Envelope: E:\OppRadar\rules\task-reports\envelopes\260223_003e.envelope.json
[Postflight] PASS
[Extract Preview] Wrote preview to: E:\OppRadar\rules\task-reports\2026-02\gate_light_preview_260223_003e.txt
[Snippet Builder] Building report snippet for task 260223_003e...
[Snippet Builder] Wrote snippet to: E:\OppRadar\rules\task-reports\2026-02\trae_report_snippet_260223_003e.txt
[Snippet Builder] NOTE: Notify/Result/Index updates must be handled by the caller (dev_batch_mode).
[Postflight] Validating 260223_003e in E:\OppRadar\rules\task-reports\2026-02...
[Postflight] Running Evidence Smoke Test for 260223_003e...
[SmokeTest] Running Evidence Smoke Test for Task 260223_003e in E:\OppRadar\rules\task-reports\2026-02...
[SmokeTest] PASS: All 22 required files exist and manifest is valid.
[Postflight] Report: E:\OppRadar\rules\task-reports\2026-02\260223_003e.json
[Postflight] Envelope: E:\OppRadar\rules\task-reports\envelopes\260223_003e.envelope.json
[Postflight] PASS
[Assembler] SUCCESS: Assembled evidence for Task 260223_003e.
From https://github.com/dongyupeng2108-bot/OppOrder
 * branch              main       -> FETCH_HEAD
From https://github.com/dongyupeng2108-bot/OppOrder
 * branch              main       -> FETCH_HEAD
AUTOPR_DISABLED=1
>>> [RunTask] Step 9: AutoPR Disabled. Skipping.
DUMMY_AUTOPR_EVIDENCE=1 path=E:\OppRadar\rules\task-reports\2026-02\auto_pr_260223_003e.json attempt=0
AUTOPR_DISABLED=1
>>> [RunTask] Step 9: AutoPR Disabled. Skipping.
[State] VERIFYING (Pass 2)...
>>> [RunTask] Step 5: Pass 2 - Gate Light Verify
>>> [RunTask] Step: Pass 2 - Gate Light Verify
[Gate Light] DEBUG: Checking LATEST.json at E:\OppRadar\rules\LATEST.json
[Gate Light] Target locked via argument: 260223_003e
PR_TASK_ID_DETECTED=260223_003e
TARGET_TASK_ID=260223_003e
LATEST_TASK_ID=260223_003e
[Gate Light] LATEST.json consistency verified.
[Gate Light] Verifying task_id: 260223_003e
[Gate Light] Running Automation Pack V1 Hard Guards...
[Gate Light] Report Block Check Passed: notify_260223_003e.txt
[Gate Light] Report Block Check Passed: trae_report_snippet_260223_003e.txt
[Gate Light] Header Check Passed: TraeTask_260223_003e
[Gate Light] Preflight Attestation verified (Integrate Mode).
[Gate Light] Checking Open PR Guard Evidence...
[Gate Light] Recalculating Open PR Guard status...
[Gate Light] Open PR Guard Recalculation verified (PASS).
[Gate Light] Open PR Guard verified (blocking_count=0).
[Gate Light] Checking Workspace Healer Evidence...
[Gate Light] Workspace Healer verified (Clean Environment).
[Gate Light] Checking AutoPR Evidence...
[Gate Light] AutoPR verified (State: SKIPPED, Attempt: 0).
[Gate Light] Checking CI Parity JSON Evidence...
[Gate Light] DEBUG: is_shallow_repository=true
[Gate Light] DEBUG: HEAD=e4675d1b0eaed47916cc9dd8874388aacaa95da3
[Gate Light] DEBUG: git merge-base origin/main HEAD=36748cafa812f5868ebb22b8cee9878b0880b713
[Gate Light] DETECTED SHALLOW CLONE. Attempting to unshallow (Fix Strategy A)...
[Gate Light] Unshallow command executed.
[Gate Light] CI Parity JSON Evidence verified.
[Gate Light] Checking Error Digest Evidence...
[Gate Light] Error Digest Evidence Verified.
[Gate Light] Checking doc path standards...
[Gate Light] Doc path standards verified.
[Gate Light] Checking for legacy doc path references...
[CheckDocPathRefs] Scanning for legacy doc path references...
[CheckDocPathRefs] PASS: No legacy doc path references found.
[Gate Light] Checking for banned cmd syntax in PowerShell scripts...
Starting static scan for banned cmd syntax in .ps1 files...
Scanning targets: scripts/run_task.ps1, scripts/test_fail_budget.ps1, scripts/ps/Invoke-Step.ps1
Static scan PASSED.
[Gate Light] Checking for global healthcheck artifacts...
[Gate Light] Global Artifact Guard verified.
[Gate Light] Checking News Pull API Contract...
[Contract Check] Loading schema from: E:\OppRadar\OppRadar\contracts\news_pull_response.schema.json
[Contract Check] Validating Success Sample...
PASS
[Contract Check] Validating Error Sample...
PASS
[Contract Check] All samples validated against schema.
[Gate Light] Checking Rank V2 API Contract...
=== Rank V2 Contract Verification ===
Schema loaded.
Server already running.
Fetching http://localhost:53122/opportunities/rank_v2?provider=mock&limit=5&run_id=verify_rank_v2...
Received 5 items.
Validating against schema...
Schema Validation PASSED.
Response Hash: d9336016
::set-output name=rank_v2_hash::d9336016
VERIFICATION_SUCCESS
[Gate Light] Checking Export V1 API Contract...
=== Export V1 Contract Verification ===
Schema loaded.
Server already running.
Generating Run assets via http://localhost:53122/scans/run...
Run assets generated. Run ID: scan_78c8d52559022c7f
Fetching Export: http://localhost:53122/opportunities/runs/export_v1?run_id=scan_78c8d52559022c7f...
Received Export JSON.
Validating against schema...
Export Schema Validation PASSED.
Export Hash: 450c3acf
::set-output name=export_v1_hash::450c3acf
EXPORT_CONTRACT_VERIFICATION_SUCCESS
[Gate Light] Checking Ledger V0 API Contract...
=== Ledger V0 Contract Verification ===
Schema loaded.
Server already running.
Fetching /opportunities/ledger/query_v0?limit=1...
Validating against schema...
Validation PASSED.
[Gate Light] Checking healthcheck evidence...
[Gate Light] Using evidence directory: E:\OppRadar\rules\task-reports\2026-02
[Gate Light] Healthcheck evidence verified (Path + Content).
[Gate Light] Checking DoD Evidence Excerpts...
[Gate Light] DoD Evidence Excerpts verified.
[Gate Light] Checking Deletion Audit (Locks & Runs)...
[Gate Light] Deletion Audit: No lock/index yet (Assuming Pre-Integrate or First Run in progress).
[Gate Light] Checking No Auto-Merge (Git Forbidden Commands)...
[Gate Light] No Auto-Merge verified.
[Gate Light] Checking Evidence Truth & Sufficiency (Hardening Rule)...
[Gate Light] Evidence Truth (Two-Pass) verified.
[Gate Light] Evidence Truth & Sufficiency verified.
[Gate Light] Checking CI Parity Preview...
[Gate Light] CI Parity Preview verified.
[Gate Light] Checking Workflow Hardening (NoHistoricalEvidenceTouch & SnippetCommitMustMatch)...
[Gate Light] Fetching origin/main history for diff context...
[Gate Light] Allowed legacy task_id (transition): 260223_002d
[Gate Light] NoHistoricalEvidenceTouch verified.
[Gate Light] SnippetCommitMustMatch verified.
[Gate Light] Checking GATE_LIGHT_EXIT Mechanism...
[Gate Light] GATE_LIGHT_EXIT Mechanism verified.
[Gate Light] Checking Evidence Truth & Consistency...
[Gate Light] Evidence Truth & Consistency verified.
[Gate Light] Checking Rank V2 Contract Version Guard...
[Gate Light] Base Commit: 36748cafa812f5868ebb22b8cee9878b0880b713
[Gate Light] Schema Unchanged (3bd83a08). Version check skipped.
[Gate Light] Rank V2 Contract Version Guard PASS
[Gate Light] Checking Immutable Integrate & SafeCmd Enforcement...
[Gate Light] Immutable Integrate & SafeCmd Enforcement verified.
[Gate Light] Checking Two-Pass Evidence Truth & No Auto-Merge...
[Gate Light] Two-Pass Evidence Truth & No Auto-Merge verified.
[Gate Light] Checking Error Stats Index & Three-Strike Governance...
[Gate Light] Error Stats Index verified (found records for task_id/run_id).
[Gate Light] Three-Strike recalculation verified.
[Gate Light] Executing: node scripts/postflight_validate_envelope.mjs --task_id 260223_003e --result_dir E:\OppRadar\rules\task-reports\2026-02 --report_dir E:\OppRadar\rules\task-reports\2026-02
[Postflight] Validating 260223_003e in E:\OppRadar\rules\task-reports\2026-02...
[Postflight] Running Evidence Smoke Test for 260223_003e...
[SmokeTest] Running Evidence Smoke Test for Task 260223_003e in E:\OppRadar\rules\task-reports\2026-02...
[SmokeTest] PASS: All 22 required files exist and manifest is valid.
[Postflight] Report: E:\OppRadar\rules\task-reports\2026-02\260223_003e.json
[Postflight] Envelope: E:\OppRadar\rules\task-reports\envelopes\260223_003e.envelope.json
[Postflight] PASS
[Gate Light] PASS
GATE_LIGHT_EXIT=0
From https://github.com/dongyupeng2108-bot/OppOrder
 * branch              main       -> FETCH_HEAD
    Verify Log: E:\OppRadar\rules\task-reports\2026-02\gate_light_verify_260223_003e.log
[State] POSTFLIGHT...
>>> [RunTask] Step 6: Postflight (Integrate)
>>> [RunTask] Step: Postflight
[Postflight] Validating 260223_003e in E:\OppRadar\rules\task-reports\2026-02...
[Postflight] Running Evidence Smoke Test for 260223_003e...
[SmokeTest] Running Evidence Smoke Test for Task 260223_003e in E:\OppRadar\rules\task-reports\2026-02...
[SmokeTest] PASS: All 22 required files exist and manifest is valid.
[Postflight] Report: E:\OppRadar\rules\reports\postflight\260223_003e.json
[Postflight] Envelope: E:\OppRadar\rules\reports\envelopes\260223_003e.envelope.json
[Postflight] PASS
>>> [RunTask] Step 6.5: Error Digest (Pass 2)
>>> [RunTask] Step: Error Digest (Pass 2)
[ErrorDigest] Wrote NO_ERROR record to E:\OppRadar\rules\task-reports\2026-02\errors_260223_003e.jsonl
[ErrorDigest] Wrote summary to E:\OppRadar\rules\task-reports\2026-02\errors_summary_260223_003e.txt
>>> [RunTask] Step 7: Update Evidence with Verify Logs
>>> [RunTask] Step: Update Evidence
[Assembler] Reading inputs for Task 260223_003e from E:\OppRadar\rules\task-reports\2026-02...
[Assembler] DEBUG taskId="260223_003e" evidenceDir="E:\\OppRadar\\rules\\task-reports\\2026-02"
[Assembler] DEBUG attestationPath="E:\\OppRadar\\rules\\task-reports\\2026-02\\preflight_attestation_260223_003e.json"
[Assembler] Wrote notify file: E:\OppRadar\rules\task-reports\2026-02\notify_260223_003e.txt
[Assembler] Updated result JSON: E:\OppRadar\rules\task-reports\2026-02\result_260223_003e.json
[Extract Preview] Wrote preview to: E:\OppRadar\rules\task-reports\2026-02\gate_light_preview_260223_003e.txt
[Snippet Builder] Building report snippet for task 260223_003e...
[Snippet Builder] Wrote snippet to: E:\OppRadar\rules\task-reports\2026-02\trae_report_snippet_260223_003e.txt
[Snippet Builder] NOTE: Notify/Result/Index updates must be handled by the caller (dev_batch_mode).
[Assembler] Wrote preview compare: E:\OppRadar\rules\task-reports\2026-02\preview_cmp_260223_003e.txt
[Assembler] Wrote contract self-check: E:\OppRadar\rules\task-reports\2026-02\contract_self_check_260223_003e.txt
[Assembler] Updated notify with contract self-check: E:\OppRadar\rules\task-reports\2026-02\notify_260223_003e.txt
[Assembler] Updated result JSON after contract self-check: E:\OppRadar\rules\task-reports\2026-02\result_260223_003e.json
[Assembler] Wrote manifest: E:\OppRadar\rules\task-reports\2026-02\evidence_manifest_260223_003e.json
[Assembler] Wrote index: E:\OppRadar\rules\task-reports\2026-02\deliverables_index_260223_003e.json
[Postflight] Validating 260223_003e in E:\OppRadar\rules\task-reports\2026-02...
[Postflight] Running Evidence Smoke Test for 260223_003e...
[SmokeTest] Running Evidence Smoke Test for Task 260223_003e in E:\OppRadar\rules\task-reports\2026-02...
[SmokeTest] PASS: All 23 required files exist and manifest is valid.
[Postflight] Report: E:\OppRadar\rules\task-reports\2026-02\260223_003e.json
[Postflight] Envelope: E:\OppRadar\rules\task-reports\envelopes\260223_003e.envelope.json
[Postflight] PASS
[Extract Preview] Wrote preview to: E:\OppRadar\rules\task-reports\2026-02\gate_light_preview_260223_003e.txt
[Snippet Builder] Building report snippet for task 260223_003e...
[Snippet Builder] Wrote snippet to: E:\OppRadar\rules\task-reports\2026-02\trae_report_snippet_260223_003e.txt
[Snippet Builder] NOTE: Notify/Result/Index updates must be handled by the caller (dev_batch_mode).
[Postflight] Validating 260223_003e in E:\OppRadar\rules\task-reports\2026-02...
[Postflight] Running Evidence Smoke Test for 260223_003e...
[SmokeTest] Running Evidence Smoke Test for Task 260223_003e in E:\OppRadar\rules\task-reports\2026-02...
[SmokeTest] PASS: All 23 required files exist and manifest is valid.
[Postflight] Report: E:\OppRadar\rules\task-reports\2026-02\260223_003e.json
[Postflight] Envelope: E:\OppRadar\rules\task-reports\envelopes\260223_003e.envelope.json
[Postflight] PASS
[Assembler] SUCCESS: Assembled evidence for Task 260223_003e.
From https://github.com/dongyupeng2108-bot/OppOrder
 * branch              main       -> FETCH_HEAD
From https://github.com/dongyupeng2108-bot/OppOrder
 * branch              main       -> FETCH_HEAD
    Updated notify and index with Verify logs.
[State] ARCHIVING...
>>> [RunTask] Step 8: Archive & Lock
>>> [RunTask] Step 8.1: Evidence Smoke Test
>>> [RunTask] Step: Evidence Smoke Test
[SmokeTest] Running Evidence Smoke Test for Task 260223_003e in E:\OppRadar\rules\task-reports\2026-02...
[SmokeTest] PASS: All 23 required files exist and manifest is valid.
    Evidence Smoke Test PASS.
**********************
PowerShell transcript end
End time: 20260223145801
**********************
