[Gate Light] DEBUG: Checking LATEST.json at E:\OppRadar\rules\LATEST.json
[Gate Light] Target locked via argument: 260216_003
[Gate Light] LATEST.json consistency verified.
[Gate Light] Verifying task_id: 260216_003
[Gate Light] Running Automation Pack V1 Hard Guards...
[Gate Light] Report Block Check Passed: notify_260216_003.txt
[Gate Light] Report Block Check Passed: trae_report_snippet_260216_003.txt
[Gate Light] Preflight Attestation verified (Integrate Mode).
[Gate Light] Checking Open PR Guard Evidence...
[Gate Light] Open PR Guard verified (blocking_count=0).
[Gate Light] Checking Workspace Healer Evidence...
[Gate Light] Workspace Healer verified (Clean Environment).
[Gate Light] Checking CI Parity JSON Evidence...
[Gate Light] CI Parity JSON Evidence verified.
[Gate Light] Checking doc path standards...
[Gate Light] Doc path standards verified.
[Gate Light] Checking for legacy doc path references...
[CheckDocPathRefs] Scanning for legacy doc path references...
[CheckDocPathRefs] PASS: No legacy doc path references found.
[Gate Light] Checking for global healthcheck artifacts...
[Gate Light] Global Artifact Guard verified.
[Gate Light] Checking News Pull API Contract...
[Contract Check] Loading schema from: E:\OppRadar\OppRadar\contracts\news_pull_response.schema.json
[Contract Check] Validating Success Sample...
PASS
[Contract Check] Validating Error Sample...
PASS
[Contract Check] All samples validated against schema.
[Gate Light] Checking Rank V2 API Contract...
=== Rank V2 Contract Verification ===
Schema loaded.
Server already running.
Fetching http://localhost:53122/opportunities/rank_v2?provider=mock&limit=5&run_id=verify_rank_v2...
Received 5 items.
Validating against schema...
Schema Validation PASSED.
Response Hash: 80b9c00f
::set-output name=rank_v2_hash::80b9c00f
VERIFICATION_SUCCESS
[Gate Light] Checking Export V1 API Contract...
=== Export V1 Contract Verification ===
Schema loaded.
Server already running.
Generating Run assets via http://localhost:53122/scans/run...
Run assets generated. Run ID: scan_aea041fa7d63edee
Fetching Export: http://localhost:53122/opportunities/runs/export_v1?run_id=scan_aea041fa7d63edee...
Received Export JSON.
Validating against schema...
Export Schema Validation PASSED.
Export Hash: 0363c7dd
::set-output name=export_v1_hash::0363c7dd
EXPORT_CONTRACT_VERIFICATION_SUCCESS
[Gate Light] Checking Ledger V0 API Contract...
=== Ledger V0 Contract Verification ===
Schema loaded.
Server already running.
Fetching /opportunities/ledger/query_v0?limit=1...
Validating against schema...
Validation PASSED.
[Gate Light] Checking healthcheck evidence...
[Gate Light] Using evidence directory: E:\OppRadar\rules\task-reports\2026-02
[Gate Light] Healthcheck evidence verified (Path + Content).
[Gate Light] Checking DoD Evidence Excerpts...
[Gate Light] DoD Evidence Excerpts verified.
[Gate Light] Checking Deletion Audit (Locks & Runs)...
[Gate Light] Deletion Audit: No lock/index yet (Assuming Pre-Integrate or First Run in progress).
[Gate Light] Checking No Auto-Merge (Git Forbidden Commands)...
[Gate Light] No Auto-Merge verified.
[Gate Light] Checking Evidence Truth & Sufficiency (Hardening Rule)...
[Gate Light] Evidence Truth (Two-Pass) verified.
[Gate Light] Evidence Truth & Sufficiency verified.
[Gate Light] Checking CI Parity Preview...
[Gate Light] CI Parity Preview verified.
[Gate Light] Checking Workflow Hardening (NoHistoricalEvidenceTouch & SnippetCommitMustMatch)...
[Gate Light] Fetching origin/main history for diff context...
[Gate Light] Allowed legacy task_id (transition): 260216_002
[Gate Light] NoHistoricalEvidenceTouch verified.
[Gate Light] Snippet commit (88f1c1eabff620c1f25ec18e989a3198a068b4fc) != HEAD (88f1c1e). Checking for code drift...
[Gate Light] SnippetCommitMustMatch verified (Evidence/Docs-only update detected).
[Gate Light] SnippetCommitMustMatch verified.
[Gate Light] Checking GATE_LIGHT_EXIT Mechanism...
[Gate Light] GATE_LIGHT_EXIT Mechanism verified.
[Gate Light] Checking Evidence Truth & Consistency...
[Gate Light] Evidence Truth & Consistency verified.
[Gate Light] Checking Rank V2 Contract Version Guard...
[Gate Light] Base Commit: dc23a1d99d16901331a4f410f0be144db5663c47
[Gate Light] Schema Unchanged (3bd83a08). Version check skipped.
[Gate Light] Rank V2 Contract Version Guard PASS
[Gate Light] Checking Immutable Integrate & SafeCmd Enforcement...
[Gate Light] Immutable Integrate & SafeCmd Enforcement verified.
[Gate Light] Checking Two-Pass Evidence Truth & No Auto-Merge...
[Gate Light] Two-Pass Evidence Truth & No Auto-Merge verified.
[Gate Light] Executing: node scripts/postflight_validate_envelope.mjs --task_id 260216_003 --result_dir E:\OppRadar\rules\task-reports\2026-02 --report_dir E:\OppRadar\rules\task-reports\2026-02
[Postflight] Validating 260216_003 in E:\OppRadar\rules\task-reports\2026-02...
[Postflight] Report: E:\OppRadar\rules\task-reports\2026-02\260216_003.json
[Postflight] Envelope: E:\OppRadar\rules\task-reports\envelopes\260216_003.envelope.json
[Postflight] PASS
[Gate Light] PASS
GATE_LIGHT_EXIT=0
[Postflight] Validating 260216_003 in E:\OppRadar\rules\task-reports\2026-02...
[Postflight] Report: E:\OppRadar\rules\reports\postflight\260216_003.json
[Postflight] Envelope: E:\OppRadar\rules\reports\envelopes\260216_003.envelope.json
[Postflight] PASS
