{"ts":"2026-04-01T18:31:57.037Z","event":"HEARTBEAT","stage":"main_begin","task_id":"260330_031","sample":"cancel_decision_emission_fix_v1","allowed_samples":["cancel_decision_emission_fix_v1"],"heartbeat_log":"E:\\OppRadar\\rules\\task-reports\\2026-04\\260330_031_truth_audit_cancel_decision_emission_fix.heartbeat.log"}
{"ts":"2026-04-01T18:31:57.039Z","event":"HEARTBEAT","stage":"start_server_begin","port":53231}
{"ts":"2026-04-01T18:31:57.049Z","event":"HEARTBEAT","stage":"wait_server_ready","elapsed_ms":0,"timeout_ms":45000}
{"ts":"2026-04-01T18:31:57.372Z","event":"HEARTBEAT","stage":"start_server_ready","port":53231}
{"ts":"2026-04-01T18:31:57.378Z","event":"HEARTBEAT","stage":"down_scenario_begin","inject_restart":true}
{"ts":"2026-04-01T18:31:58.153Z","event":"HEARTBEAT","stage":"down_scenario_wait_band","inject_restart":true,"remaining_sec":181,"window_id":"btc-updown-5m-1775068200"}
{"ts":"2026-04-01T18:32:23.183Z","event":"HEARTBEAT","stage":"down_scenario_wait_band","inject_restart":true,"remaining_sec":156,"window_id":"btc-updown-5m-1775068200"}
{"ts":"2026-04-01T18:32:48.300Z","event":"HEARTBEAT","stage":"down_scenario_wait_band","inject_restart":true,"remaining_sec":131,"window_id":"btc-updown-5m-1775068200"}
{"ts":"2026-04-01T18:33:14.465Z","event":"HEARTBEAT","stage":"down_scenario_wait_band","inject_restart":true,"remaining_sec":105,"window_id":"btc-updown-5m-1775068200"}
{"ts":"2026-04-01T18:33:39.624Z","event":"HEARTBEAT","stage":"down_scenario_running","inject_restart":true,"elapsed_ms":102246,"iteration":13,"remaining_sec":80,"tracked_no_order_id":"paper_d8f0ceb2","threshold_crossed":false}
{"ts":"2026-04-01T18:34:00.081Z","event":"HEARTBEAT","stage":"down_scenario_early_exit","inject_restart":true,"exit_code":"EARLY_EXIT_PASS_EVIDENCE_READY","tracked_no_order_id":"paper_d8f0ceb2"}
{"ts":"2026-04-01T18:34:00.086Z","event":"HEARTBEAT","stage":"down_scenario_end","inject_restart":true,"exit_code":"EARLY_EXIT_PASS_EVIDENCE_READY","tracked_no_order_id":"paper_d8f0ceb2","cancel_open_no_emitted":true,"cancel_execution_seen":true}
{"ts":"2026-04-01T18:34:00.086Z","event":"HEARTBEAT","stage":"down_scenario_begin","inject_restart":false}
{"ts":"2026-04-01T18:34:00.368Z","event":"HEARTBEAT","stage":"down_scenario_wait_band","inject_restart":false,"remaining_sec":59,"window_id":"btc-updown-5m-1775068200"}
{"ts":"2026-04-01T18:34:25.422Z","event":"HEARTBEAT","stage":"down_scenario_wait_band","inject_restart":false,"remaining_sec":34,"window_id":"btc-updown-5m-1775068200"}
{"ts":"2026-04-01T18:34:51.047Z","event":"HEARTBEAT","stage":"down_scenario_wait_band","inject_restart":false,"remaining_sec":8,"window_id":"btc-updown-5m-1775068200"}
{"ts":"2026-04-01T18:35:16.394Z","event":"HEARTBEAT","stage":"down_scenario_wait_band","inject_restart":false,"remaining_sec":283,"window_id":"btc-updown-5m-1775068500"}
{"ts":"2026-04-01T18:35:41.599Z","event":"HEARTBEAT","stage":"down_scenario_wait_band","inject_restart":false,"remaining_sec":258,"window_id":"btc-updown-5m-1775068500"}
{"ts":"2026-04-01T18:36:07.766Z","event":"HEARTBEAT","stage":"down_scenario_wait_band","inject_restart":false,"remaining_sec":232,"window_id":"btc-updown-5m-1775068500"}
{"ts":"2026-04-01T18:36:33.888Z","event":"HEARTBEAT","stage":"down_scenario_wait_band","inject_restart":false,"remaining_sec":206,"window_id":"btc-updown-5m-1775068500"}
{"ts":"2026-04-01T18:36:59.309Z","event":"HEARTBEAT","stage":"down_scenario_wait_band","inject_restart":false,"remaining_sec":180,"window_id":"btc-updown-5m-1775068500"}
{"ts":"2026-04-01T18:37:24.444Z","event":"HEARTBEAT","stage":"down_scenario_wait_band","inject_restart":false,"remaining_sec":155,"window_id":"btc-updown-5m-1775068500"}
{"ts":"2026-04-01T18:37:50.628Z","event":"HEARTBEAT","stage":"down_scenario_wait_band","inject_restart":false,"remaining_sec":129,"window_id":"btc-updown-5m-1775068500"}
{"ts":"2026-04-01T18:38:15.629Z","event":"HEARTBEAT","stage":"down_scenario_wait_band","inject_restart":false,"remaining_sec":104,"window_id":"btc-updown-5m-1775068500"}
{"ts":"2026-04-01T18:38:41.303Z","event":"HEARTBEAT","stage":"down_scenario_running","inject_restart":false,"elapsed_ms":281217,"iteration":14,"remaining_sec":78,"tracked_no_order_id":"paper_85d4759f","threshold_crossed":false}
{"ts":"2026-04-01T18:39:01.083Z","event":"HEARTBEAT","stage":"down_scenario_early_exit","inject_restart":false,"exit_code":"EARLY_EXIT_PASS_EVIDENCE_READY","tracked_no_order_id":"paper_85d4759f"}
{"ts":"2026-04-01T18:39:01.091Z","event":"HEARTBEAT","stage":"down_scenario_end","inject_restart":false,"exit_code":"EARLY_EXIT_PASS_EVIDENCE_READY","tracked_no_order_id":"paper_85d4759f","cancel_open_no_emitted":true,"cancel_execution_seen":true}
VERIFY_OUTPUT=E:\OppRadar\rules\task-reports\2026-04\260330_031_truth_audit_cancel_decision_emission_fix.json
VERIFY_LOG=E:\OppRadar\rules\task-reports\2026-04\260330_031_truth_audit_cancel_decision_emission_fix.log
{"pass":true,"verdict":"A锛氶€氳繃","first_break_layer":"NONE_CHAIN_PASS","pre_fix_cancel_open_no_emitted":false,"post_fix_cancel_open_no_emitted":true,"post_fix_cancel_execution_seen":true}
