[Gate Light] DEBUG: Checking LATEST.json at E:\OppRadar\rules\LATEST.json
[Gate Light] Target locked via argument: 260405_010
PR_TASK_ID_DETECTED=260405_010
TARGET_TASK_ID=260405_010
LATEST_TASK_ID=260405_010
[Gate Light] LATEST.json consistency verified.
[Gate Light] TASK_PROFILE=heavy
[Gate Light] TASK_DOMAIN=btcqdd
[Gate Light] DOMAIN_PACKS=["btcqdd_core"]
[Gate Light] Verifying task_id: 260405_010
[Gate Light] Running Automation Pack V1 Hard Guards...
[Gate Light] Report Block Check Passed: notify_260405_010.txt
[Gate Light] Report Block Check Passed: trae_report_snippet_260405_010.txt
[Gate Light] Header Check Passed: TraeTask_260405_010
[Gate Light] Checking Workspace Healer Evidence...
[Gate Light] Workspace Healer verified (Clean Environment).
[Gate Light] Skipping Error Digest Validation (Preview Mode).
[Gate Light] Checking doc path standards...
[Gate Light] Doc path standards verified.
[Gate Light] Checking for legacy doc path references...
[CheckDocPathRefs] Scanning for legacy doc path references...
[CheckDocPathRefs] PASS: No legacy doc path references found.
[Gate Light] Checking for banned cmd syntax in PowerShell scripts...
Starting static scan for banned cmd syntax in .ps1 files...
Scanning targets: scripts/run_task.ps1, scripts/test_fail_budget.ps1, scripts/ps/Invoke-Step.ps1
Static scan PASSED.
[Gate Light] Checking for global healthcheck artifacts...
[Gate Light] Global Artifact Guard verified.
[Gate Light] DOMAIN_SKIP: opportunities contract pack skipped (domain=btcqdd).
[Gate Light] DOMAIN_SKIP_CHECKS: news/rank/export/ledger/scanner/universe/trading
[Gate Light] Checking healthcheck evidence...
[Gate Light] Using evidence directory: rules\task-reports\2026-04
[Gate Light] Healthcheck evidence verified (Path + Content).
[Gate Light] Skipping DoD Evidence Excerpt Check (Preview Mode).
[Gate Light] Checking Deletion Audit (Locks & Runs)...
[Gate Light] Deletion Audit: No lock/index yet (Assuming Pre-Integrate or First Run in progress).
[Gate Light] Checking No Auto-Merge (Git Forbidden Commands)...
[Gate Light] No Auto-Merge verified.
[Gate Light] Checking Workflow Hardening (NoHistoricalEvidenceTouch & SnippetCommitMustMatch)...
[Gate Light] Allowed legacy task_id (transition): 260405_009
[Gate Light] NoHistoricalEvidenceTouch verified.
SNIPPET_GIT_STRATEGY=local_first
[Gate Light] Skipping SnippetCommitMustMatch check (Preview Mode).
[Gate Light] DOMAIN_SKIP: Rank V2 Contract Version Guard skipped (domain=btcqdd).
[Gate Light] Checking Heavy Mandatory Evidence...

[Gate Light] FAILED: Heavy mandatory evidence incomplete.
  heavy_mode=business
  has_first_break_layer=true
  has_fail_to_pass=true
  has_real_runtime=true
  has_non_regression=false
  server_touched=false (healthcheck not mandatory for this run).
GATE_LIGHT_EXIT=1
