[Gate Light] DEBUG: Checking LATEST.json at E:\OppRadar\rules\LATEST.json
[Gate Light] Target locked via argument: 260406_032
PR_TASK_ID_DETECTED=260406_032
TARGET_TASK_ID=260406_032
LATEST_TASK_ID=260406_032
[Gate Light] LATEST.json consistency verified.
[Gate Light] TASK_PROFILE=heavy
[Gate Light] TASK_DOMAIN=btcqdd
[Gate Light] DOMAIN_PACKS=["btcqdd_core"]
[Gate Light] Verifying task_id: 260406_032
[Gate Light] Running Automation Pack V1 Hard Guards...
[Gate Light] Report Block Check Passed: notify_260406_032.txt
[Gate Light] Report Block Check Passed: trae_report_snippet_260406_032.txt
[Gate Light] Header Check Passed: TraeTask_260406_032
[Gate Light] Checking Workspace Healer Evidence...
[Gate Light] Workspace Healer verified (Clean Environment).
[Gate Light] Skipping Error Digest Validation (Preview Mode).
[Gate Light] Checking doc path standards...
[Gate Light] Doc path standards verified.
[Gate Light] Checking for legacy doc path references...
[CheckDocPathRefs] Scanning for legacy doc path references...
[CheckDocPathRefs] PASS: No legacy doc path references found.
[Gate Light] Checking for banned cmd syntax in PowerShell scripts...
Starting static scan for banned cmd syntax in .ps1 files...
Scanning targets: scripts/run_task.ps1, scripts/test_fail_budget.ps1, scripts/ps/Invoke-Step.ps1
Static scan PASSED.
[Gate Light] Checking for global healthcheck artifacts...
[Gate Light] Global Artifact Guard verified.
[Gate Light] DOMAIN_SKIP: opportunities contract pack skipped (domain=btcqdd).
[Gate Light] DOMAIN_SKIP_CHECKS: news/rank/export/ledger/scanner/universe/trading
[Gate Light] Checking healthcheck evidence...
[Gate Light] Using evidence directory: rules\task-reports\2026-04
[Gate Light] Healthcheck evidence verified (Path + Content).
[Gate Light] Skipping DoD Evidence Excerpt Check (Preview Mode).
[Gate Light] Checking Deletion Audit (Locks & Runs)...
[Gate Light] Deletion Audit: No lock/index yet (Assuming Pre-Integrate or First Run in progress).
[Gate Light] Checking No Auto-Merge (Git Forbidden Commands)...
[Gate Light] No Auto-Merge verified.
[Gate Light] Checking Workflow Hardening (NoHistoricalEvidenceTouch & SnippetCommitMustMatch)...
[Gate Light] Allowed legacy task_id (transition): 260406_030
[Gate Light] NoHistoricalEvidenceTouch verified.
SNIPPET_GIT_STRATEGY=local_first
[Gate Light] Skipping SnippetCommitMustMatch check (Preview Mode).
[Gate Light] DOMAIN_SKIP: Rank V2 Contract Version Guard skipped (domain=btcqdd).
[Gate Light] Checking Heavy Mandatory Evidence...
[Gate Light] Heavy mandatory evidence verified.
[Gate Light] Checking Immutable Integrate & SafeCmd Enforcement...
[Gate Light] Immutable Integrate & SafeCmd Enforcement verified.
[Gate Light] Checking Scope Lock...
[Gate Light] WARN: No scope_lock file found. Skipping scope lock check (backward compatible).
[Gate Light] BTCQDD Healthcheck: PASS
[Gate Light] Skipping Postflight Envelope Validation (Preview Mode).
[Gate Light] PASS
GATE_LIGHT_EXIT=0

GATE_LIGHT_EXIT=0
